<html>
<body>
<pre>
<h1>µVision Build Log</h1>
<h2>Tool Versions:</h2>
IDE-Version: µVision V5.39.0.0
Copyright (C) 2023 ARM Ltd and ARM Germany GmbH. All rights reserved.
License Information: n PHUOC, n, LIC=----
 
Tool Versions:
Toolchain:       MDK-Lite  Version: 5.39.0.0
Toolchain Path:  C:\Keil_v5\ARM\ARM_Compiler_5.06u7\Bin
C Compiler:      Armcc.exe V5.06 update 7 (build 960)
Assembler:       Armasm.exe V5.06 update 7 (build 960)
Linker/Locator:  ArmLink.exe V5.06 update 7 (build 960)
Library Manager: ArmAr.exe V5.06 update 7 (build 960)
Hex Converter:   FromElf.exe V5.06 update 7 (build 960)
CPU DLL:         SARMCM3.DLL V5.39.0.0
Dialog DLL:      DARMCM1.DLL V1.19.6.0
Target DLL:      PEMicro\Pemicro_ArmCortexInterface.dll V1.3.0.0
Dialog DLL:      TARMCM1.DLL V1.14.6.0
 
<h2>Project:</h2>
C:\Hoc\code\ecompass\FRDM-KL46Z-E-compass\LCD.uvprojx
Project File Date:  06/05/2024

<h2>Output:</h2>
*** Using Compiler 'V5.06 update 7 (build 960)', folder: 'C:\Keil_v5\ARM\ARM_Compiler_5.06u7\Bin'
Rebuild target 'Target 1'
compiling peripherals.c...
compiling slcd.c...
slcd.h(54): warning:  #1-D: last line of file ends without a newline
  #endif
slcd.c(291): warning:  #1-D: last line of file ends without a newline
  }                                                                                                                         
slcd.c: 2 warnings, 0 errors
compiling mag.c...
i2c.h(12): warning:  #1-D: last line of file ends without a newline
  #endif
mag.h(33): warning:  #1295-D: Deprecated declaration Magnetometer_Acq - give arg types
  void Magnetometer_Acq();
mag.h(34): warning:  #1295-D: Deprecated declaration Magnetometer_Cal - give arg types
  void Magnetometer_Cal();
mag.h(35): warning:  #1295-D: Deprecated declaration Magnetometer_Run - give arg types
  void Magnetometer_Run();
mag.h(37): warning:  #1-D: last line of file ends without a newline
  #endif
slcd.h(54): warning:  #1-D: last line of file ends without a newline
  #endif
mag.c(12): warning:  #550-D: variable "flag_device_id_match"  was set but never used
  	int flag_device_id_match = 0;
mag.c(14): warning:  #177-D: variable "control_reg2"  was declared but never referenced
  	unsigned char control_reg2;
mag.c(125): warning:  #1-D: last line of file ends without a newline
  }
mag.c(92): warning:  #177-D: variable "TEMP_ANGLE1"  was declared but never referenced
  	int loop_count = 0;float TEMP_ANGLE1;short int TEMP_ANGLE;
mag.c(92): warning:  #177-D: variable "TEMP_ANGLE"  was declared but never referenced
  	int loop_count = 0;float TEMP_ANGLE1;short int TEMP_ANGLE;
mag.c: 11 warnings, 0 errors
compiling fsl_ftfx_cache.c...
C:/Users/PHUOC/AppData/Local/Arm/Packs/NXP/MKL46Z4_DFP/10.0.3/drivers/fsl_ftfx_controller.h(167): warning:  #66-D: enumeration value is out of "int" range
      kFTFx_SecurityStateNotSecure = 0xc33cc33cU,       /*!< Flash is not secure.*/
C:/Users/PHUOC/AppData/Local/Arm/Packs/NXP/MKL46Z4_DFP/10.0.3/drivers/fsl_ftfx_cache.c: 1 warning, 0 errors
compiling clock_config.c...
compiling i2c.c...
i2c.h(12): warning:  #1-D: last line of file ends without a newline
  #endif
delay.h(9): warning:  #1-D: last line of file ends without a newline
  #endif
i2c.c(41): warning:  #550-D: variable "dummy_read"  was set but never used
  		unsigned char dummy_read = 0;
i2c.c(94): warning:  #550-D: variable "dummy_data"  was set but never used
  		unsigned char dummy_data = 0;
i2c.c(222): warning:  #1-D: last line of file ends without a newline
  }
i2c.c: 5 warnings, 0 errors
compiling main.c...
slcd.h(54): warning:  #1-D: last line of file ends without a newline
  #endif
mag.h(33): warning:  #1295-D: Deprecated declaration Magnetometer_Acq - give arg types
  void Magnetometer_Acq();
mag.h(34): warning:  #1295-D: Deprecated declaration Magnetometer_Cal - give arg types
  void Magnetometer_Cal();
mag.h(35): warning:  #1295-D: Deprecated declaration Magnetometer_Run - give arg types
  void Magnetometer_Run();
mag.h(37): warning:  #1-D: last line of file ends without a newline
  #endif
i2c.h(12): warning:  #1-D: last line of file ends without a newline
  #endif
main.c(287): warning:  #167-D: argument of type "unsigned char *" is incompatible with parameter of type "char *__restrict__"
              		snprintf(ucaryLCDMsg,5,"%4d",ANGLE);
main.c: 7 warnings, 0 errors
compiling board.c...
compiling fsl_common.c...
compiling pin_mux.c...
compiling fsl_clock.c...
compiling fsl_ftfx_controller.c...
C:/Users/PHUOC/AppData/Local/Arm/Packs/NXP/MKL46Z4_DFP/10.0.3/drivers/fsl_ftfx_controller.h(167): warning:  #66-D: enumeration value is out of "int" range
      kFTFx_SecurityStateNotSecure = 0xc33cc33cU,       /*!< Flash is not secure.*/
C:/Users/PHUOC/AppData/Local/Arm/Packs/NXP/MKL46Z4_DFP/10.0.3/drivers/fsl_ftfx_controller.c: 1 warning, 0 errors
compiling fsl_gpio.c...
compiling fsl_ftfx_flash.c...
C:/Users/PHUOC/AppData/Local/Arm/Packs/NXP/MKL46Z4_DFP/10.0.3/drivers/fsl_ftfx_controller.h(167): warning:  #66-D: enumeration value is out of "int" range
      kFTFx_SecurityStateNotSecure = 0xc33cc33cU,       /*!< Flash is not secure.*/
C:/Users/PHUOC/AppData/Local/Arm/Packs/NXP/MKL46Z4_DFP/10.0.3/drivers/fsl_ftfx_flash.c: 1 warning, 0 errors
compiling fsl_ftfx_flexnvm.c...
C:/Users/PHUOC/AppData/Local/Arm/Packs/NXP/MKL46Z4_DFP/10.0.3/drivers/fsl_ftfx_controller.h(167): warning:  #66-D: enumeration value is out of "int" range
      kFTFx_SecurityStateNotSecure = 0xc33cc33cU,       /*!< Flash is not secure.*/
C:/Users/PHUOC/AppData/Local/Arm/Packs/NXP/MKL46Z4_DFP/10.0.3/drivers/fsl_ftfx_flexnvm.c: 1 warning, 0 errors
compiling fsl_i2c.c...
compiling fsl_lpsci.c...
assembling startup_MKL46Z4.s...
compiling fsl_smc.c...
C:/Users/PHUOC/AppData/Local/Arm/Packs/NXP/MKL46Z4_DFP/10.0.3/drivers/fsl_ftfx_controller.h(167): warning:  #66-D: enumeration value is out of "int" range
      kFTFx_SecurityStateNotSecure = 0xc33cc33cU,       /*!< Flash is not secure.*/
C:/Users/PHUOC/AppData/Local/Arm/Packs/NXP/MKL46Z4_DFP/10.0.3/drivers/fsl_smc.c: 1 warning, 0 errors
compiling fsl_io.c...
compiling fsl_assert.c...
compiling fsl_debug_console.c...
compiling fsl_uart.c...
compiling fsl_log.c...
compiling system_MKL46Z4.c...
compiling fsl_str.c...
linking...
.\Objects\LCD.axf: Warning: L6914W: option ro-base ignored when using --scatter.
.\Objects\LCD.axf: Warning: L6914W: option rw-base ignored when using --scatter.
.\Objects\LCD.axf: Warning: L6340W: options first and last are ignored for link type of scattered
Program Size: Code=13600 RO-data=1468 RW-data=168 ZI-data=2060  
Finished: 0 information, 3 warning and 0 error messages.
".\Objects\LCD.axf" - 0 Error(s), 33 Warning(s).

<h2>Software Packages used:</h2>

Package Vendor: ARM
                http://www.keil.com/pack/ARM.CMSIS.5.9.0.pack
                ARM::CMSIS@5.9.0
                CMSIS (Common Microcontroller Software Interface Standard)
   * Component: CORE Version: 5.6.0

Package Vendor: NXP
                https://mcuxpresso.nxp.com/cmsis_pack/repo/NXP.FRDM-KL46Z_BSP.10.0.3.pack
                NXP::FRDM-KL46Z_BSP@10.0.3
                Board Support Pack for FRDM-KL46Z
   * Component: project_template Variant: frdmkl46z Version: 1.0.0

Package Vendor: NXP
                http://mcuxpresso.nxp.com/cmsis_pack/repo/NXP.MKL46Z4_DFP.10.0.3.pack
                NXP::MKL46Z4_DFP@10.0.3
                Device Family Pack for MKL46Z4
   * Component: clock Version: 2.1.0
   * Component: common Version: 2.0.0
   * Component: flash Version: 3.0.0
   * Component: gpio Version: 2.2.1
   * Component: i2c Version: 2.0.5
   * Component: lpsci Version: 2.0.4
   * Component: port Version: 2.0.2
   * Component: smc Version: 2.0.3
   * Component: uart Version: 2.1.5
   * Component: assert Version: 1.0.0
   * Component: debug_console Version: 1.0.0
   * Component: Startup Version: 1.0.0

<h2>Collection of Component include folders:</h2>
  ./RTE/Board_Support/MKL46Z256VLL4
  ./RTE/Device/MKL46Z256VLL4
  ./RTE/_Target_1
  C:/Users/PHUOC/AppData/Local/Arm/Packs/ARM/CMSIS/5.9.0/CMSIS/Core/Include
  C:/Users/PHUOC/AppData/Local/Arm/Packs/NXP/MKL46Z4_DFP/10.0.3/drivers
  C:/Users/PHUOC/AppData/Local/Arm/Packs/NXP/MKL46Z4_DFP/10.0.3/utilities
  C:/Users/PHUOC/AppData/Local/Arm/Packs/NXP/MKL46Z4_DFP/10.0.3/utilities/io
  C:/Users/PHUOC/AppData/Local/Arm/Packs/NXP/MKL46Z4_DFP/10.0.3/utilities/log
  C:/Users/PHUOC/AppData/Local/Arm/Packs/NXP/MKL46Z4_DFP/10.0.3/utilities/str

<h2>Collection of Component Files used:</h2>

   * Component: ARM::CMSIS:CORE@5.6.0

   * Component: NXP::Board Support:SDK Project Template:project_template&frdmkl46z@1.0.0
      Source file:   project_template/peripherals.c
      Include file:  project_template/clock_config.h
      Include file:  project_template/board.h
      Source file:   project_template/board.c
      Include file:  project_template/peripherals.h
      Source file:   project_template/pin_mux.c
      Include file:  project_template/pin_mux.h
      Source file:   project_template/clock_config.c

   * Component: NXP::Device:SDK Drivers:clock@2.1.0
      Source file:   drivers/fsl_clock.c
      Include file:  drivers/fsl_clock.h

   * Component: NXP::Device:SDK Drivers:common@2.0.0
      Include file:  drivers/fsl_common.h
      Source file:   drivers/fsl_common.c

   * Component: NXP::Device:SDK Drivers:flash@3.0.0
      Include file:  drivers/fsl_ftfx_adapter.h
      Include file:  drivers/fsl_ftfx_flexnvm.h
      Source file:   drivers/fsl_ftfx_flexnvm.c
      Include file:  drivers/fsl_ftfx_features.h
      Source file:   drivers/fsl_ftfx_cache.c
      Source file:   drivers/fsl_ftfx_flash.c
      Include file:  drivers/fsl_flash.h
      Source file:   drivers/fsl_ftfx_controller.c
      Include file:  drivers/fsl_ftfx_utilities.h
      Include file:  drivers/fsl_ftfx_controller.h
      Include file:  drivers/fsl_ftfx_cache.h
      Include file:  drivers/fsl_ftfx_flash.h

   * Component: NXP::Device:SDK Drivers:gpio@2.2.1
      Include file:  drivers/fsl_gpio.h
      Source file:   drivers/fsl_gpio.c

   * Component: NXP::Device:SDK Drivers:i2c@2.0.5
      Source file:   drivers/fsl_i2c.c
      Include file:  drivers/fsl_i2c.h

   * Component: NXP::Device:SDK Drivers:lpsci@2.0.4
      Include file:  drivers/fsl_lpsci.h
      Source file:   drivers/fsl_lpsci.c

   * Component: NXP::Device:SDK Drivers:port@2.0.2
      Include file:  drivers/fsl_port.h

   * Component: NXP::Device:SDK Drivers:smc@2.0.3
      Source file:   drivers/fsl_smc.c
      Include file:  drivers/fsl_smc.h

   * Component: NXP::Device:SDK Drivers:uart@2.1.5
      Include file:  drivers/fsl_uart.h
      Source file:   drivers/fsl_uart.c

   * Component: NXP::Device:SDK Utilities:assert@1.0.0
      Source file:   utilities/fsl_assert.c

   * Component: NXP::Device:SDK Utilities:debug_console@1.0.0
      Source file:   utilities/fsl_debug_console.c
      Include file:  utilities/fsl_debug_console.h
      Include file:  utilities/fsl_debug_console_conf.h
      Include file:  utilities/log/fsl_log.h
      Source file:   utilities/str/fsl_str.c
      Include file:  utilities/str/fsl_str.h
      Source file:   utilities/io/fsl_io.c
      Include file:  utilities/io/fsl_io.h
      Source file:   utilities/log/fsl_log.c

   * Component: NXP::Device:Startup@1.0.0
      Source file:   system_MKL46Z4.c
      Include file:  MKL46Z4_features.h
      Include file:  system_MKL46Z4.h
      Source file:   arm/startup_MKL46Z4.s
      Include file:  MKL46Z4.h
      Include file:  fsl_device_registers.h
Build Time Elapsed:  00:00:03
</pre>
</body>
</html>
