Component: ARM Compiler 5.06 update 7 (build 960) Tool: armlink [4d3601]

==============================================================================

Section Cross References

    slcd.o(i.SLCD_EnablePins) refers to slcd.o(.constdata) for WF_ORDERING_TABLE
    slcd.o(i.SLCD_Init) refers to slcd.o(i.SLCD_EnablePins) for SLCD_EnablePins
    slcd.o(i.SLCD_WriteChar) refers to slcd.o(.data) for bLCD_CharPosition
    slcd.o(i.SLCD_WriteChar) refers to slcd.o(.constdata) for WF_ORDERING_TABLE
    slcd.o(i.SLCD_WriteMsg) refers to slcd.o(i.SLCD_WriteChar) for SLCD_WriteChar
    slcd.o(i.SLCD_WriteMsg) refers to slcd.o(.data) for bLCD_CharPosition
    main.o(i.PORTC_PORTD_IRQHandler) refers to main.o(.data) for bSW1Pressed
    main.o(i.TIMER_Init) refers to aeabi_sdiv.o(.text) for __aeabi_idivmod
    main.o(i.TIMER_Init) refers to main.o(.data) for prescalar_factor
    main.o(i.TPM0_IRQHandler) refers to main.o(.data) for bIsTimerExpired
    main.o(i.main) refers to _printf_pad.o(.text) for _printf_pre_padding
    main.o(i.main) refers to _printf_percent.o(.ARM.Collect$$_printf_percent$$00000000) for _printf_percent
    main.o(i.main) refers to _printf_d.o(.ARM.Collect$$_printf_percent$$00000009) for _printf_d
    main.o(i.main) refers to _printf_dec.o(.text) for _printf_int_dec
    main.o(i.main) refers to slcd.o(i.SLCD_Init) for SLCD_Init
    main.o(i.main) refers to pin_mux.o(i.BOARD_InitPins) for BOARD_InitPins
    main.o(i.main) refers to clock_config.o(i.BOARD_BootClockRUN) for BOARD_BootClockRUN
    main.o(i.main) refers to board.o(i.BOARD_InitDebugConsole) for BOARD_InitDebugConsole
    main.o(i.main) refers to main.o(i.LED_Init) for LED_Init
    main.o(i.main) refers to main.o(i.SWITCH_Init) for SWITCH_Init
    main.o(i.main) refers to main.o(i.TIMER_Init) for TIMER_Init
    main.o(i.main) refers to i2c.o(i.I2C0_Init) for I2C0_Init
    main.o(i.main) refers to main.o(i.__NVIC_EnableIRQ) for __NVIC_EnableIRQ
    main.o(i.main) refers to slcd.o(i.SLCD_WriteMsg) for SLCD_WriteMsg
    main.o(i.main) refers to i2c.o(i.I2C_SingleByteRead) for I2C_SingleByteRead
    main.o(i.main) refers to mag.o(i.Magnetometer_Run) for Magnetometer_Run
    main.o(i.main) refers to noretval__2snprintf.o(.text) for __2snprintf
    main.o(i.main) refers to mag.o(i.Magnetometer_Init) for Magnetometer_Init
    main.o(i.main) refers to mag.o(i.Magnetometer_Acq) for Magnetometer_Acq
    main.o(i.main) refers to mag.o(i.Magnetometer_Cal) for Magnetometer_Cal
    main.o(i.main) refers to main.o(.data) for bSW3Pressed
    i2c.o(i.I2C_MultipleByteRead) refers to i2c.o(i.delay) for delay
    i2c.o(i.I2C_MultipleByteRead) refers to main.o(.data) for DATA_READ
    i2c.o(i.I2C_MultipleByteWrite) refers to i2c.o(i.delay) for delay
    i2c.o(i.I2C_SingleByteRead) refers to i2c.o(i.delay) for delay
    i2c.o(i.I2C_SingleByteWrite) refers to i2c.o(i.delay) for delay
    mag.o(i.Magnetometer_Acq) refers to i2c.o(i.I2C_MultipleByteRead) for I2C_MultipleByteRead
    mag.o(i.Magnetometer_Acq) refers to main.o(.data) for DATA_READ
    mag.o(i.Magnetometer_Cal) refers to main.o(.data) for MAG_DATA_MAX_AXIS
    mag.o(i.Magnetometer_Init) refers to i2c.o(i.I2C_SingleByteRead) for I2C_SingleByteRead
    mag.o(i.Magnetometer_Init) refers to slcd.o(i.SLCD_WriteMsg) for SLCD_WriteMsg
    mag.o(i.Magnetometer_Init) refers to i2c.o(i.I2C_MultipleByteWrite) for I2C_MultipleByteWrite
    mag.o(i.Magnetometer_Run) refers to i2c.o(i.I2C_MultipleByteRead) for I2C_MultipleByteRead
    mag.o(i.Magnetometer_Run) refers to dflti.o(.text) for __aeabi_i2d
    mag.o(i.Magnetometer_Run) refers to ddiv.o(.text) for __aeabi_ddiv
    mag.o(i.Magnetometer_Run) refers to atan.o(i.atan) for atan
    mag.o(i.Magnetometer_Run) refers to dmul.o(.text) for __aeabi_dmul
    mag.o(i.Magnetometer_Run) refers to daddsub.o(.text) for __aeabi_drsub
    mag.o(i.Magnetometer_Run) refers to dfixi.o(.text) for __aeabi_d2iz
    mag.o(i.Magnetometer_Run) refers to main.o(.data) for DATA_READ
    led.o(i.PORTC_PORTD_IRQHandler) refers to led.o(i.reset_system_state) for reset_system_state
    led.o(i.PORTC_PORTD_IRQHandler) refers to led.o(.data) for system_active
    led.o(i.SysTick_Handler) refers to led.o(.data) for msTicks
    led.o(i.main) refers to led.o(i.initLed) for initLed
    led.o(i.main) refers to led.o(i.initSwitch) for initSwitch
    led.o(i.main) refers to led.o(i.init_systick_interupt) for init_systick_interupt
    led.o(i.reset_system_state) refers to led.o(.data) for system_active
    board.o(i.BOARD_InitDebugConsole) refers to fsl_clock.o(i.CLOCK_GetPllFllSelClkFreq) for CLOCK_GetPllFllSelClkFreq
    board.o(i.BOARD_InitDebugConsole) refers to fsl_debug_console.o(i.DbgConsole_Init) for DbgConsole_Init
    clock_config.o(i.BOARD_BootClockRUN) refers to fsl_clock.o(i.CLOCK_InitOsc0) for CLOCK_InitOsc0
    clock_config.o(i.BOARD_BootClockRUN) refers to clock_config.o(i.CLOCK_CONFIG_SetFllExtRefDiv) for CLOCK_CONFIG_SetFllExtRefDiv
    clock_config.o(i.BOARD_BootClockRUN) refers to fsl_clock.o(i.CLOCK_BootToPeeMode) for CLOCK_BootToPeeMode
    clock_config.o(i.BOARD_BootClockRUN) refers to fsl_clock.o(i.CLOCK_SetInternalRefClkConfig) for CLOCK_SetInternalRefClkConfig
    clock_config.o(i.BOARD_BootClockRUN) refers to fsl_clock.o(i.CLOCK_SetSimConfig) for CLOCK_SetSimConfig
    clock_config.o(i.BOARD_BootClockRUN) refers to clock_config.o(.constdata) for oscConfig_BOARD_BootClockRUN
    clock_config.o(i.BOARD_BootClockRUN) refers to fsl_clock.o(.data) for g_xtal0Freq
    clock_config.o(i.BOARD_BootClockRUN) refers to system_mkl46z4.o(.data) for SystemCoreClock
    clock_config.o(i.BOARD_BootClockVLPR) refers to fsl_clock.o(i.CLOCK_BootToBlpiMode) for CLOCK_BootToBlpiMode
    clock_config.o(i.BOARD_BootClockVLPR) refers to fsl_clock.o(i.CLOCK_SetSimConfig) for CLOCK_SetSimConfig
    clock_config.o(i.BOARD_BootClockVLPR) refers to fsl_smc.o(i.SMC_SetPowerModeVlpr) for SMC_SetPowerModeVlpr
    clock_config.o(i.BOARD_BootClockVLPR) refers to clock_config.o(.constdata) for mcgConfig_BOARD_BootClockVLPR
    clock_config.o(i.BOARD_BootClockVLPR) refers to system_mkl46z4.o(.data) for SystemCoreClock
    clock_config.o(i.BOARD_InitBootClocks) refers to clock_config.o(i.BOARD_BootClockRUN) for BOARD_BootClockRUN
    pin_mux.o(i.BOARD_InitBootPins) refers to pin_mux.o(i.BOARD_InitPins) for BOARD_InitPins
    pin_mux.o(i.BOARD_InitPins) refers to pin_mux.o(i.PORT_SetPinMux) for PORT_SetPinMux
    fsl_clock.o(i.CLOCK_BootToBlpeMode) refers to fsl_clock.o(i.CLOCK_SetExternalRefClkConfig) for CLOCK_SetExternalRefClkConfig
    fsl_clock.o(i.CLOCK_BootToBlpiMode) refers to fsl_clock.o(i.CLOCK_SetInternalRefClkConfig) for CLOCK_SetInternalRefClkConfig
    fsl_clock.o(i.CLOCK_BootToFeeMode) refers to fsl_clock.o(i.CLOCK_SetExternalRefClkConfig) for CLOCK_SetExternalRefClkConfig
    fsl_clock.o(i.CLOCK_BootToFeeMode) refers to fsl_clock.o(i.CLOCK_SetFeeMode) for CLOCK_SetFeeMode
    fsl_clock.o(i.CLOCK_BootToFeiMode) refers to fsl_clock.o(i.CLOCK_SetFeiMode) for CLOCK_SetFeiMode
    fsl_clock.o(i.CLOCK_BootToPeeMode) refers to fsl_assert.o(i.__aeabi_assert) for __aeabi_assert
    fsl_clock.o(i.CLOCK_BootToPeeMode) refers to fsl_clock.o(i.CLOCK_SetExternalRefClkConfig) for CLOCK_SetExternalRefClkConfig
    fsl_clock.o(i.CLOCK_BootToPeeMode) refers to fsl_clock.o(i.CLOCK_SetPbeMode) for CLOCK_SetPbeMode
    fsl_clock.o(i.CLOCK_BootToPeeMode) refers to fsl_clock.o(.conststring) for .conststring
    fsl_clock.o(i.CLOCK_CalcPllDiv) refers to aeabi_sdiv.o(.text) for __aeabi_uidivmod
    fsl_clock.o(i.CLOCK_EnablePll0) refers to fsl_assert.o(i.__aeabi_assert) for __aeabi_assert
    fsl_clock.o(i.CLOCK_EnablePll0) refers to fsl_clock.o(.conststring) for .conststring
    fsl_clock.o(i.CLOCK_GetBusClkFreq) refers to fsl_clock.o(i.CLOCK_GetOutClkFreq) for CLOCK_GetOutClkFreq
    fsl_clock.o(i.CLOCK_GetBusClkFreq) refers to aeabi_sdiv.o(.text) for __aeabi_uidivmod
    fsl_clock.o(i.CLOCK_GetCoreSysClkFreq) refers to fsl_clock.o(i.CLOCK_GetOutClkFreq) for CLOCK_GetOutClkFreq
    fsl_clock.o(i.CLOCK_GetCoreSysClkFreq) refers to aeabi_sdiv.o(.text) for __aeabi_uidivmod
    fsl_clock.o(i.CLOCK_GetEr32kClkFreq) refers to fsl_clock.o(i.CLOCK_GetOsc0ErClkFreq) for CLOCK_GetOsc0ErClkFreq
    fsl_clock.o(i.CLOCK_GetEr32kClkFreq) refers to fsl_assert.o(i.__aeabi_assert) for __aeabi_assert
    fsl_clock.o(i.CLOCK_GetEr32kClkFreq) refers to fsl_clock.o(.data) for g_xtal32Freq
    fsl_clock.o(i.CLOCK_GetEr32kClkFreq) refers to fsl_clock.o(.conststring) for .conststring
    fsl_clock.o(i.CLOCK_GetFixedFreqClkFreq) refers to fsl_clock.o(i.CLOCK_GetFllRefClkFreq) for CLOCK_GetFllRefClkFreq
    fsl_clock.o(i.CLOCK_GetFixedFreqClkFreq) refers to fsl_clock.o(i.CLOCK_GetOutClkFreq) for CLOCK_GetOutClkFreq
    fsl_clock.o(i.CLOCK_GetFlashClkFreq) refers to fsl_clock.o(i.CLOCK_GetOutClkFreq) for CLOCK_GetOutClkFreq
    fsl_clock.o(i.CLOCK_GetFlashClkFreq) refers to aeabi_sdiv.o(.text) for __aeabi_uidivmod
    fsl_clock.o(i.CLOCK_GetFllExtRefClkFreq) refers to fsl_clock.o(i.CLOCK_GetMcgExtClkFreq) for CLOCK_GetMcgExtClkFreq
    fsl_clock.o(i.CLOCK_GetFllExtRefClkFreq) refers to fsl_clock.o(i.__ARM_common_switch8) for __ARM_common_switch8
    fsl_clock.o(i.CLOCK_GetFllExtRefClkFreq) refers to aeabi_sdiv.o(.text) for __aeabi_uidivmod
    fsl_clock.o(i.CLOCK_GetFllFreq) refers to fsl_clock.o(i.CLOCK_GetFllRefClkFreq) for CLOCK_GetFllRefClkFreq
    fsl_clock.o(i.CLOCK_GetFllFreq) refers to fsl_clock.o(.constdata) for fllFactorTable
    fsl_clock.o(i.CLOCK_GetFllRefClkFreq) refers to fsl_clock.o(i.CLOCK_GetFllExtRefClkFreq) for CLOCK_GetFllExtRefClkFreq
    fsl_clock.o(i.CLOCK_GetFllRefClkFreq) refers to fsl_clock.o(.data) for s_slowIrcFreq
    fsl_clock.o(i.CLOCK_GetFreq) refers to fsl_clock.o(i.__ARM_common_switch8) for __ARM_common_switch8
    fsl_clock.o(i.CLOCK_GetFreq) refers to fsl_clock.o(i.CLOCK_GetOutClkFreq) for CLOCK_GetOutClkFreq
    fsl_clock.o(i.CLOCK_GetFreq) refers to aeabi_sdiv.o(.text) for __aeabi_uidivmod
    fsl_clock.o(i.CLOCK_GetFreq) refers to fsl_clock.o(i.CLOCK_GetPllFllSelClkFreq) for CLOCK_GetPllFllSelClkFreq
    fsl_clock.o(i.CLOCK_GetFreq) refers to fsl_clock.o(i.CLOCK_GetEr32kClkFreq) for CLOCK_GetEr32kClkFreq
    fsl_clock.o(i.CLOCK_GetFreq) refers to fsl_clock.o(i.CLOCK_GetFixedFreqClkFreq) for CLOCK_GetFixedFreqClkFreq
    fsl_clock.o(i.CLOCK_GetFreq) refers to fsl_clock.o(i.CLOCK_GetInternalRefClkFreq) for CLOCK_GetInternalRefClkFreq
    fsl_clock.o(i.CLOCK_GetFreq) refers to fsl_clock.o(i.CLOCK_GetFllFreq) for CLOCK_GetFllFreq
    fsl_clock.o(i.CLOCK_GetFreq) refers to fsl_clock.o(i.CLOCK_GetPll0Freq) for CLOCK_GetPll0Freq
    fsl_clock.o(i.CLOCK_GetFreq) refers to fsl_clock.o(i.CLOCK_GetOsc0ErClkFreq) for CLOCK_GetOsc0ErClkFreq
    fsl_clock.o(i.CLOCK_GetInternalRefClkFreq) refers to fsl_clock.o(i.CLOCK_GetInternalRefClkSelectFreq) for CLOCK_GetInternalRefClkSelectFreq
    fsl_clock.o(i.CLOCK_GetInternalRefClkSelectFreq) refers to fsl_clock.o(.data) for s_slowIrcFreq
    fsl_clock.o(i.CLOCK_GetMcgExtClkFreq) refers to fsl_assert.o(i.__aeabi_assert) for __aeabi_assert
    fsl_clock.o(i.CLOCK_GetMcgExtClkFreq) refers to fsl_clock.o(.data) for g_xtal0Freq
    fsl_clock.o(i.CLOCK_GetMcgExtClkFreq) refers to fsl_clock.o(.conststring) for .conststring
    fsl_clock.o(i.CLOCK_GetOsc0ErClkFreq) refers to fsl_assert.o(i.__aeabi_assert) for __aeabi_assert
    fsl_clock.o(i.CLOCK_GetOsc0ErClkFreq) refers to fsl_clock.o(.data) for g_xtal0Freq
    fsl_clock.o(i.CLOCK_GetOsc0ErClkFreq) refers to fsl_clock.o(.conststring) for .conststring
    fsl_clock.o(i.CLOCK_GetOutClkFreq) refers to fsl_clock.o(i.CLOCK_GetPll0Freq) for CLOCK_GetPll0Freq
    fsl_clock.o(i.CLOCK_GetOutClkFreq) refers to fsl_clock.o(i.CLOCK_GetFllFreq) for CLOCK_GetFllFreq
    fsl_clock.o(i.CLOCK_GetOutClkFreq) refers to fsl_clock.o(i.CLOCK_GetInternalRefClkSelectFreq) for CLOCK_GetInternalRefClkSelectFreq
    fsl_clock.o(i.CLOCK_GetOutClkFreq) refers to fsl_clock.o(i.CLOCK_GetMcgExtClkFreq) for CLOCK_GetMcgExtClkFreq
    fsl_clock.o(i.CLOCK_GetPlatClkFreq) refers to fsl_clock.o(i.CLOCK_GetOutClkFreq) for CLOCK_GetOutClkFreq
    fsl_clock.o(i.CLOCK_GetPlatClkFreq) refers to aeabi_sdiv.o(.text) for __aeabi_uidivmod
    fsl_clock.o(i.CLOCK_GetPll0Freq) refers to fsl_clock.o(i.CLOCK_GetPll0RefFreq) for CLOCK_GetPll0RefFreq
    fsl_clock.o(i.CLOCK_GetPll0Freq) refers to fsl_assert.o(i.__aeabi_assert) for __aeabi_assert
    fsl_clock.o(i.CLOCK_GetPll0Freq) refers to aeabi_sdiv.o(.text) for __aeabi_uidivmod
    fsl_clock.o(i.CLOCK_GetPll0Freq) refers to fsl_clock.o(.conststring) for .conststring
    fsl_clock.o(i.CLOCK_GetPll0RefFreq) refers to fsl_clock.o(i.CLOCK_GetMcgExtClkFreq) for CLOCK_GetMcgExtClkFreq
    fsl_clock.o(i.CLOCK_GetPllFllSelClkFreq) refers to fsl_clock.o(i.CLOCK_GetFllFreq) for CLOCK_GetFllFreq
    fsl_clock.o(i.CLOCK_GetPllFllSelClkFreq) refers to fsl_clock.o(i.CLOCK_GetPll0Freq) for CLOCK_GetPll0Freq
    fsl_clock.o(i.CLOCK_InitOsc0) refers to fsl_clock.o(i.CLOCK_GetOscRangeFromFreq) for CLOCK_GetOscRangeFromFreq
    fsl_clock.o(i.CLOCK_SetMcgConfig) refers to fsl_clock.o(i.CLOCK_SetFeiMode) for CLOCK_SetFeiMode
    fsl_clock.o(i.CLOCK_SetMcgConfig) refers to fsl_clock.o(i.CLOCK_SetInternalRefClkConfig) for CLOCK_SetInternalRefClkConfig
    fsl_clock.o(i.CLOCK_SetMcgConfig) refers to fsl_clock.o(i.CLOCK_GetMode) for CLOCK_GetMode
    fsl_clock.o(i.CLOCK_SetMcgConfig) refers to fsl_clock.o(i.__ARM_common_switch8) for __ARM_common_switch8
    fsl_clock.o(i.CLOCK_SetMcgConfig) refers to fsl_clock.o(i.CLOCK_SetFeeMode) for CLOCK_SetFeeMode
    fsl_clock.o(i.CLOCK_SetMcgConfig) refers to fsl_clock.o(i.CLOCK_SetFbiMode) for CLOCK_SetFbiMode
    fsl_clock.o(i.CLOCK_SetMcgConfig) refers to fsl_clock.o(i.CLOCK_SetFbeMode) for CLOCK_SetFbeMode
    fsl_clock.o(i.CLOCK_SetMcgConfig) refers to fsl_clock.o(i.CLOCK_SetBlpiMode) for CLOCK_SetBlpiMode
    fsl_clock.o(i.CLOCK_SetMcgConfig) refers to fsl_clock.o(i.CLOCK_SetBlpeMode) for CLOCK_SetBlpeMode
    fsl_clock.o(i.CLOCK_SetMcgConfig) refers to fsl_clock.o(i.CLOCK_SetPbeMode) for CLOCK_SetPbeMode
    fsl_clock.o(i.CLOCK_SetMcgConfig) refers to fsl_clock.o(i.CLOCK_SetPeeMode) for CLOCK_SetPeeMode
    fsl_clock.o(i.CLOCK_SetMcgConfig) refers to fsl_clock.o(i.CLOCK_EnablePll0) for CLOCK_EnablePll0
    fsl_clock.o(i.CLOCK_SetMcgConfig) refers to fsl_clock.o(i.CLOCK_FllStableDelay) for CLOCK_FllStableDelay
    fsl_clock.o(i.CLOCK_SetMcgConfig) refers to fsl_clock.o(.constdata) for mcgModeMatrix
    fsl_clock.o(i.CLOCK_SetPbeMode) refers to fsl_assert.o(i.__aeabi_assert) for __aeabi_assert
    fsl_clock.o(i.CLOCK_SetPbeMode) refers to fsl_clock.o(i.CLOCK_EnablePll0) for CLOCK_EnablePll0
    fsl_clock.o(i.CLOCK_SetPbeMode) refers to fsl_clock.o(.conststring) for .conststring
    fsl_clock.o(i.CLOCK_TrimInternalRefClk) refers to aeabi_sdiv.o(.text) for __aeabi_uidivmod
    fsl_clock.o(i.CLOCK_TrimInternalRefClk) refers to fsl_clock.o(.constdata) for trimRange
    fsl_clock.o(i.CLOCK_TrimInternalRefClk) refers to fsl_clock.o(.data) for s_fastIrcFreq
    fsl_common.o(i.SDK_Free) refers to h1_free.o(.text) for free
    fsl_common.o(i.SDK_Malloc) refers to h1_alloc.o(.text) for malloc
    fsl_ftfx_cache.o(i.FTFx_CACHE_ClearCachePrefetchSpeculation) refers to fsl_ftfx_cache.o(i.mcm_flash_cache_clear) for mcm_flash_cache_clear
    fsl_ftfx_cache.o(i.FTFx_CACHE_Init) refers to fsl_ftfx_cache.o(i.ftfx_copy_common_bit_operation_to_ram) for ftfx_copy_common_bit_operation_to_ram
    fsl_ftfx_cache.o(i.FTFx_CACHE_Init) refers to fsl_ftfx_cache.o(.bss) for s_ftfxCommonBitOperation
    fsl_ftfx_cache.o(i.ftfx_copy_common_bit_operation_to_ram) refers to rt_memcpy.o(.text) for __aeabi_memcpy
    fsl_ftfx_cache.o(i.ftfx_copy_common_bit_operation_to_ram) refers to fsl_ftfx_cache.o(.constdata) for s_ftfxCommonBitOperationFunctionCode
    fsl_ftfx_controller.o(i.FTFx_API_Init) refers to fsl_ftfx_controller.o(i.ftfx_copy_run_command_to_ram) for ftfx_copy_run_command_to_ram
    fsl_ftfx_controller.o(i.FTFx_API_Init) refers to fsl_ftfx_controller.o(i.ftfx_init_ifr) for ftfx_init_ifr
    fsl_ftfx_controller.o(i.FTFx_API_Init) refers to fsl_ftfx_controller.o(.bss) for s_ftfxRunCommand
    fsl_ftfx_controller.o(i.FTFx_CMD_Erase) refers to fsl_ftfx_controller.o(i.ftfx_check_mem_range) for ftfx_check_mem_range
    fsl_ftfx_controller.o(i.FTFx_CMD_Erase) refers to fsl_ftfx_controller.o(i.ftfx_check_user_key) for ftfx_check_user_key
    fsl_ftfx_controller.o(i.FTFx_CMD_Erase) refers to aeabi_sdiv.o(.text) for __aeabi_uidivmod
    fsl_ftfx_controller.o(i.FTFx_CMD_Erase) refers to fsl_ftfx_controller.o(i.ftfx_command_sequence) for ftfx_command_sequence
    fsl_ftfx_controller.o(i.FTFx_CMD_EraseAll) refers to fsl_ftfx_controller.o(i.ftfx_check_user_key) for ftfx_check_user_key
    fsl_ftfx_controller.o(i.FTFx_CMD_EraseAll) refers to fsl_ftfx_controller.o(i.ftfx_command_sequence) for ftfx_command_sequence
    fsl_ftfx_controller.o(i.FTFx_CMD_EraseAllExecuteOnlySegments) refers to fsl_ftfx_controller.o(i.ftfx_check_user_key) for ftfx_check_user_key
    fsl_ftfx_controller.o(i.FTFx_CMD_EraseAllExecuteOnlySegments) refers to fsl_ftfx_controller.o(i.ftfx_command_sequence) for ftfx_command_sequence
    fsl_ftfx_controller.o(i.FTFx_CMD_Program) refers to fsl_ftfx_controller.o(i.ftfx_check_mem_range) for ftfx_check_mem_range
    fsl_ftfx_controller.o(i.FTFx_CMD_Program) refers to fsl_ftfx_controller.o(i.ftfx_read_word_from_byte_address) for ftfx_read_word_from_byte_address
    fsl_ftfx_controller.o(i.FTFx_CMD_Program) refers to fsl_ftfx_controller.o(i.ftfx_command_sequence) for ftfx_command_sequence
    fsl_ftfx_controller.o(i.FTFx_CMD_ProgramOnce) refers to fsl_ftfx_controller.o(i.ftfx_read_word_from_byte_address) for ftfx_read_word_from_byte_address
    fsl_ftfx_controller.o(i.FTFx_CMD_ProgramOnce) refers to fsl_ftfx_controller.o(i.ftfx_command_sequence) for ftfx_command_sequence
    fsl_ftfx_controller.o(i.FTFx_CMD_ReadOnce) refers to fsl_ftfx_controller.o(i.ftfx_command_sequence) for ftfx_command_sequence
    fsl_ftfx_controller.o(i.FTFx_CMD_ReadOnce) refers to fsl_ftfx_controller.o(i.ftfx_write_word_to_byte_address) for ftfx_write_word_to_byte_address
    fsl_ftfx_controller.o(i.FTFx_CMD_ReadResource) refers to fsl_ftfx_controller.o(i.ftfx_check_resource_range) for ftfx_check_resource_range
    fsl_ftfx_controller.o(i.FTFx_CMD_ReadResource) refers to fsl_ftfx_controller.o(i.ftfx_command_sequence) for ftfx_command_sequence
    fsl_ftfx_controller.o(i.FTFx_CMD_ReadResource) refers to fsl_ftfx_controller.o(i.ftfx_write_word_to_byte_address) for ftfx_write_word_to_byte_address
    fsl_ftfx_controller.o(i.FTFx_CMD_SecurityBypass) refers to fsl_ftfx_controller.o(i.ftfx_command_sequence) for ftfx_command_sequence
    fsl_ftfx_controller.o(i.FTFx_CMD_VerifyErase) refers to fsl_ftfx_controller.o(i.ftfx_check_mem_range) for ftfx_check_mem_range
    fsl_ftfx_controller.o(i.FTFx_CMD_VerifyErase) refers to aeabi_sdiv.o(.text) for __aeabi_uidivmod
    fsl_ftfx_controller.o(i.FTFx_CMD_VerifyErase) refers to fsl_ftfx_controller.o(i.ftfx_command_sequence) for ftfx_command_sequence
    fsl_ftfx_controller.o(i.FTFx_CMD_VerifyEraseAll) refers to fsl_ftfx_controller.o(i.ftfx_command_sequence) for ftfx_command_sequence
    fsl_ftfx_controller.o(i.FTFx_CMD_VerifyEraseAllExecuteOnlySegments) refers to fsl_ftfx_controller.o(i.ftfx_command_sequence) for ftfx_command_sequence
    fsl_ftfx_controller.o(i.FTFx_CMD_VerifyProgram) refers to fsl_ftfx_controller.o(i.ftfx_check_mem_range) for ftfx_check_mem_range
    fsl_ftfx_controller.o(i.FTFx_CMD_VerifyProgram) refers to fsl_ftfx_controller.o(i.ftfx_read_word_from_byte_address) for ftfx_read_word_from_byte_address
    fsl_ftfx_controller.o(i.FTFx_CMD_VerifyProgram) refers to fsl_ftfx_controller.o(i.ftfx_command_sequence) for ftfx_command_sequence
    fsl_ftfx_controller.o(i.ftfx_copy_run_command_to_ram) refers to rt_memcpy.o(.text) for __aeabi_memcpy
    fsl_ftfx_controller.o(i.ftfx_copy_run_command_to_ram) refers to fsl_ftfx_controller.o(.constdata) for s_ftfxRunCommandFunctionCode
    fsl_ftfx_flash.o(i.FLASH_Erase) refers to fsl_ftfx_flash.o(i.flash_check_range_to_get_index) for flash_check_range_to_get_index
    fsl_ftfx_flash.o(i.FLASH_Erase) refers to fsl_ftfx_flash.o(i.flash_convert_start_address) for flash_convert_start_address
    fsl_ftfx_flash.o(i.FLASH_Erase) refers to fsl_ftfx_controller.o(i.FTFx_CMD_Erase) for FTFx_CMD_Erase
    fsl_ftfx_flash.o(i.FLASH_EraseAll) refers to fsl_ftfx_controller.o(i.FTFx_CMD_EraseAll) for FTFx_CMD_EraseAll
    fsl_ftfx_flash.o(i.FLASH_GetProperty) refers to fsl_clock.o(i.__ARM_common_switch8) for __ARM_common_switch8
    fsl_ftfx_flash.o(i.FLASH_GetProperty) refers to aeabi_sdiv.o(.text) for __aeabi_uidivmod
    fsl_ftfx_flash.o(i.FLASH_GetSecurityState) refers to fsl_ftfx_controller.o(i.FTFx_REG_GetSecurityState) for FTFx_REG_GetSecurityState
    fsl_ftfx_flash.o(i.FLASH_Init) refers to fsl_ftfx_flash.o(i.flash_init_features) for flash_init_features
    fsl_ftfx_flash.o(i.FLASH_Init) refers to fsl_ftfx_flash.o(i.flash_calculate_mem_size) for flash_calculate_mem_size
    fsl_ftfx_flash.o(i.FLASH_Init) refers to fsl_ftfx_flash.o(i.flash_calculate_prot_segment_size) for flash_calculate_prot_segment_size
    fsl_ftfx_flash.o(i.FLASH_Init) refers to fsl_ftfx_controller.o(i.FTFx_API_Init) for FTFx_API_Init
    fsl_ftfx_flash.o(i.FLASH_IsExecuteOnly) refers to fsl_ftfx_flash.o(i.flash_check_range_to_get_index) for flash_check_range_to_get_index
    fsl_ftfx_flash.o(i.FLASH_IsProtected) refers to fsl_ftfx_flash.o(i.flash_check_range_to_get_index) for flash_check_range_to_get_index
    fsl_ftfx_flash.o(i.FLASH_Program) refers to fsl_ftfx_flash.o(i.flash_check_range_to_get_index) for flash_check_range_to_get_index
    fsl_ftfx_flash.o(i.FLASH_Program) refers to fsl_ftfx_flash.o(i.flash_convert_start_address) for flash_convert_start_address
    fsl_ftfx_flash.o(i.FLASH_Program) refers to fsl_ftfx_controller.o(i.FTFx_CMD_Program) for FTFx_CMD_Program
    fsl_ftfx_flash.o(i.FLASH_ReadResource) refers to fsl_ftfx_controller.o(i.FTFx_CMD_ReadResource) for FTFx_CMD_ReadResource
    fsl_ftfx_flash.o(i.FLASH_SecurityBypass) refers to fsl_ftfx_controller.o(i.FTFx_CMD_SecurityBypass) for FTFx_CMD_SecurityBypass
    fsl_ftfx_flash.o(i.FLASH_VerifyErase) refers to fsl_ftfx_flash.o(i.flash_check_range_to_get_index) for flash_check_range_to_get_index
    fsl_ftfx_flash.o(i.FLASH_VerifyErase) refers to fsl_ftfx_flash.o(i.flash_convert_start_address) for flash_convert_start_address
    fsl_ftfx_flash.o(i.FLASH_VerifyErase) refers to fsl_ftfx_controller.o(i.FTFx_CMD_VerifyErase) for FTFx_CMD_VerifyErase
    fsl_ftfx_flash.o(i.FLASH_VerifyEraseAll) refers to fsl_ftfx_controller.o(i.FTFx_CMD_VerifyEraseAll) for FTFx_CMD_VerifyEraseAll
    fsl_ftfx_flash.o(i.FLASH_VerifyProgram) refers to fsl_ftfx_flash.o(i.flash_check_range_to_get_index) for flash_check_range_to_get_index
    fsl_ftfx_flash.o(i.FLASH_VerifyProgram) refers to fsl_ftfx_flash.o(i.flash_convert_start_address) for flash_convert_start_address
    fsl_ftfx_flash.o(i.FLASH_VerifyProgram) refers to fsl_ftfx_controller.o(i.FTFx_CMD_VerifyProgram) for FTFx_CMD_VerifyProgram
    fsl_ftfx_flash.o(i.flash_calculate_mem_size) refers to fsl_ftfx_flash.o(.constdata) for kPFlashDensities
    fsl_ftfx_flash.o(i.flash_calculate_prot_segment_size) refers to aeabi_sdiv.o(.text) for __aeabi_uidivmod
    fsl_gpio.o(i.FGPIO_GetInstance) refers to fsl_assert.o(i.__aeabi_assert) for __aeabi_assert
    fsl_gpio.o(i.FGPIO_GetInstance) refers to fsl_gpio.o(.constdata) for s_fgpioBases
    fsl_gpio.o(i.FGPIO_GetInstance) refers to fsl_gpio.o(.conststring) for .conststring
    fsl_gpio.o(i.FGPIO_PinInit) refers to fsl_assert.o(i.__aeabi_assert) for __aeabi_assert
    fsl_gpio.o(i.FGPIO_PinInit) refers to fsl_gpio.o(.conststring) for .conststring
    fsl_gpio.o(i.FGPIO_PortClearInterruptFlags) refers to fsl_gpio.o(i.FGPIO_GetInstance) for FGPIO_GetInstance
    fsl_gpio.o(i.FGPIO_PortClearInterruptFlags) refers to fsl_gpio.o(.constdata) for s_portBases
    fsl_gpio.o(i.FGPIO_PortGetInterruptFlags) refers to fsl_gpio.o(i.FGPIO_GetInstance) for FGPIO_GetInstance
    fsl_gpio.o(i.FGPIO_PortGetInterruptFlags) refers to fsl_gpio.o(.constdata) for s_portBases
    fsl_gpio.o(i.GPIO_GetInstance) refers to fsl_assert.o(i.__aeabi_assert) for __aeabi_assert
    fsl_gpio.o(i.GPIO_GetInstance) refers to fsl_gpio.o(.constdata) for s_gpioBases
    fsl_gpio.o(i.GPIO_GetInstance) refers to fsl_gpio.o(.conststring) for .conststring
    fsl_gpio.o(i.GPIO_PinInit) refers to fsl_assert.o(i.__aeabi_assert) for __aeabi_assert
    fsl_gpio.o(i.GPIO_PinInit) refers to fsl_gpio.o(.conststring) for .conststring
    fsl_gpio.o(i.GPIO_PortClearInterruptFlags) refers to fsl_gpio.o(i.GPIO_GetInstance) for GPIO_GetInstance
    fsl_gpio.o(i.GPIO_PortClearInterruptFlags) refers to fsl_gpio.o(.constdata) for s_portBases
    fsl_gpio.o(i.GPIO_PortGetInterruptFlags) refers to fsl_gpio.o(i.GPIO_GetInstance) for GPIO_GetInstance
    fsl_gpio.o(i.GPIO_PortGetInterruptFlags) refers to fsl_gpio.o(.constdata) for s_portBases
    fsl_i2c.o(i.I2C0_DriverIRQHandler) refers to fsl_i2c.o(i.I2C_TransferCommonIRQHandler) for I2C_TransferCommonIRQHandler
    fsl_i2c.o(i.I2C0_DriverIRQHandler) refers to fsl_i2c.o(.data) for s_i2cHandle
    fsl_i2c.o(i.I2C1_DriverIRQHandler) refers to fsl_i2c.o(i.I2C_TransferCommonIRQHandler) for I2C_TransferCommonIRQHandler
    fsl_i2c.o(i.I2C1_DriverIRQHandler) refers to fsl_i2c.o(.data) for s_i2cHandle
    fsl_i2c.o(i.I2C_GetInstance) refers to fsl_assert.o(i.__aeabi_assert) for __aeabi_assert
    fsl_i2c.o(i.I2C_GetInstance) refers to fsl_i2c.o(.constdata) for s_i2cBases
    fsl_i2c.o(i.I2C_GetInstance) refers to fsl_i2c.o(.conststring) for .conststring
    fsl_i2c.o(i.I2C_InitTransferStateMachine) refers to fsl_i2c.o(i.I2C_MasterClearStatusFlags) for I2C_MasterClearStatusFlags
    fsl_i2c.o(i.I2C_InitTransferStateMachine) refers to fsl_i2c.o(i.I2C_MasterTransferHandleIRQ) for I2C_MasterTransferHandleIRQ
    fsl_i2c.o(i.I2C_InitTransferStateMachine) refers to fsl_i2c.o(i.I2C_MasterRepeatedStart) for I2C_MasterRepeatedStart
    fsl_i2c.o(i.I2C_InitTransferStateMachine) refers to fsl_i2c.o(i.I2C_MasterStart) for I2C_MasterStart
    fsl_i2c.o(i.I2C_MasterDeinit) refers to fsl_i2c.o(i.I2C_Enable) for I2C_Enable
    fsl_i2c.o(i.I2C_MasterDeinit) refers to fsl_i2c.o(i.I2C_GetInstance) for I2C_GetInstance
    fsl_i2c.o(i.I2C_MasterDeinit) refers to fsl_i2c.o(i.CLOCK_DisableClock) for CLOCK_DisableClock
    fsl_i2c.o(i.I2C_MasterDeinit) refers to fsl_i2c.o(.constdata) for s_i2cClocks
    fsl_i2c.o(i.I2C_MasterGetDefaultConfig) refers to fsl_assert.o(i.__aeabi_assert) for __aeabi_assert
    fsl_i2c.o(i.I2C_MasterGetDefaultConfig) refers to fsl_i2c.o(.conststring) for .conststring
    fsl_i2c.o(i.I2C_MasterInit) refers to fsl_assert.o(i.__aeabi_assert) for __aeabi_assert
    fsl_i2c.o(i.I2C_MasterInit) refers to fsl_i2c.o(i.I2C_GetInstance) for I2C_GetInstance
    fsl_i2c.o(i.I2C_MasterInit) refers to fsl_i2c.o(i.CLOCK_EnableClock) for CLOCK_EnableClock
    fsl_i2c.o(i.I2C_MasterInit) refers to fsl_i2c.o(i.I2C_MasterClearStatusFlags) for I2C_MasterClearStatusFlags
    fsl_i2c.o(i.I2C_MasterInit) refers to fsl_i2c.o(i.I2C_MasterSetBaudRate) for I2C_MasterSetBaudRate
    fsl_i2c.o(i.I2C_MasterInit) refers to fsl_i2c.o(.conststring) for .conststring
    fsl_i2c.o(i.I2C_MasterInit) refers to fsl_i2c.o(.constdata) for s_i2cClocks
    fsl_i2c.o(i.I2C_MasterReadBlocking) refers to fsl_i2c.o(i.I2C_MasterStop) for I2C_MasterStop
    fsl_i2c.o(i.I2C_MasterRepeatedStart) refers to fsl_i2c.o(i.I2C_MasterGetStatusFlags) for I2C_MasterGetStatusFlags
    fsl_i2c.o(i.I2C_MasterSetBaudRate) refers to aeabi_sdiv.o(.text) for __aeabi_uidivmod
    fsl_i2c.o(i.I2C_MasterSetBaudRate) refers to fsl_i2c.o(.constdata) for s_i2cDividerTable
    fsl_i2c.o(i.I2C_MasterStart) refers to fsl_i2c.o(i.I2C_MasterGetStatusFlags) for I2C_MasterGetStatusFlags
    fsl_i2c.o(i.I2C_MasterTransferAbort) refers to fsl_assert.o(i.__aeabi_assert) for __aeabi_assert
    fsl_i2c.o(i.I2C_MasterTransferAbort) refers to fsl_i2c.o(i.I2C_DisableInterrupts) for I2C_DisableInterrupts
    fsl_i2c.o(i.I2C_MasterTransferAbort) refers to fsl_i2c.o(.conststring) for .conststring
    fsl_i2c.o(i.I2C_MasterTransferBlocking) refers to fsl_assert.o(i.__aeabi_assert) for __aeabi_assert
    fsl_i2c.o(i.I2C_MasterTransferBlocking) refers to fsl_i2c.o(i.I2C_MasterClearStatusFlags) for I2C_MasterClearStatusFlags
    fsl_i2c.o(i.I2C_MasterTransferBlocking) refers to fsl_i2c.o(i.I2C_MasterRepeatedStart) for I2C_MasterRepeatedStart
    fsl_i2c.o(i.I2C_MasterTransferBlocking) refers to fsl_i2c.o(i.I2C_MasterStart) for I2C_MasterStart
    fsl_i2c.o(i.I2C_MasterTransferBlocking) refers to fsl_i2c.o(i.I2C_CheckAndClearError) for I2C_CheckAndClearError
    fsl_i2c.o(i.I2C_MasterTransferBlocking) refers to fsl_i2c.o(i.I2C_MasterStop) for I2C_MasterStop
    fsl_i2c.o(i.I2C_MasterTransferBlocking) refers to fsl_i2c.o(i.I2C_MasterWriteBlocking) for I2C_MasterWriteBlocking
    fsl_i2c.o(i.I2C_MasterTransferBlocking) refers to fsl_i2c.o(i.I2C_MasterReadBlocking) for I2C_MasterReadBlocking
    fsl_i2c.o(i.I2C_MasterTransferBlocking) refers to fsl_i2c.o(.conststring) for .conststring
    fsl_i2c.o(i.I2C_MasterTransferCreateHandle) refers to fsl_assert.o(i.__aeabi_assert) for __aeabi_assert
    fsl_i2c.o(i.I2C_MasterTransferCreateHandle) refers to fsl_i2c.o(i.I2C_GetInstance) for I2C_GetInstance
    fsl_i2c.o(i.I2C_MasterTransferCreateHandle) refers to rt_memclr.o(.text) for __aeabi_memclr4
    fsl_i2c.o(i.I2C_MasterTransferCreateHandle) refers to fsl_i2c.o(i.EnableIRQ) for EnableIRQ
    fsl_i2c.o(i.I2C_MasterTransferCreateHandle) refers to fsl_i2c.o(.conststring) for .conststring
    fsl_i2c.o(i.I2C_MasterTransferCreateHandle) refers to fsl_i2c.o(.data) for s_i2cHandle
    fsl_i2c.o(i.I2C_MasterTransferCreateHandle) refers to fsl_i2c.o(i.I2C_MasterTransferHandleIRQ) for I2C_MasterTransferHandleIRQ
    fsl_i2c.o(i.I2C_MasterTransferCreateHandle) refers to fsl_i2c.o(.constdata) for s_i2cIrqs
    fsl_i2c.o(i.I2C_MasterTransferGetCount) refers to fsl_assert.o(i.__aeabi_assert) for __aeabi_assert
    fsl_i2c.o(i.I2C_MasterTransferGetCount) refers to fsl_i2c.o(.conststring) for .conststring
    fsl_i2c.o(i.I2C_MasterTransferHandleIRQ) refers to fsl_assert.o(i.__aeabi_assert) for __aeabi_assert
    fsl_i2c.o(i.I2C_MasterTransferHandleIRQ) refers to fsl_i2c.o(i.I2C_MasterTransferRunStateMachine) for I2C_MasterTransferRunStateMachine
    fsl_i2c.o(i.I2C_MasterTransferHandleIRQ) refers to fsl_i2c.o(i.I2C_MasterStop) for I2C_MasterStop
    fsl_i2c.o(i.I2C_MasterTransferHandleIRQ) refers to fsl_i2c.o(i.I2C_DisableInterrupts) for I2C_DisableInterrupts
    fsl_i2c.o(i.I2C_MasterTransferHandleIRQ) refers to fsl_i2c.o(.conststring) for .conststring
    fsl_i2c.o(i.I2C_MasterTransferNonBlocking) refers to fsl_assert.o(i.__aeabi_assert) for __aeabi_assert
    fsl_i2c.o(i.I2C_MasterTransferNonBlocking) refers to fsl_i2c.o(i.I2C_InitTransferStateMachine) for I2C_InitTransferStateMachine
    fsl_i2c.o(i.I2C_MasterTransferNonBlocking) refers to fsl_i2c.o(i.I2C_EnableInterrupts) for I2C_EnableInterrupts
    fsl_i2c.o(i.I2C_MasterTransferNonBlocking) refers to fsl_i2c.o(.conststring) for .conststring
    fsl_i2c.o(i.I2C_MasterTransferRunStateMachine) refers to fsl_i2c.o(i.I2C_CheckAndClearError) for I2C_CheckAndClearError
    fsl_i2c.o(i.I2C_MasterTransferRunStateMachine) refers to fsl_i2c.o(i.I2C_MasterRepeatedStart) for I2C_MasterRepeatedStart
    fsl_i2c.o(i.I2C_MasterTransferRunStateMachine) refers to fsl_i2c.o(i.I2C_MasterStop) for I2C_MasterStop
    fsl_i2c.o(i.I2C_MasterWriteBlocking) refers to fsl_i2c.o(i.I2C_MasterStop) for I2C_MasterStop
    fsl_i2c.o(i.I2C_SetHoldTime) refers to aeabi_sdiv.o(.text) for __aeabi_uidivmod
    fsl_i2c.o(i.I2C_SetHoldTime) refers to fsl_i2c.o(.constdata) for s_i2cDividerTable
    fsl_i2c.o(i.I2C_SlaveDeinit) refers to fsl_i2c.o(i.I2C_Enable) for I2C_Enable
    fsl_i2c.o(i.I2C_SlaveDeinit) refers to fsl_i2c.o(i.I2C_GetInstance) for I2C_GetInstance
    fsl_i2c.o(i.I2C_SlaveDeinit) refers to fsl_i2c.o(i.CLOCK_DisableClock) for CLOCK_DisableClock
    fsl_i2c.o(i.I2C_SlaveDeinit) refers to fsl_i2c.o(.constdata) for s_i2cClocks
    fsl_i2c.o(i.I2C_SlaveGetDefaultConfig) refers to fsl_assert.o(i.__aeabi_assert) for __aeabi_assert
    fsl_i2c.o(i.I2C_SlaveGetDefaultConfig) refers to fsl_i2c.o(.conststring) for .conststring
    fsl_i2c.o(i.I2C_SlaveInit) refers to fsl_assert.o(i.__aeabi_assert) for __aeabi_assert
    fsl_i2c.o(i.I2C_SlaveInit) refers to fsl_i2c.o(i.I2C_GetInstance) for I2C_GetInstance
    fsl_i2c.o(i.I2C_SlaveInit) refers to fsl_i2c.o(i.CLOCK_EnableClock) for CLOCK_EnableClock
    fsl_i2c.o(i.I2C_SlaveInit) refers to fsl_i2c.o(i.I2C_SetHoldTime) for I2C_SetHoldTime
    fsl_i2c.o(i.I2C_SlaveInit) refers to fsl_i2c.o(.conststring) for .conststring
    fsl_i2c.o(i.I2C_SlaveInit) refers to fsl_i2c.o(.constdata) for s_i2cClocks
    fsl_i2c.o(i.I2C_SlaveTransferAbort) refers to fsl_assert.o(i.__aeabi_assert) for __aeabi_assert
    fsl_i2c.o(i.I2C_SlaveTransferAbort) refers to fsl_i2c.o(i.I2C_DisableInterrupts) for I2C_DisableInterrupts
    fsl_i2c.o(i.I2C_SlaveTransferAbort) refers to rt_memclr.o(.text) for __aeabi_memclr4
    fsl_i2c.o(i.I2C_SlaveTransferAbort) refers to fsl_i2c.o(.conststring) for .conststring
    fsl_i2c.o(i.I2C_SlaveTransferCreateHandle) refers to fsl_assert.o(i.__aeabi_assert) for __aeabi_assert
    fsl_i2c.o(i.I2C_SlaveTransferCreateHandle) refers to fsl_i2c.o(i.I2C_GetInstance) for I2C_GetInstance
    fsl_i2c.o(i.I2C_SlaveTransferCreateHandle) refers to rt_memclr.o(.text) for __aeabi_memclr4
    fsl_i2c.o(i.I2C_SlaveTransferCreateHandle) refers to fsl_i2c.o(i.EnableIRQ) for EnableIRQ
    fsl_i2c.o(i.I2C_SlaveTransferCreateHandle) refers to fsl_i2c.o(.conststring) for .conststring
    fsl_i2c.o(i.I2C_SlaveTransferCreateHandle) refers to fsl_i2c.o(.data) for s_i2cHandle
    fsl_i2c.o(i.I2C_SlaveTransferCreateHandle) refers to fsl_i2c.o(i.I2C_SlaveTransferHandleIRQ) for I2C_SlaveTransferHandleIRQ
    fsl_i2c.o(i.I2C_SlaveTransferCreateHandle) refers to fsl_i2c.o(.constdata) for s_i2cIrqs
    fsl_i2c.o(i.I2C_SlaveTransferGetCount) refers to fsl_assert.o(i.__aeabi_assert) for __aeabi_assert
    fsl_i2c.o(i.I2C_SlaveTransferGetCount) refers to fsl_i2c.o(.conststring) for .conststring
    fsl_i2c.o(i.I2C_SlaveTransferHandleIRQ) refers to fsl_assert.o(i.__aeabi_assert) for __aeabi_assert
    fsl_i2c.o(i.I2C_SlaveTransferHandleIRQ) refers to fsl_i2c.o(i.I2C_MasterGetStatusFlags) for I2C_MasterGetStatusFlags
    fsl_i2c.o(i.I2C_SlaveTransferHandleIRQ) refers to fsl_i2c.o(i.I2C_MasterClearStatusFlags) for I2C_MasterClearStatusFlags
    fsl_i2c.o(i.I2C_SlaveTransferHandleIRQ) refers to fsl_i2c.o(.conststring) for .conststring
    fsl_i2c.o(i.I2C_SlaveTransferNonBlocking) refers to fsl_assert.o(i.__aeabi_assert) for __aeabi_assert
    fsl_i2c.o(i.I2C_SlaveTransferNonBlocking) refers to fsl_i2c.o(i.I2C_DisableInterrupts) for I2C_DisableInterrupts
    fsl_i2c.o(i.I2C_SlaveTransferNonBlocking) refers to rt_memclr.o(.text) for __aeabi_memclr4
    fsl_i2c.o(i.I2C_SlaveTransferNonBlocking) refers to fsl_i2c.o(i.I2C_MasterClearStatusFlags) for I2C_MasterClearStatusFlags
    fsl_i2c.o(i.I2C_SlaveTransferNonBlocking) refers to fsl_i2c.o(i.I2C_EnableInterrupts) for I2C_EnableInterrupts
    fsl_i2c.o(i.I2C_SlaveTransferNonBlocking) refers to fsl_i2c.o(.conststring) for .conststring
    fsl_i2c.o(i.I2C_SlaveWriteBlocking) refers to fsl_i2c.o(i.I2C_MasterWriteBlocking) for I2C_MasterWriteBlocking
    fsl_i2c.o(i.I2C_TransferCommonIRQHandler) refers to fsl_i2c.o(.data) for s_i2cMasterIsr
    fsl_lpsci.o(i.LPSCI_Deinit) refers to fsl_lpsci.o(i.LPSCI_GetInstance) for LPSCI_GetInstance
    fsl_lpsci.o(i.LPSCI_Deinit) refers to fsl_lpsci.o(.constdata) for s_lpsciClock
    fsl_lpsci.o(i.LPSCI_GetDefaultConfig) refers to fsl_assert.o(i.__aeabi_assert) for __aeabi_assert
    fsl_lpsci.o(i.LPSCI_GetDefaultConfig) refers to fsl_lpsci.o(.conststring) for .conststring
    fsl_lpsci.o(i.LPSCI_GetInstance) refers to fsl_assert.o(i.__aeabi_assert) for __aeabi_assert
    fsl_lpsci.o(i.LPSCI_GetInstance) refers to fsl_lpsci.o(.constdata) for s_lpsciBases
    fsl_lpsci.o(i.LPSCI_GetInstance) refers to fsl_lpsci.o(.conststring) for .conststring
    fsl_lpsci.o(i.LPSCI_Init) refers to fsl_assert.o(i.__aeabi_assert) for __aeabi_assert
    fsl_lpsci.o(i.LPSCI_Init) refers to aeabi_sdiv.o(.text) for __aeabi_uidivmod
    fsl_lpsci.o(i.LPSCI_Init) refers to fsl_lpsci.o(i.LPSCI_GetInstance) for LPSCI_GetInstance
    fsl_lpsci.o(i.LPSCI_Init) refers to fsl_lpsci.o(.conststring) for .conststring
    fsl_lpsci.o(i.LPSCI_Init) refers to fsl_lpsci.o(.constdata) for s_lpsciClock
    fsl_lpsci.o(i.LPSCI_ReadBlocking) refers to fsl_assert.o(i.__aeabi_assert) for __aeabi_assert
    fsl_lpsci.o(i.LPSCI_ReadBlocking) refers to fsl_lpsci.o(i.LPSCI_GetStatusFlags) for LPSCI_GetStatusFlags
    fsl_lpsci.o(i.LPSCI_ReadBlocking) refers to fsl_lpsci.o(i.LPSCI_ClearStatusFlags) for LPSCI_ClearStatusFlags
    fsl_lpsci.o(i.LPSCI_ReadBlocking) refers to fsl_lpsci.o(.conststring) for .conststring
    fsl_lpsci.o(i.LPSCI_ReadNonBlocking) refers to fsl_assert.o(i.__aeabi_assert) for __aeabi_assert
    fsl_lpsci.o(i.LPSCI_ReadNonBlocking) refers to fsl_lpsci.o(.conststring) for .conststring
    fsl_lpsci.o(i.LPSCI_SetBaudRate) refers to fsl_assert.o(i.__aeabi_assert) for __aeabi_assert
    fsl_lpsci.o(i.LPSCI_SetBaudRate) refers to aeabi_sdiv.o(.text) for __aeabi_uidivmod
    fsl_lpsci.o(i.LPSCI_SetBaudRate) refers to fsl_lpsci.o(.conststring) for .conststring
    fsl_lpsci.o(i.LPSCI_TransferAbortReceive) refers to fsl_assert.o(i.__aeabi_assert) for __aeabi_assert
    fsl_lpsci.o(i.LPSCI_TransferAbortReceive) refers to fsl_lpsci.o(i.LPSCI_DisableInterrupts) for LPSCI_DisableInterrupts
    fsl_lpsci.o(i.LPSCI_TransferAbortReceive) refers to fsl_lpsci.o(.conststring) for .conststring
    fsl_lpsci.o(i.LPSCI_TransferAbortSend) refers to fsl_assert.o(i.__aeabi_assert) for __aeabi_assert
    fsl_lpsci.o(i.LPSCI_TransferAbortSend) refers to fsl_lpsci.o(i.LPSCI_DisableInterrupts) for LPSCI_DisableInterrupts
    fsl_lpsci.o(i.LPSCI_TransferAbortSend) refers to fsl_lpsci.o(.conststring) for .conststring
    fsl_lpsci.o(i.LPSCI_TransferCreateHandle) refers to fsl_assert.o(i.__aeabi_assert) for __aeabi_assert
    fsl_lpsci.o(i.LPSCI_TransferCreateHandle) refers to rt_memclr.o(.text) for __aeabi_memclr4
    fsl_lpsci.o(i.LPSCI_TransferCreateHandle) refers to fsl_lpsci.o(i.LPSCI_GetInstance) for LPSCI_GetInstance
    fsl_lpsci.o(i.LPSCI_TransferCreateHandle) refers to fsl_lpsci.o(.conststring) for .conststring
    fsl_lpsci.o(i.LPSCI_TransferCreateHandle) refers to fsl_lpsci.o(.data) for s_lpsciHandle
    fsl_lpsci.o(i.LPSCI_TransferCreateHandle) refers to fsl_lpsci.o(i.LPSCI_TransferHandleIRQ) for LPSCI_TransferHandleIRQ
    fsl_lpsci.o(i.LPSCI_TransferCreateHandle) refers to fsl_lpsci.o(.constdata) for s_lpsciIRQ
    fsl_lpsci.o(i.LPSCI_TransferGetReceiveCount) refers to fsl_assert.o(i.__aeabi_assert) for __aeabi_assert
    fsl_lpsci.o(i.LPSCI_TransferGetReceiveCount) refers to fsl_lpsci.o(.conststring) for .conststring
    fsl_lpsci.o(i.LPSCI_TransferGetRxRingBufferLength) refers to fsl_assert.o(i.__aeabi_assert) for __aeabi_assert
    fsl_lpsci.o(i.LPSCI_TransferGetRxRingBufferLength) refers to fsl_lpsci.o(.conststring) for .conststring
    fsl_lpsci.o(i.LPSCI_TransferGetSendCount) refers to fsl_assert.o(i.__aeabi_assert) for __aeabi_assert
    fsl_lpsci.o(i.LPSCI_TransferGetSendCount) refers to fsl_lpsci.o(.conststring) for .conststring
    fsl_lpsci.o(i.LPSCI_TransferHandleIRQ) refers to fsl_assert.o(i.__aeabi_assert) for __aeabi_assert
    fsl_lpsci.o(i.LPSCI_TransferHandleIRQ) refers to fsl_lpsci.o(i.LPSCI_ClearStatusFlags) for LPSCI_ClearStatusFlags
    fsl_lpsci.o(i.LPSCI_TransferHandleIRQ) refers to fsl_lpsci.o(i.LPSCI_DisableInterrupts) for LPSCI_DisableInterrupts
    fsl_lpsci.o(i.LPSCI_TransferHandleIRQ) refers to fsl_lpsci.o(i.LPSCI_ReadNonBlocking) for LPSCI_ReadNonBlocking
    fsl_lpsci.o(i.LPSCI_TransferHandleIRQ) refers to fsl_lpsci.o(i.LPSCI_TransferIsRxRingBufferFull) for LPSCI_TransferIsRxRingBufferFull
    fsl_lpsci.o(i.LPSCI_TransferHandleIRQ) refers to fsl_lpsci.o(i.LPSCI_WriteNonBlocking) for LPSCI_WriteNonBlocking
    fsl_lpsci.o(i.LPSCI_TransferHandleIRQ) refers to fsl_lpsci.o(.conststring) for .conststring
    fsl_lpsci.o(i.LPSCI_TransferIsRxRingBufferFull) refers to fsl_assert.o(i.__aeabi_assert) for __aeabi_assert
    fsl_lpsci.o(i.LPSCI_TransferIsRxRingBufferFull) refers to fsl_lpsci.o(i.LPSCI_TransferGetRxRingBufferLength) for LPSCI_TransferGetRxRingBufferLength
    fsl_lpsci.o(i.LPSCI_TransferIsRxRingBufferFull) refers to fsl_lpsci.o(.conststring) for .conststring
    fsl_lpsci.o(i.LPSCI_TransferReceiveNonBlocking) refers to fsl_assert.o(i.__aeabi_assert) for __aeabi_assert
    fsl_lpsci.o(i.LPSCI_TransferReceiveNonBlocking) refers to fsl_lpsci.o(i.LPSCI_DisableInterrupts) for LPSCI_DisableInterrupts
    fsl_lpsci.o(i.LPSCI_TransferReceiveNonBlocking) refers to fsl_lpsci.o(i.LPSCI_TransferGetRxRingBufferLength) for LPSCI_TransferGetRxRingBufferLength
    fsl_lpsci.o(i.LPSCI_TransferReceiveNonBlocking) refers to fsl_lpsci.o(i.LPSCI_EnableInterrupts) for LPSCI_EnableInterrupts
    fsl_lpsci.o(i.LPSCI_TransferReceiveNonBlocking) refers to fsl_lpsci.o(.conststring) for .conststring
    fsl_lpsci.o(i.LPSCI_TransferSendNonBlocking) refers to fsl_assert.o(i.__aeabi_assert) for __aeabi_assert
    fsl_lpsci.o(i.LPSCI_TransferSendNonBlocking) refers to fsl_lpsci.o(i.LPSCI_EnableInterrupts) for LPSCI_EnableInterrupts
    fsl_lpsci.o(i.LPSCI_TransferSendNonBlocking) refers to fsl_lpsci.o(.conststring) for .conststring
    fsl_lpsci.o(i.LPSCI_TransferStartRingBuffer) refers to fsl_assert.o(i.__aeabi_assert) for __aeabi_assert
    fsl_lpsci.o(i.LPSCI_TransferStartRingBuffer) refers to fsl_lpsci.o(i.LPSCI_EnableInterrupts) for LPSCI_EnableInterrupts
    fsl_lpsci.o(i.LPSCI_TransferStartRingBuffer) refers to fsl_lpsci.o(.conststring) for .conststring
    fsl_lpsci.o(i.LPSCI_TransferStopRingBuffer) refers to fsl_assert.o(i.__aeabi_assert) for __aeabi_assert
    fsl_lpsci.o(i.LPSCI_TransferStopRingBuffer) refers to fsl_lpsci.o(i.LPSCI_DisableInterrupts) for LPSCI_DisableInterrupts
    fsl_lpsci.o(i.LPSCI_TransferStopRingBuffer) refers to fsl_lpsci.o(.conststring) for .conststring
    fsl_lpsci.o(i.LPSCI_WriteBlocking) refers to fsl_assert.o(i.__aeabi_assert) for __aeabi_assert
    fsl_lpsci.o(i.LPSCI_WriteBlocking) refers to fsl_lpsci.o(.conststring) for .conststring
    fsl_lpsci.o(i.LPSCI_WriteNonBlocking) refers to fsl_assert.o(i.__aeabi_assert) for __aeabi_assert
    fsl_lpsci.o(i.LPSCI_WriteNonBlocking) refers to fsl_lpsci.o(.conststring) for .conststring
    fsl_lpsci.o(i.UART0_DriverIRQHandler) refers to fsl_lpsci.o(.data) for s_lpsciHandle
    fsl_smc.o(i.SMC_PostExitStopModes) refers to fsl_ftfx_cache.o(i.FTFx_CACHE_PflashSetPrefetchSpeculation) for FTFx_CACHE_PflashSetPrefetchSpeculation
    fsl_smc.o(i.SMC_PostExitStopModes) refers to fsl_smc.o(i.EnableGlobalIRQ) for EnableGlobalIRQ
    fsl_smc.o(i.SMC_PostExitStopModes) refers to fsl_smc.o(.data) for g_savedPrimask
    fsl_smc.o(i.SMC_PostExitWaitModes) refers to fsl_smc.o(i.EnableGlobalIRQ) for EnableGlobalIRQ
    fsl_smc.o(i.SMC_PostExitWaitModes) refers to fsl_smc.o(.data) for g_savedPrimask
    fsl_smc.o(i.SMC_PreEnterStopModes) refers to fsl_smc.o(i.DisableGlobalIRQ) for DisableGlobalIRQ
    fsl_smc.o(i.SMC_PreEnterStopModes) refers to fsl_ftfx_cache.o(i.FTFx_CACHE_PflashSetPrefetchSpeculation) for FTFx_CACHE_PflashSetPrefetchSpeculation
    fsl_smc.o(i.SMC_PreEnterStopModes) refers to fsl_smc.o(.constdata) for .constdata
    fsl_smc.o(i.SMC_PreEnterStopModes) refers to fsl_smc.o(.data) for g_savedPrimask
    fsl_smc.o(i.SMC_PreEnterWaitModes) refers to fsl_smc.o(i.DisableGlobalIRQ) for DisableGlobalIRQ
    fsl_smc.o(i.SMC_PreEnterWaitModes) refers to fsl_smc.o(.data) for g_savedPrimask
    fsl_uart.o(i.UART1_DriverIRQHandler) refers to fsl_uart.o(.bss) for s_uartHandle
    fsl_uart.o(i.UART1_DriverIRQHandler) refers to fsl_uart.o(.data) for s_uartIsr
    fsl_uart.o(i.UART1_RX_TX_DriverIRQHandler) refers to fsl_uart.o(i.UART1_DriverIRQHandler) for UART1_DriverIRQHandler
    fsl_uart.o(i.UART2_DriverIRQHandler) refers to fsl_uart.o(.bss) for s_uartHandle
    fsl_uart.o(i.UART2_DriverIRQHandler) refers to fsl_uart.o(.data) for s_uartIsr
    fsl_uart.o(i.UART2_RX_TX_DriverIRQHandler) refers to fsl_uart.o(i.UART2_DriverIRQHandler) for UART2_DriverIRQHandler
    fsl_uart.o(i.UART_ClearStatusFlags) refers to fsl_uart.o(i.UART_GetStatusFlags) for UART_GetStatusFlags
    fsl_uart.o(i.UART_Deinit) refers to fsl_uart.o(i.UART_GetInstance) for UART_GetInstance
    fsl_uart.o(i.UART_Deinit) refers to fsl_uart.o(.constdata) for s_uartClock
    fsl_uart.o(i.UART_GetDefaultConfig) refers to fsl_assert.o(i.__aeabi_assert) for __aeabi_assert
    fsl_uart.o(i.UART_GetDefaultConfig) refers to fsl_uart.o(.conststring) for .conststring
    fsl_uart.o(i.UART_GetInstance) refers to fsl_assert.o(i.__aeabi_assert) for __aeabi_assert
    fsl_uart.o(i.UART_GetInstance) refers to fsl_uart.o(.constdata) for s_uartBases
    fsl_uart.o(i.UART_GetInstance) refers to fsl_uart.o(.conststring) for .conststring
    fsl_uart.o(i.UART_Init) refers to fsl_assert.o(i.__aeabi_assert) for __aeabi_assert
    fsl_uart.o(i.UART_Init) refers to aeabi_sdiv.o(.text) for __aeabi_uidivmod
    fsl_uart.o(i.UART_Init) refers to fsl_uart.o(i.UART_GetInstance) for UART_GetInstance
    fsl_uart.o(i.UART_Init) refers to fsl_uart.o(.conststring) for .conststring
    fsl_uart.o(i.UART_Init) refers to fsl_uart.o(.constdata) for s_uartClock
    fsl_uart.o(i.UART_ReadBlocking) refers to fsl_assert.o(i.__aeabi_assert) for __aeabi_assert
    fsl_uart.o(i.UART_ReadBlocking) refers to fsl_uart.o(i.UART_GetStatusFlags) for UART_GetStatusFlags
    fsl_uart.o(i.UART_ReadBlocking) refers to fsl_uart.o(.conststring) for .conststring
    fsl_uart.o(i.UART_ReadNonBlocking) refers to fsl_assert.o(i.__aeabi_assert) for __aeabi_assert
    fsl_uart.o(i.UART_ReadNonBlocking) refers to fsl_uart.o(.conststring) for .conststring
    fsl_uart.o(i.UART_SetBaudRate) refers to fsl_assert.o(i.__aeabi_assert) for __aeabi_assert
    fsl_uart.o(i.UART_SetBaudRate) refers to aeabi_sdiv.o(.text) for __aeabi_uidivmod
    fsl_uart.o(i.UART_SetBaudRate) refers to fsl_uart.o(.conststring) for .conststring
    fsl_uart.o(i.UART_TransferAbortReceive) refers to fsl_assert.o(i.__aeabi_assert) for __aeabi_assert
    fsl_uart.o(i.UART_TransferAbortReceive) refers to fsl_uart.o(i.UART_DisableInterrupts) for UART_DisableInterrupts
    fsl_uart.o(i.UART_TransferAbortReceive) refers to fsl_uart.o(.conststring) for .conststring
    fsl_uart.o(i.UART_TransferAbortSend) refers to fsl_assert.o(i.__aeabi_assert) for __aeabi_assert
    fsl_uart.o(i.UART_TransferAbortSend) refers to fsl_uart.o(i.UART_DisableInterrupts) for UART_DisableInterrupts
    fsl_uart.o(i.UART_TransferAbortSend) refers to fsl_uart.o(.conststring) for .conststring
    fsl_uart.o(i.UART_TransferCreateHandle) refers to fsl_assert.o(i.__aeabi_assert) for __aeabi_assert
    fsl_uart.o(i.UART_TransferCreateHandle) refers to rt_memclr.o(.text) for __aeabi_memclr4
    fsl_uart.o(i.UART_TransferCreateHandle) refers to fsl_uart.o(i.UART_GetInstance) for UART_GetInstance
    fsl_uart.o(i.UART_TransferCreateHandle) refers to fsl_uart.o(.conststring) for .conststring
    fsl_uart.o(i.UART_TransferCreateHandle) refers to fsl_uart.o(.bss) for s_uartHandle
    fsl_uart.o(i.UART_TransferCreateHandle) refers to fsl_uart.o(i.UART_TransferHandleIRQ) for UART_TransferHandleIRQ
    fsl_uart.o(i.UART_TransferCreateHandle) refers to fsl_uart.o(.data) for s_uartIsr
    fsl_uart.o(i.UART_TransferCreateHandle) refers to fsl_uart.o(.constdata) for s_uartIRQ
    fsl_uart.o(i.UART_TransferGetReceiveCount) refers to fsl_assert.o(i.__aeabi_assert) for __aeabi_assert
    fsl_uart.o(i.UART_TransferGetReceiveCount) refers to fsl_uart.o(.conststring) for .conststring
    fsl_uart.o(i.UART_TransferGetRxRingBufferLength) refers to fsl_assert.o(i.__aeabi_assert) for __aeabi_assert
    fsl_uart.o(i.UART_TransferGetRxRingBufferLength) refers to fsl_uart.o(.conststring) for .conststring
    fsl_uart.o(i.UART_TransferGetSendCount) refers to fsl_assert.o(i.__aeabi_assert) for __aeabi_assert
    fsl_uart.o(i.UART_TransferGetSendCount) refers to fsl_uart.o(.conststring) for .conststring
    fsl_uart.o(i.UART_TransferHandleIRQ) refers to fsl_assert.o(i.__aeabi_assert) for __aeabi_assert
    fsl_uart.o(i.UART_TransferHandleIRQ) refers to fsl_uart.o(i.UART_DisableInterrupts) for UART_DisableInterrupts
    fsl_uart.o(i.UART_TransferHandleIRQ) refers to fsl_uart.o(i.UART_ReadNonBlocking) for UART_ReadNonBlocking
    fsl_uart.o(i.UART_TransferHandleIRQ) refers to fsl_uart.o(i.UART_TransferIsRxRingBufferFull) for UART_TransferIsRxRingBufferFull
    fsl_uart.o(i.UART_TransferHandleIRQ) refers to fsl_uart.o(i.UART_WriteNonBlocking) for UART_WriteNonBlocking
    fsl_uart.o(i.UART_TransferHandleIRQ) refers to fsl_uart.o(.conststring) for .conststring
    fsl_uart.o(i.UART_TransferIsRxRingBufferFull) refers to fsl_assert.o(i.__aeabi_assert) for __aeabi_assert
    fsl_uart.o(i.UART_TransferIsRxRingBufferFull) refers to fsl_uart.o(i.UART_TransferGetRxRingBufferLength) for UART_TransferGetRxRingBufferLength
    fsl_uart.o(i.UART_TransferIsRxRingBufferFull) refers to fsl_uart.o(.conststring) for .conststring
    fsl_uart.o(i.UART_TransferReceiveNonBlocking) refers to fsl_assert.o(i.__aeabi_assert) for __aeabi_assert
    fsl_uart.o(i.UART_TransferReceiveNonBlocking) refers to fsl_uart.o(i.UART_DisableInterrupts) for UART_DisableInterrupts
    fsl_uart.o(i.UART_TransferReceiveNonBlocking) refers to fsl_uart.o(i.UART_TransferGetRxRingBufferLength) for UART_TransferGetRxRingBufferLength
    fsl_uart.o(i.UART_TransferReceiveNonBlocking) refers to fsl_uart.o(i.UART_EnableInterrupts) for UART_EnableInterrupts
    fsl_uart.o(i.UART_TransferReceiveNonBlocking) refers to fsl_uart.o(.conststring) for .conststring
    fsl_uart.o(i.UART_TransferSendNonBlocking) refers to fsl_assert.o(i.__aeabi_assert) for __aeabi_assert
    fsl_uart.o(i.UART_TransferSendNonBlocking) refers to fsl_uart.o(i.UART_EnableInterrupts) for UART_EnableInterrupts
    fsl_uart.o(i.UART_TransferSendNonBlocking) refers to fsl_uart.o(.conststring) for .conststring
    fsl_uart.o(i.UART_TransferStartRingBuffer) refers to fsl_assert.o(i.__aeabi_assert) for __aeabi_assert
    fsl_uart.o(i.UART_TransferStartRingBuffer) refers to fsl_uart.o(i.UART_EnableInterrupts) for UART_EnableInterrupts
    fsl_uart.o(i.UART_TransferStartRingBuffer) refers to fsl_uart.o(.conststring) for .conststring
    fsl_uart.o(i.UART_TransferStopRingBuffer) refers to fsl_assert.o(i.__aeabi_assert) for __aeabi_assert
    fsl_uart.o(i.UART_TransferStopRingBuffer) refers to fsl_uart.o(i.UART_DisableInterrupts) for UART_DisableInterrupts
    fsl_uart.o(i.UART_TransferStopRingBuffer) refers to fsl_uart.o(.conststring) for .conststring
    fsl_uart.o(i.UART_WriteNonBlocking) refers to fsl_assert.o(i.__aeabi_assert) for __aeabi_assert
    fsl_uart.o(i.UART_WriteNonBlocking) refers to fsl_uart.o(.conststring) for .conststring
    fsl_assert.o(i.__aeabi_assert) refers to fsl_debug_console.o(i.DbgConsole_Printf) for DbgConsole_Printf
    fsl_debug_console.o(i.DbgConsole_Deinit) refers to fsl_log.o(i.LOG_Deinit) for LOG_Deinit
    fsl_debug_console.o(i.DbgConsole_Flush) refers to fsl_log.o(i.LOG_WaitIdle) for LOG_WaitIdle
    fsl_debug_console.o(i.DbgConsole_Getchar) refers to fsl_log.o(i.LOG_ReadCharacter) for LOG_ReadCharacter
    fsl_debug_console.o(i.DbgConsole_Init) refers to fsl_assert.o(i.__aeabi_assert) for __aeabi_assert
    fsl_debug_console.o(i.DbgConsole_Init) refers to fsl_log.o(i.LOG_Init) for LOG_Init
    fsl_debug_console.o(i.DbgConsole_Init) refers to fsl_debug_console.o(.conststring) for .conststring
    fsl_debug_console.o(i.DbgConsole_Printf) refers to rt_memclr.o(.text) for __aeabi_memclr4
    fsl_debug_console.o(i.DbgConsole_Printf) refers to fsl_str.o(i.StrFormatPrintf) for StrFormatPrintf
    fsl_debug_console.o(i.DbgConsole_Printf) refers to fsl_log.o(i.LOG_Push) for LOG_Push
    fsl_debug_console.o(i.DbgConsole_Printf) refers to fsl_debug_console.o(i.DbgConsole_RelocateLog) for DbgConsole_RelocateLog
    fsl_debug_console.o(i.DbgConsole_Putchar) refers to fsl_log.o(i.LOG_Push) for LOG_Push
    fsl_debug_console.o(i.DbgConsole_RelocateLog) refers to fsl_log.o(i.LOG_Push) for LOG_Push
    fsl_debug_console.o(i.DbgConsole_Scanf) refers to rt_memclr.o(.text) for __aeabi_memclr4
    fsl_debug_console.o(i.DbgConsole_Scanf) refers to fsl_log.o(i.LOG_ReadLine) for LOG_ReadLine
    fsl_debug_console.o(i.DbgConsole_Scanf) refers to fsl_str.o(i.StrFormatScanf) for StrFormatScanf
    fsl_debug_console.o(i._read) refers to fsl_log.o(i.LOG_ReadLine) for LOG_ReadLine
    fsl_debug_console.o(i._write) refers to fsl_log.o(i.LOG_Push) for LOG_Push
    fsl_io.o(i.IO_Deinit) refers to fsl_uart.o(i.UART_Deinit) for UART_Deinit
    fsl_io.o(i.IO_Deinit) refers to fsl_lpsci.o(i.LPSCI_Deinit) for LPSCI_Deinit
    fsl_io.o(i.IO_Deinit) refers to fsl_io.o(.data) for s_debugConsoleIO
    fsl_io.o(i.IO_Init) refers to fsl_assert.o(i.__aeabi_assert) for __aeabi_assert
    fsl_io.o(i.IO_Init) refers to fsl_uart.o(i.UART_GetDefaultConfig) for UART_GetDefaultConfig
    fsl_io.o(i.IO_Init) refers to fsl_uart.o(i.UART_Init) for UART_Init
    fsl_io.o(i.IO_Init) refers to fsl_lpsci.o(i.LPSCI_GetDefaultConfig) for LPSCI_GetDefaultConfig
    fsl_io.o(i.IO_Init) refers to fsl_lpsci.o(i.LPSCI_Init) for LPSCI_Init
    fsl_io.o(i.IO_Init) refers to fsl_io.o(.conststring) for .conststring
    fsl_io.o(i.IO_Init) refers to fsl_io.o(.data) for s_debugConsoleIO
    fsl_io.o(i.IO_Transfer) refers to fsl_uart.o(i.UART_WriteBlocking) for UART_WriteBlocking
    fsl_io.o(i.IO_Transfer) refers to fsl_uart.o(i.UART_ReadBlocking) for UART_ReadBlocking
    fsl_io.o(i.IO_Transfer) refers to fsl_lpsci.o(i.LPSCI_WriteBlocking) for LPSCI_WriteBlocking
    fsl_io.o(i.IO_Transfer) refers to fsl_lpsci.o(i.LPSCI_ReadBlocking) for LPSCI_ReadBlocking
    fsl_io.o(i.IO_Transfer) refers to fsl_io.o(.data) for s_debugConsoleIO
    fsl_io.o(i.IO_WaitIdle) refers to fsl_uart.o(i.UART_GetStatusFlags) for UART_GetStatusFlags
    fsl_io.o(i.IO_WaitIdle) refers to fsl_lpsci.o(i.LPSCI_GetStatusFlags) for LPSCI_GetStatusFlags
    fsl_io.o(i.IO_WaitIdle) refers to fsl_io.o(.data) for s_debugConsoleIO
    fsl_log.o(i.LOG_Deinit) refers to fsl_io.o(i.IO_Deinit) for IO_Deinit
    fsl_log.o(i.LOG_Init) refers to fsl_io.o(i.IO_Init) for IO_Init
    fsl_log.o(i.LOG_Pop) refers to fsl_io.o(i.IO_Transfer) for IO_Transfer
    fsl_log.o(i.LOG_Push) refers to fsl_assert.o(i.__aeabi_assert) for __aeabi_assert
    fsl_log.o(i.LOG_Push) refers to fsl_log.o(i.LOG_Pop) for LOG_Pop
    fsl_log.o(i.LOG_Push) refers to fsl_log.o(.conststring) for .conststring
    fsl_log.o(i.LOG_ReadCharacter) refers to fsl_assert.o(i.__aeabi_assert) for __aeabi_assert
    fsl_log.o(i.LOG_ReadCharacter) refers to fsl_log.o(i.LOG_ReadOneCharacter) for LOG_ReadOneCharacter
    fsl_log.o(i.LOG_ReadCharacter) refers to fsl_log.o(.conststring) for .conststring
    fsl_log.o(i.LOG_ReadLine) refers to fsl_assert.o(i.__aeabi_assert) for __aeabi_assert
    fsl_log.o(i.LOG_ReadLine) refers to fsl_log.o(i.LOG_ReadOneCharacter) for LOG_ReadOneCharacter
    fsl_log.o(i.LOG_ReadLine) refers to fsl_log.o(.conststring) for .conststring
    fsl_log.o(i.LOG_ReadOneCharacter) refers to fsl_io.o(i.IO_Transfer) for IO_Transfer
    fsl_log.o(i.LOG_WaitIdle) refers to fsl_io.o(i.IO_WaitIdle) for IO_WaitIdle
    fsl_str.o(i.ConvertRadixNumToString) refers to aeabi_sdiv.o(.text) for __aeabi_idivmod
    fsl_str.o(i.StrFormatPrintf) refers to fsl_str.o(i.ConvertRadixNumToString) for ConvertRadixNumToString
    fsl_str.o(i.StrFormatPrintf) refers to strlen.o(.text) for strlen
    fsl_str.o(i.StrFormatScanf) refers to fsl_str.o(i.ScanIgnoreWhiteSpace) for ScanIgnoreWhiteSpace
    fsl_str.o(i.StrFormatScanf) refers to fsl_clock.o(i.__ARM_common_switch8) for __ARM_common_switch8
    startup_mkl46z4.o(RESET) refers to startup_mkl46z4.o(.text) for Reset_Handler
    startup_mkl46z4.o(RESET) refers to led.o(i.SysTick_Handler) for SysTick_Handler
    startup_mkl46z4.o(RESET) refers to main.o(i.TPM0_IRQHandler) for TPM0_IRQHandler
    startup_mkl46z4.o(RESET) refers to main.o(i.PORTC_PORTD_IRQHandler) for PORTC_PORTD_IRQHandler
    startup_mkl46z4.o(RESET) refers to led.o(i.PORTC_PORTD_IRQHandler) for PORTC_PORTD_IRQHandler
    startup_mkl46z4.o(.text) refers to startup_mkl46z4.o(FlashConfig) for FlashConfig
    startup_mkl46z4.o(.text) refers to startup_mkl46z4.o(RESET) for __Vectors
    startup_mkl46z4.o(.text) refers to system_mkl46z4.o(i.SystemInit) for SystemInit
    startup_mkl46z4.o(.text) refers to __main.o(!!!main) for __main
    startup_mkl46z4.o(.text) refers to fsl_i2c.o(i.I2C0_DriverIRQHandler) for I2C0_DriverIRQHandler
    startup_mkl46z4.o(.text) refers to fsl_i2c.o(i.I2C1_DriverIRQHandler) for I2C1_DriverIRQHandler
    startup_mkl46z4.o(.text) refers to fsl_lpsci.o(i.UART0_DriverIRQHandler) for UART0_DriverIRQHandler
    startup_mkl46z4.o(.text) refers to fsl_uart.o(i.UART1_DriverIRQHandler) for UART1_DriverIRQHandler
    startup_mkl46z4.o(.text) refers to fsl_uart.o(i.UART2_DriverIRQHandler) for UART2_DriverIRQHandler
    system_mkl46z4.o(i.SystemCoreClockUpdate) refers to aeabi_sdiv.o(.text) for __aeabi_uidivmod
    system_mkl46z4.o(i.SystemCoreClockUpdate) refers to fsl_clock.o(i.__ARM_common_switch8) for __ARM_common_switch8
    system_mkl46z4.o(i.SystemCoreClockUpdate) refers to system_mkl46z4.o(.data) for SystemCoreClock
    system_mkl46z4.o(i.SystemInit) refers to system_mkl46z4.o(i.SystemInitHook) for SystemInitHook
    malloc.o(.text) refers (Special) to hguard.o(.text) for __heap$guard
    malloc.o(.text) refers (Special) to init_alloc.o(.text) for _init_alloc
    malloc.o(.text) refers to rt_heap_descriptor_intlibspace.o(.text) for __rt_heap_descriptor
    free.o(.text) refers (Special) to hguard.o(.text) for __heap$guard
    free.o(.text) refers to rt_heap_descriptor_intlibspace.o(.text) for __rt_heap_descriptor
    h1_alloc.o(.text) refers (Special) to h1_init.o(.text) for __Heap_Initialize
    h1_alloc.o(.text) refers to rt_heap_descriptor_intlibspace.o(.text) for __rt_heap_descriptor
    h1_alloc.o(.text) refers to init_alloc.o(.text) for __Heap_Full
    h1_free.o(.text) refers to rt_heap_descriptor_intlibspace.o(.text) for __rt_heap_descriptor
    h1_alloc_mt.o(.text) refers (Special) to h1_init.o(.text) for __Heap_Initialize
    h1_alloc_mt.o(.text) refers to init_alloc.o(.text) for __Heap_Full
    h1_alloc_mt.o(.text) refers to rt_heap_descriptor_intlibspace.o(.text) for __rt_heap_descriptor
    h1_free_mt.o(.text) refers to rt_heap_descriptor_intlibspace.o(.text) for __rt_heap_descriptor
    heap2.o(i._FDIterate) refers to heap2.o(.conststring) for .conststring
    heap2.o(i.___Heap_ProvideMemory$realtime) refers to fdtree.o(i._FDTree_Delete) for _FDTree_Delete
    heap2.o(i.___Heap_ProvideMemory$realtime) refers to fdtree.o(i._FDTree_Insert) for _FDTree_Insert
    heap2.o(i.___Heap_Stats$realtime) refers to heap2.o(i._Heap2_StatsIterate) for _Heap2_StatsIterate
    heap2.o(i.___Heap_Stats$realtime) refers to aeabi_sdiv.o(.text) for __aeabi_uidivmod
    heap2.o(i.___Heap_Valid$realtime) refers to heap2.o(i._FDIterate) for _FDIterate
    heap2.o(i.___Heap_Valid$realtime) refers to heap2.o(.conststring) for .conststring
    heap2.o(i._free$realtime) refers to rt_heap_descriptor_intlibspace.o(.text) for __rt_heap_descriptor
    heap2.o(i._free$realtime) refers to fdtree.o(i._FDTree_Delete) for _FDTree_Delete
    heap2.o(i._free$realtime) refers to fdtree.o(i._FDTree_Insert) for _FDTree_Insert
    heap2.o(i._malloc$realtime) refers to rt_heap_descriptor_intlibspace.o(.text) for __rt_heap_descriptor
    heap2.o(i._malloc$realtime) refers to fdtree.o(i._FDTree_FindFirst) for _FDTree_FindFirst
    heap2.o(i._malloc$realtime) refers to init_alloc.o(.text) for __Heap_Full
    heap2.o(i._malloc$realtime) refers to fdtree.o(i._FDTree_RemoveNode) for _FDTree_RemoveNode
    heap2.o(i._malloc$realtime) refers to fdtree.o(i._FDTree_Insert) for _FDTree_Insert
    heap2.o(i._posix_memalign$realtime) refers to rt_heap_descriptor_intlibspace.o(.text) for __rt_heap_descriptor
    heap2.o(i._posix_memalign$realtime) refers to fdtree.o(i._FDTree_FindFirst) for _FDTree_FindFirst
    heap2.o(i._posix_memalign$realtime) refers to init_alloc.o(.text) for __Heap_Full
    heap2.o(i._posix_memalign$realtime) refers to fdtree.o(i._FDTree_RemoveNode) for _FDTree_RemoveNode
    heap2.o(i._posix_memalign$realtime) refers to fdtree.o(i._FDTree_Insert) for _FDTree_Insert
    heap2.o(i._realloc$realtime) refers to rt_heap_descriptor_intlibspace.o(.text) for __rt_heap_descriptor
    heap2.o(i._realloc$realtime) refers to h1_free.o(.text) for free
    heap2.o(i._realloc$realtime) refers to h1_alloc.o(.text) for malloc
    heap2.o(i._realloc$realtime) refers to fdtree.o(i._FDTree_Delete) for _FDTree_Delete
    heap2.o(i._realloc$realtime) refers to fdtree.o(i._FDTree_Insert) for _FDTree_Insert
    heap2.o(i._realloc$realtime) refers to rt_memcpy.o(.emb_text) for __aeabi_memcpy4
    heap2mt.o(i._FDIterate) refers to heap2mt.o(.conststring) for .conststring
    heap2mt.o(i.___Heap_ProvideMemory$realtime$concurrent) refers to fdtree.o(i._FDTree_Delete) for _FDTree_Delete
    heap2mt.o(i.___Heap_ProvideMemory$realtime$concurrent) refers to fdtree.o(i._FDTree_Insert) for _FDTree_Insert
    heap2mt.o(i.___Heap_Stats$realtime$concurrent) refers to heap2mt.o(i._Heap2_StatsIterate) for _Heap2_StatsIterate
    heap2mt.o(i.___Heap_Stats$realtime$concurrent) refers to aeabi_sdiv.o(.text) for __aeabi_uidivmod
    heap2mt.o(i.___Heap_Valid$realtime$concurrent) refers to heap2mt.o(i._FDIterate) for _FDIterate
    heap2mt.o(i.___Heap_Valid$realtime$concurrent) refers to heap2mt.o(.conststring) for .conststring
    heap2mt.o(i._free$realtime$concurrent) refers to rt_heap_descriptor_intlibspace.o(.text) for __rt_heap_descriptor
    heap2mt.o(i._free$realtime$concurrent) refers to fdtree.o(i._FDTree_Delete) for _FDTree_Delete
    heap2mt.o(i._free$realtime$concurrent) refers to fdtree.o(i._FDTree_Insert) for _FDTree_Insert
    heap2mt.o(i._malloc$realtime$concurrent) refers to rt_heap_descriptor_intlibspace.o(.text) for __rt_heap_descriptor
    heap2mt.o(i._malloc$realtime$concurrent) refers to fdtree.o(i._FDTree_FindFirst) for _FDTree_FindFirst
    heap2mt.o(i._malloc$realtime$concurrent) refers to init_alloc.o(.text) for __Heap_Full
    heap2mt.o(i._malloc$realtime$concurrent) refers to fdtree.o(i._FDTree_RemoveNode) for _FDTree_RemoveNode
    heap2mt.o(i._malloc$realtime$concurrent) refers to fdtree.o(i._FDTree_Insert) for _FDTree_Insert
    heap2mt.o(i._posix_memalign$realtime$concurrent) refers to rt_heap_descriptor_intlibspace.o(.text) for __rt_heap_descriptor
    heap2mt.o(i._posix_memalign$realtime$concurrent) refers to fdtree.o(i._FDTree_FindFirst) for _FDTree_FindFirst
    heap2mt.o(i._posix_memalign$realtime$concurrent) refers to init_alloc.o(.text) for __Heap_Full
    heap2mt.o(i._posix_memalign$realtime$concurrent) refers to fdtree.o(i._FDTree_RemoveNode) for _FDTree_RemoveNode
    heap2mt.o(i._posix_memalign$realtime$concurrent) refers to fdtree.o(i._FDTree_Insert) for _FDTree_Insert
    heap2mt.o(i._realloc$realtime$concurrent) refers to rt_heap_descriptor_intlibspace.o(.text) for __rt_heap_descriptor
    heap2mt.o(i._realloc$realtime$concurrent) refers to h1_free.o(.text) for free
    heap2mt.o(i._realloc$realtime$concurrent) refers to h1_alloc.o(.text) for malloc
    heap2mt.o(i._realloc$realtime$concurrent) refers to fdtree.o(i._FDTree_Delete) for _FDTree_Delete
    heap2mt.o(i._realloc$realtime$concurrent) refers to fdtree.o(i._FDTree_Insert) for _FDTree_Insert
    heap2mt.o(i._realloc$realtime$concurrent) refers to rt_memcpy.o(.emb_text) for __aeabi_memcpy4
    __2snprintf.o(.text) refers to _printf_char_common.o(.text) for _printf_char_common
    __2snprintf.o(.text) refers to _sputc.o(.text) for _sputc
    __2snprintf.o(.text) refers to _snputc.o(.text) for _snputc
    noretval__2snprintf.o(.text) refers to _printf_char_common.o(.text) for _printf_char_common
    noretval__2snprintf.o(.text) refers to _sputc.o(.text) for _sputc
    noretval__2snprintf.o(.text) refers to _snputc.o(.text) for _snputc
    __printf.o(.text) refers to _printf_percent.o(.ARM.Collect$$_printf_percent$$00000000) for _printf_percent
    _printf_dec.o(.text) refers to rtudiv10.o(.text) for __rt_udiv10
    _printf_dec.o(.text) refers to _printf_intcommon.o(.text) for _printf_int_common
    __printf_flags.o(.text) refers to _printf_percent.o(.ARM.Collect$$_printf_percent$$00000000) for _printf_percent
    __printf_flags.o(.text) refers to __printf_flags.o(.constdata) for .constdata
    __printf_ss.o(.text) refers to _printf_percent.o(.ARM.Collect$$_printf_percent$$00000000) for _printf_percent
    __printf_flags_ss.o(.text) refers to _printf_percent.o(.ARM.Collect$$_printf_percent$$00000000) for _printf_percent
    __printf_flags_ss.o(.text) refers to __printf_flags_ss.o(.constdata) for .constdata
    __printf_wp.o(.text) refers to __printf_wp.o(i._is_digit) for _is_digit
    __printf_wp.o(.text) refers to _printf_percent.o(.ARM.Collect$$_printf_percent$$00000000) for _printf_percent
    __printf_flags_wp.o(.text) refers to __printf_wp.o(i._is_digit) for _is_digit
    __printf_flags_wp.o(.text) refers to _printf_percent.o(.ARM.Collect$$_printf_percent$$00000000) for _printf_percent
    __printf_flags_wp.o(.text) refers to __printf_flags_wp.o(.constdata) for .constdata
    __printf_ss_wp.o(.text) refers to __printf_wp.o(i._is_digit) for _is_digit
    __printf_ss_wp.o(.text) refers to _printf_percent.o(.ARM.Collect$$_printf_percent$$00000000) for _printf_percent
    __printf_flags_ss_wp.o(.text) refers to __printf_wp.o(i._is_digit) for _is_digit
    __printf_flags_ss_wp.o(.text) refers to _printf_percent.o(.ARM.Collect$$_printf_percent$$00000000) for _printf_percent
    __printf_flags_ss_wp.o(.text) refers to __printf_flags_ss_wp.o(.constdata) for .constdata
    _printf_d.o(.ARM.Collect$$_printf_percent$$00000009) refers (Weak) to _printf_dec.o(.text) for _printf_int_dec
    _printf_percent.o(.ARM.Collect$$_printf_percent$$00000000) refers (Special) to _printf_percent_end.o(.ARM.Collect$$_printf_percent$$00000017) for _printf_percent_end
    rt_memcpy.o(.text) refers to rt_memcpy.o(.emb_text) for __aeabi_memcpy4
    __main.o(!!!main) refers to __rtentry.o(.ARM.Collect$$rtentry$$00000000) for __rt_entry
    daddsub.o(.text) refers (Special) to usenofp.o(x$fpl$usenofp) for __I$use$fp
    ddiv.o(.text) refers (Special) to usenofp.o(x$fpl$usenofp) for __I$use$fp
    ddiv.o(.text) refers to ddiv.o(.constdata) for .constdata
    ddiv.o(.constdata) refers (Special) to usenofp.o(x$fpl$usenofp) for __I$use$fp
    dfixi.o(.text) refers (Special) to usenofp.o(x$fpl$usenofp) for __I$use$fp
    dflti.o(.text) refers (Special) to usenofp.o(x$fpl$usenofp) for __I$use$fp
    dmul.o(.text) refers (Special) to usenofp.o(x$fpl$usenofp) for __I$use$fp
    atan.o(i.__softfp_atan) refers (Special) to usenofp.o(x$fpl$usenofp) for __I$use$fp
    atan.o(i.__softfp_atan) refers to atan.o(i.atan) for atan
    atan.o(i.atan) refers (Special) to usenofp.o(x$fpl$usenofp) for __I$use$fp
    atan.o(i.atan) refers to dunder.o(i.__mathlib_dbl_infnan) for __mathlib_dbl_infnan
    atan.o(i.atan) refers to fpclassify.o(i.__ARM_fpclassify) for __ARM_fpclassify
    atan.o(i.atan) refers to dunder.o(i.__mathlib_dbl_underflow) for __mathlib_dbl_underflow
    atan.o(i.atan) refers to daddsub.o(.text) for __aeabi_dadd
    atan.o(i.atan) refers to dscalbn.o(.text) for __ARM_scalbn
    atan.o(i.atan) refers to ddiv.o(.text) for __aeabi_ddiv
    atan.o(i.atan) refers to dmul.o(.text) for __aeabi_dmul
    atan.o(i.atan) refers to poly.o(i.__kernel_poly) for __kernel_poly
    atan.o(i.atan) refers to atan.o(.constdata) for .constdata
    atan.o(.constdata) refers (Special) to usenofp.o(x$fpl$usenofp) for __I$use$fp
    atan_x.o(i.____softfp_atan$lsc) refers (Special) to usenofp.o(x$fpl$usenofp) for __I$use$fp
    atan_x.o(i.____softfp_atan$lsc) refers to atan_x.o(i.__atan$lsc) for __atan$lsc
    atan_x.o(i.__atan$lsc) refers (Special) to usenofp.o(x$fpl$usenofp) for __I$use$fp
    atan_x.o(i.__atan$lsc) refers to dunder.o(i.__mathlib_dbl_infnan) for __mathlib_dbl_infnan
    atan_x.o(i.__atan$lsc) refers to daddsub.o(.text) for __aeabi_dadd
    atan_x.o(i.__atan$lsc) refers to dscalbn.o(.text) for __ARM_scalbn
    atan_x.o(i.__atan$lsc) refers to ddiv.o(.text) for __aeabi_ddiv
    atan_x.o(i.__atan$lsc) refers to dmul.o(.text) for __aeabi_dmul
    atan_x.o(i.__atan$lsc) refers to poly.o(i.__kernel_poly) for __kernel_poly
    atan_x.o(i.__atan$lsc) refers to atan_x.o(.constdata) for .constdata
    atan_x.o(.constdata) refers (Special) to usenofp.o(x$fpl$usenofp) for __I$use$fp
    __rtentry.o(.ARM.Collect$$rtentry$$00000000) refers (Special) to __rtentry2.o(.ARM.Collect$$rtentry$$0000000A) for __rt_entry_li
    __rtentry.o(.ARM.Collect$$rtentry$$00000000) refers (Special) to __rtentry2.o(.ARM.Collect$$rtentry$$0000000D) for __rt_entry_main
    __rtentry.o(.ARM.Collect$$rtentry$$00000000) refers (Special) to __rtentry2.o(.ARM.Collect$$rtentry$$0000000C) for __rt_entry_postli_1
    __rtentry.o(.ARM.Collect$$rtentry$$00000000) refers (Special) to __rtentry2.o(.ARM.Collect$$rtentry$$00000009) for __rt_entry_postsh_1
    __rtentry.o(.ARM.Collect$$rtentry$$00000000) refers (Special) to __rtentry2.o(.ARM.Collect$$rtentry$$00000002) for __rt_entry_presh_1
    __rtentry.o(.ARM.Collect$$rtentry$$00000000) refers (Special) to __rtentry7.o(.ARM.Collect$$rtentry$$00000007) for __rt_entry_sh
    aeabi_idiv0_sigfpe.o(.text) refers to rt_div0.o(.text) for __rt_div0
    rt_heap_descriptor.o(.text) refers to rt_heap_descriptor.o(.bss) for __rt_heap_descriptor_data
    rt_heap_descriptor_intlibspace.o(.text) refers to libspace.o(.bss) for __libspace_start
    init_alloc.o(.text) refers (Special) to hguard.o(.text) for __heap$guard
    init_alloc.o(.text) refers (Special) to libinit5.o(.ARM.Collect$$libinit$$00000008) for __rt_lib_init_heap_2
    init_alloc.o(.text) refers (Special) to maybetermalloc1.o(.emb_text) for _maybe_terminate_alloc
    init_alloc.o(.text) refers to h1_extend.o(.text) for __Heap_ProvideMemory
    init_alloc.o(.text) refers to defsig_rtmem_outer.o(.text) for __rt_SIGRTMEM
    init_alloc.o(.text) refers to rt_heap_descriptor_intlibspace.o(.text) for __rt_heap_descriptor
    init_alloc.o(.text) refers to h1_init.o(.text) for __Heap_Initialize
    _printf_intcommon.o(.text) refers (Weak) to _printf_pad.o(.text) for _printf_pre_padding
    _printf_intcommon.o(.text) refers (Weak) to _printf_pad.o(.text) for _printf_pre_padding
    _printf_intcommon.o(.text) refers (Weak) to _printf_pad.o(.text) for _printf_post_padding
    _printf_char_common.o(.text) refers to __printf_wp.o(.text) for __printf
    _get_argv.o(.text) refers (Special) to hrguard.o(.text) for __heap_region$guard
    _get_argv.o(.text) refers to h1_alloc.o(.text) for malloc
    _get_argv.o(.text) refers to defsig_rtmem_outer.o(.text) for __rt_SIGRTMEM
    _get_argv.o(.text) refers to sys_command.o(.text) for _sys_command_string
    libinit2.o(.ARM.Collect$$libinit$$00000005) refers (Weak) to init_alloc.o(.text) for _init_alloc
    libinit2.o(.ARM.Collect$$libinit$$00000010) refers to libinit2.o(.ARM.Collect$$libinit$$0000000F) for .ARM.Collect$$libinit$$0000000F
    libinit2.o(.ARM.Collect$$libinit$$00000012) refers to libinit2.o(.ARM.Collect$$libinit$$0000000F) for .ARM.Collect$$libinit$$0000000F
    libinit2.o(.ARM.Collect$$libinit$$00000014) refers to libinit2.o(.ARM.Collect$$libinit$$0000000F) for .ARM.Collect$$libinit$$0000000F
    libinit2.o(.ARM.Collect$$libinit$$00000016) refers to libinit2.o(.ARM.Collect$$libinit$$0000000F) for .ARM.Collect$$libinit$$0000000F
    libinit2.o(.ARM.Collect$$libinit$$00000018) refers to libinit2.o(.ARM.Collect$$libinit$$0000000F) for .ARM.Collect$$libinit$$0000000F
    libinit2.o(.ARM.Collect$$libinit$$00000026) refers to argv_veneer.o(.text) for __ARM_argv_veneer
    libinit2.o(.ARM.Collect$$libinit$$00000027) refers to argv_veneer.o(.text) for __ARM_argv_veneer
    dscalbn.o(.text) refers (Special) to usenofp.o(x$fpl$usenofp) for __I$use$fp
    dunder.o(i.__mathlib_dbl_divzero) refers to ddiv.o(.text) for __aeabi_ddiv
    dunder.o(i.__mathlib_dbl_infnan) refers to dscalbn.o(.text) for __ARM_scalbn
    dunder.o(i.__mathlib_dbl_infnan2) refers to daddsub.o(.text) for __aeabi_dadd
    dunder.o(i.__mathlib_dbl_invalid) refers to ddiv.o(.text) for __aeabi_ddiv
    dunder.o(i.__mathlib_dbl_overflow) refers to dscalbn.o(.text) for __ARM_scalbn
    dunder.o(i.__mathlib_dbl_posinfnan) refers to dmul.o(.text) for __aeabi_dmul
    dunder.o(i.__mathlib_dbl_underflow) refers to dscalbn.o(.text) for __ARM_scalbn
    fpclassify.o(i.__ARM_fpclassify) refers (Special) to usenofp.o(x$fpl$usenofp) for __I$use$fp
    poly.o(i.__kernel_poly) refers (Special) to usenofp.o(x$fpl$usenofp) for __I$use$fp
    poly.o(i.__kernel_poly) refers to dmul.o(.text) for __aeabi_dmul
    poly.o(i.__kernel_poly) refers to daddsub.o(.text) for __aeabi_dadd
    sys_command.o(.text) refers (Special) to use_no_semi.o(.text) for __I$use$semihosting
    sys_command.o(.text) refers (Special) to indicate_semi.o(.text) for __semihosting_library_function
    libspace.o(.text) refers to libspace.o(.bss) for __libspace_start
    __rtentry2.o(.ARM.Collect$$rtentry$$00000008) refers to boardinit2.o(.text) for _platform_post_stackheap_init
    __rtentry2.o(.ARM.Collect$$rtentry$$0000000A) refers to libinit.o(.ARM.Collect$$libinit$$00000000) for __rt_lib_init
    __rtentry2.o(.ARM.Collect$$rtentry$$0000000B) refers to boardinit3.o(.text) for _platform_post_lib_init
    __rtentry2.o(.ARM.Collect$$rtentry$$0000000D) refers to main.o(i.main) for main
    __rtentry2.o(.ARM.Collect$$rtentry$$0000000D) refers to led.o(i.main) for main
    __rtentry2.o(.ARM.Collect$$rtentry$$0000000D) refers to exit.o(.text) for exit
    __rtentry2.o(.ARM.exidx) refers to __rtentry2.o(.ARM.Collect$$rtentry$$00000001) for .ARM.Collect$$rtentry$$00000001
    __rtentry2.o(.ARM.exidx) refers to __rtentry2.o(.ARM.Collect$$rtentry$$00000008) for .ARM.Collect$$rtentry$$00000008
    __rtentry2.o(.ARM.exidx) refers to __rtentry2.o(.ARM.Collect$$rtentry$$0000000A) for .ARM.Collect$$rtentry$$0000000A
    __rtentry2.o(.ARM.exidx) refers to __rtentry2.o(.ARM.Collect$$rtentry$$0000000B) for .ARM.Collect$$rtentry$$0000000B
    __rtentry2.o(.ARM.exidx) refers to __rtentry2.o(.ARM.Collect$$rtentry$$0000000D) for .ARM.Collect$$rtentry$$0000000D
    __rtentry4.o(.ARM.Collect$$rtentry$$00000004) refers to sys_stackheap_outer.o(.text) for __user_setup_stackheap
    __rtentry4.o(.ARM.exidx) refers to __rtentry4.o(.ARM.Collect$$rtentry$$00000004) for .ARM.Collect$$rtentry$$00000004
    __rtentry7.o(.ARM.Collect$$rtentry$$00000007) refers to __rtentry7.o(.ARM.Collect$$rtentry$$00002718) for __lit__00000000
    __rtentry7.o(__vectab_stack_and_reset_2_area) refers to __main.o(!!!main) for __main
    __rtentry7.o(.ARM.exidx) refers to __rtentry7.o(.ARM.Collect$$rtentry$$00000007) for .ARM.Collect$$rtentry$$00000007
    __rtentry7.o(.ARM.exidx) refers to __rtentry7.o(.ARM.Collect$$rtentry$$00002718) for .ARM.Collect$$rtentry$$00002718
    rt_div0.o(.text) refers to defsig_fpe_outer.o(.text) for __rt_SIGFPE
    maybetermalloc2.o(.emb_text) refers (Special) to term_alloc.o(.text) for _terminate_alloc
    h1_extend.o(.text) refers to h1_free.o(.text) for free
    h1_extend_mt.o(.text) refers to h1_free_mt.o(.text) for _free_internal
    defsig_rtmem_outer.o(.text) refers to defsig_rtmem_inner.o(.text) for __rt_SIGRTMEM_inner
    defsig_rtmem_outer.o(.text) refers to defsig_exit.o(.text) for __sig_exit
    defsig_rtmem_formal.o(.text) refers to rt_raise.o(.text) for __rt_raise
    heapauxa.o(.text) refers to heapauxa.o(.data) for .data
    sys_stackheap_outer.o(.text) refers to libspace.o(.text) for __user_perproc_libspace
    sys_stackheap_outer.o(.text) refers to sys_stackheap.o(.text) for __user_initial_stackheap
    sys_stackheap_outer.o(__vectab_stack_and_reset_area) refers to tempstk.o(.text) for __temporary_stack_top
    sys_stackheap_outer.o(__vectab_stack_and_reset_area) refers to __main.o(!!!main) for __main
    rt_raise.o(.text) refers to __raise.o(.text) for __raise
    rt_raise.o(.text) refers to sys_exit.o(.text) for _sys_exit
    term_alloc.o(.text) refers (Special) to libshutdown2.o(.ARM.Collect$$libshutdown$$00000010) for __rt_lib_shutdown_heap_2
    term_alloc.o(.text) refers to rt_heap_descriptor_intlibspace.o(.text) for __rt_heap_descriptor
    exit.o(.text) refers to rtexit.o(.ARM.Collect$$rtexit$$00000000) for __rt_exit
    defsig_exit.o(.text) refers to sys_exit.o(.text) for _sys_exit
    defsig_fpe_outer.o(.text) refers to defsig_fpe_inner.o(.text) for __rt_SIGFPE_inner
    defsig_fpe_outer.o(.text) refers to defsig_exit.o(.text) for __sig_exit
    defsig_fpe_formal.o(.text) refers to rt_raise.o(.text) for __rt_raise
    defsig_rtmem_inner.o(.text) refers to defsig_general.o(.text) for __default_signal_display
    _get_argv_nomalloc.o(.text) refers (Special) to hrguard.o(.text) for __heap_region$guard
    _get_argv_nomalloc.o(.text) refers to defsig_rtmem_outer.o(.text) for __rt_SIGRTMEM
    _get_argv_nomalloc.o(.text) refers to sys_command.o(.text) for _sys_command_string
    libinit.o(.ARM.Collect$$libinit$$00000000) refers (Special) to libinit2.o(.ARM.Collect$$libinit$$0000002E) for __rt_lib_init_alloca_1
    libinit.o(.ARM.Collect$$libinit$$00000000) refers (Special) to libinit2.o(.ARM.Collect$$libinit$$0000002C) for __rt_lib_init_argv_1
    libinit.o(.ARM.Collect$$libinit$$00000000) refers (Special) to libinit2.o(.ARM.Collect$$libinit$$0000001B) for __rt_lib_init_atexit_1
    libinit.o(.ARM.Collect$$libinit$$00000000) refers (Special) to libinit2.o(.ARM.Collect$$libinit$$00000021) for __rt_lib_init_clock_1
    libinit.o(.ARM.Collect$$libinit$$00000000) refers (Special) to libinit2.o(.ARM.Collect$$libinit$$00000032) for __rt_lib_init_cpp_1
    libinit.o(.ARM.Collect$$libinit$$00000000) refers (Special) to libinit2.o(.ARM.Collect$$libinit$$00000030) for __rt_lib_init_exceptions_1
    libinit.o(.ARM.Collect$$libinit$$00000000) refers (Special) to libinit2.o(.ARM.Collect$$libinit$$00000002) for __rt_lib_init_fp_1
    libinit.o(.ARM.Collect$$libinit$$00000000) refers (Special) to libinit2.o(.ARM.Collect$$libinit$$0000001F) for __rt_lib_init_fp_trap_1
    libinit.o(.ARM.Collect$$libinit$$00000000) refers (Special) to libinit2.o(.ARM.Collect$$libinit$$00000023) for __rt_lib_init_getenv_1
    libinit.o(.ARM.Collect$$libinit$$00000000) refers (Special) to libinit2.o(.ARM.Collect$$libinit$$0000000A) for __rt_lib_init_heap_1
    libinit.o(.ARM.Collect$$libinit$$00000000) refers (Special) to libinit2.o(.ARM.Collect$$libinit$$00000011) for __rt_lib_init_lc_collate_1
    libinit.o(.ARM.Collect$$libinit$$00000000) refers (Special) to libinit2.o(.ARM.Collect$$libinit$$00000013) for __rt_lib_init_lc_ctype_1
    libinit.o(.ARM.Collect$$libinit$$00000000) refers (Special) to libinit2.o(.ARM.Collect$$libinit$$00000015) for __rt_lib_init_lc_monetary_1
    libinit.o(.ARM.Collect$$libinit$$00000000) refers (Special) to libinit2.o(.ARM.Collect$$libinit$$00000017) for __rt_lib_init_lc_numeric_1
    libinit.o(.ARM.Collect$$libinit$$00000000) refers (Special) to libinit2.o(.ARM.Collect$$libinit$$00000019) for __rt_lib_init_lc_time_1
    libinit.o(.ARM.Collect$$libinit$$00000000) refers (Special) to libinit2.o(.ARM.Collect$$libinit$$00000004) for __rt_lib_init_preinit_1
    libinit.o(.ARM.Collect$$libinit$$00000000) refers (Special) to libinit2.o(.ARM.Collect$$libinit$$0000000E) for __rt_lib_init_rand_1
    libinit.o(.ARM.Collect$$libinit$$00000000) refers (Special) to libinit2.o(.ARM.Collect$$libinit$$00000033) for __rt_lib_init_return
    libinit.o(.ARM.Collect$$libinit$$00000000) refers (Special) to libinit2.o(.ARM.Collect$$libinit$$0000001D) for __rt_lib_init_signal_1
    libinit.o(.ARM.Collect$$libinit$$00000000) refers (Special) to libinit2.o(.ARM.Collect$$libinit$$00000025) for __rt_lib_init_stdio_1
    libinit.o(.ARM.Collect$$libinit$$00000000) refers (Special) to libinit2.o(.ARM.Collect$$libinit$$0000000C) for __rt_lib_init_user_alloc_1
    sys_exit.o(.text) refers (Special) to use_no_semi.o(.text) for __I$use$semihosting
    sys_exit.o(.text) refers (Special) to indicate_semi.o(.text) for __semihosting_library_function
    sys_stackheap.o(.text) refers (Special) to indicate_semi.o(.text) for __semihosting_library_function
    sys_stackheap.o(.text) refers to use_no_semi.o(.text) for __I$use$semihosting
    rtexit.o(.ARM.Collect$$rtexit$$00000000) refers (Special) to rtexit2.o(.ARM.Collect$$rtexit$$00000004) for __rt_exit_exit
    rtexit.o(.ARM.Collect$$rtexit$$00000000) refers (Special) to rtexit2.o(.ARM.Collect$$rtexit$$00000003) for __rt_exit_ls
    rtexit.o(.ARM.Collect$$rtexit$$00000000) refers (Special) to rtexit2.o(.ARM.Collect$$rtexit$$00000002) for __rt_exit_prels_1
    rtexit.o(.ARM.exidx) refers (Special) to rtexit2.o(.ARM.Collect$$rtexit$$00000004) for __rt_exit_exit
    rtexit.o(.ARM.exidx) refers (Special) to rtexit2.o(.ARM.Collect$$rtexit$$00000003) for __rt_exit_ls
    rtexit.o(.ARM.exidx) refers (Special) to rtexit2.o(.ARM.Collect$$rtexit$$00000002) for __rt_exit_prels_1
    rtexit.o(.ARM.exidx) refers to rtexit.o(.ARM.Collect$$rtexit$$00000000) for .ARM.Collect$$rtexit$$00000000
    __raise.o(.text) refers to defsig.o(CL$$defsig) for __default_signal_handler
    defsig_general.o(.text) refers to sys_wrch.o(.text) for _ttywrch
    defsig_fpe_inner.o(.text) refers to defsig_general.o(.text) for __default_signal_display
    libinit5.o(.ARM.Collect$$libinit$$00000008) refers to libinit5.o(.ARM.Collect$$libinit$$00002719) for __lit__00000000
    libinit5.o(.ARM.Collect$$libinit$$00000008) refers (Weak) to init_alloc.o(.text) for _init_alloc
    libinit5.o(.ARM.Collect$$libinit$$0000002A) refers to libinit5.o(.ARM.Collect$$libinit$$0000273B) for __lit__00000002
    libinit5.o(.ARM.Collect$$libinit$$0000002A) refers to argv_veneer.o(.text) for __ARM_argv_veneer
    libshutdown2.o(.ARM.Collect$$libshutdown$$0000000F) refers (Weak) to term_alloc.o(.text) for _terminate_alloc
    sys_wrch.o(.text) refers (Special) to use_no_semi.o(.text) for __I$use$semihosting
    sys_wrch.o(.text) refers (Special) to indicate_semi.o(.text) for __semihosting_library_function
    rtexit2.o(.ARM.Collect$$rtexit$$00000003) refers to libshutdown.o(.ARM.Collect$$libshutdown$$00000000) for __rt_lib_shutdown
    rtexit2.o(.ARM.Collect$$rtexit$$00000004) refers to sys_exit.o(.text) for _sys_exit
    rtexit2.o(.ARM.exidx) refers to rtexit2.o(.ARM.Collect$$rtexit$$00000001) for .ARM.Collect$$rtexit$$00000001
    rtexit2.o(.ARM.exidx) refers to rtexit2.o(.ARM.Collect$$rtexit$$00000003) for .ARM.Collect$$rtexit$$00000003
    rtexit2.o(.ARM.exidx) refers to rtexit2.o(.ARM.Collect$$rtexit$$00000004) for .ARM.Collect$$rtexit$$00000004
    defsig.o(CL$$defsig) refers to defsig_fpe_inner.o(.text) for __rt_SIGFPE_inner
    defsig.o(CL$$defsig) refers to defsig_rtmem_inner.o(.text) for __rt_SIGRTMEM_inner
    defsig_abrt_inner.o(.text) refers to defsig_general.o(.text) for __default_signal_display
    defsig_rtred_inner.o(.text) refers to defsig_general.o(.text) for __default_signal_display
    defsig_stak_inner.o(.text) refers to defsig_general.o(.text) for __default_signal_display
    defsig_pvfn_inner.o(.text) refers to defsig_general.o(.text) for __default_signal_display
    defsig_cppl_inner.o(.text) refers to defsig_general.o(.text) for __default_signal_display
    defsig_segv_inner.o(.text) refers to defsig_general.o(.text) for __default_signal_display
    defsig_other.o(.text) refers to defsig_general.o(.text) for __default_signal_display
    libshutdown.o(.ARM.Collect$$libshutdown$$00000000) refers (Special) to libshutdown2.o(.ARM.Collect$$libshutdown$$00000004) for __rt_lib_shutdown_cpp_1
    libshutdown.o(.ARM.Collect$$libshutdown$$00000000) refers (Special) to libshutdown2.o(.ARM.Collect$$libshutdown$$00000002) for __rt_lib_shutdown_fini_1
    libshutdown.o(.ARM.Collect$$libshutdown$$00000000) refers (Special) to libshutdown2.o(.ARM.Collect$$libshutdown$$00000009) for __rt_lib_shutdown_fp_trap_1
    libshutdown.o(.ARM.Collect$$libshutdown$$00000000) refers (Special) to libshutdown2.o(.ARM.Collect$$libshutdown$$00000011) for __rt_lib_shutdown_heap_1
    libshutdown.o(.ARM.Collect$$libshutdown$$00000000) refers (Special) to libshutdown2.o(.ARM.Collect$$libshutdown$$00000012) for __rt_lib_shutdown_return
    libshutdown.o(.ARM.Collect$$libshutdown$$00000000) refers (Special) to libshutdown2.o(.ARM.Collect$$libshutdown$$0000000C) for __rt_lib_shutdown_signal_1
    libshutdown.o(.ARM.Collect$$libshutdown$$00000000) refers (Special) to libshutdown2.o(.ARM.Collect$$libshutdown$$00000006) for __rt_lib_shutdown_stdio_1
    libshutdown.o(.ARM.Collect$$libshutdown$$00000000) refers (Special) to libshutdown2.o(.ARM.Collect$$libshutdown$$0000000E) for __rt_lib_shutdown_user_alloc_1

