Component: ARM Compiler 5.06 update 7 (build 960) Tool: armlink [4d3601]

==============================================================================

Section Cross References

    slcd.o(i.SLCD_EnablePins) refers to slcd.o(.constdata) for WF_ORDERING_TABLE
    slcd.o(i.SLCD_Init) refers to slcd.o(i.SLCD_EnablePins) for SLCD_EnablePins
    slcd.o(i.SLCD_WriteChar) refers to slcd.o(.data) for bLCD_CharPosition
    slcd.o(i.SLCD_WriteChar) refers to slcd.o(.constdata) for WF_ORDERING_TABLE
    slcd.o(i.SLCD_WriteMsg) refers to slcd.o(i.SLCD_WriteChar) for SLCD_WriteChar
    slcd.o(i.SLCD_WriteMsg) refers to slcd.o(.data) for bLCD_CharPosition
    main.o(i.PORTC_PORTD_IRQHandler) refers to main.o(.data) for bSW1Pressed
    main.o(i.TIMER_Init) refers to aeabi_sdiv.o(.text) for __aeabi_idivmod
    main.o(i.TIMER_Init) refers to main.o(.data) for prescalar_factor
    main.o(i.TPM0_IRQHandler) refers to main.o(.data) for bIsTimerExpired
    main.o(i.main) refers to _printf_pad.o(.text) for _printf_pre_padding
    main.o(i.main) refers to _printf_percent.o(.ARM.Collect$$_printf_percent$$00000000) for _printf_percent
    main.o(i.main) refers to _printf_d.o(.ARM.Collect$$_printf_percent$$00000009) for _printf_d
    main.o(i.main) refers to _printf_dec.o(.text) for _printf_int_dec
    main.o(i.main) refers to slcd.o(i.SLCD_Init) for SLCD_Init
    main.o(i.main) refers to pin_mux.o(i.BOARD_InitPins) for BOARD_InitPins
    main.o(i.main) refers to clock_config.o(i.BOARD_BootClockRUN) for BOARD_BootClockRUN
    main.o(i.main) refers to board.o(i.BOARD_InitDebugConsole) for BOARD_InitDebugConsole
    main.o(i.main) refers to main.o(i.LED_Init) for LED_Init
    main.o(i.main) refers to main.o(i.SWITCH_Init) for SWITCH_Init
    main.o(i.main) refers to main.o(i.TIMER_Init) for TIMER_Init
    main.o(i.main) refers to i2c.o(i.I2C0_Init) for I2C0_Init
    main.o(i.main) refers to main.o(i.__NVIC_EnableIRQ) for __NVIC_EnableIRQ
    main.o(i.main) refers to main.o(i.__NVIC_SetPriority) for __NVIC_SetPriority
    main.o(i.main) refers to slcd.o(i.SLCD_WriteMsg) for SLCD_WriteMsg
    main.o(i.main) refers to i2c.o(i.I2C_SingleByteRead) for I2C_SingleByteRead
    main.o(i.main) refers to mag.o(i.Magnetometer_Run) for Magnetometer_Run
    main.o(i.main) refers to noretval__2snprintf.o(.text) for __2snprintf
    main.o(i.main) refers to mag.o(i.Magnetometer_Init) for Magnetometer_Init
    main.o(i.main) refers to mag.o(i.Magnetometer_Acq) for Magnetometer_Acq
    main.o(i.main) refers to mag.o(i.Magnetometer_Cal) for Magnetometer_Cal
    main.o(i.main) refers to main.o(.data) for bSW3Pressed
    i2c.o(i.I2C_MultipleByteRead) refers to i2c.o(i.delay) for delay
    i2c.o(i.I2C_MultipleByteRead) refers to main.o(.data) for DATA_READ
    i2c.o(i.I2C_MultipleByteWrite) refers to i2c.o(i.delay) for delay
    i2c.o(i.I2C_SingleByteRead) refers to i2c.o(i.delay) for delay
    i2c.o(i.I2C_SingleByteWrite) refers to i2c.o(i.delay) for delay
    mag.o(i.Magnetometer_Acq) refers to i2c.o(i.I2C_MultipleByteRead) for I2C_MultipleByteRead
    mag.o(i.Magnetometer_Acq) refers to main.o(.data) for DATA_READ
    mag.o(i.Magnetometer_Cal) refers to main.o(.data) for MAG_DATA_MAX_AXIS
    mag.o(i.Magnetometer_Init) refers to i2c.o(i.I2C_SingleByteRead) for I2C_SingleByteRead
    mag.o(i.Magnetometer_Init) refers to slcd.o(i.SLCD_WriteMsg) for SLCD_WriteMsg
    mag.o(i.Magnetometer_Init) refers to i2c.o(i.I2C_MultipleByteWrite) for I2C_MultipleByteWrite
    mag.o(i.Magnetometer_Run) refers to i2c.o(i.I2C_MultipleByteRead) for I2C_MultipleByteRead
    mag.o(i.Magnetometer_Run) refers to dflti.o(.text) for __aeabi_i2d
    mag.o(i.Magnetometer_Run) refers to ddiv.o(.text) for __aeabi_ddiv
    mag.o(i.Magnetometer_Run) refers to atan.o(i.atan) for atan
    mag.o(i.Magnetometer_Run) refers to dmul.o(.text) for __aeabi_dmul
    mag.o(i.Magnetometer_Run) refers to daddsub.o(.text) for __aeabi_drsub
    mag.o(i.Magnetometer_Run) refers to dfixi.o(.text) for __aeabi_d2iz
    mag.o(i.Magnetometer_Run) refers to main.o(.data) for DATA_READ
    board.o(i.BOARD_InitDebugConsole) refers to fsl_clock.o(i.CLOCK_GetPllFllSelClkFreq) for CLOCK_GetPllFllSelClkFreq
    board.o(i.BOARD_InitDebugConsole) refers to fsl_debug_console.o(i.DbgConsole_Init) for DbgConsole_Init
    clock_config.o(i.BOARD_BootClockRUN) refers to fsl_clock.o(i.CLOCK_InitOsc0) for CLOCK_InitOsc0
    clock_config.o(i.BOARD_BootClockRUN) refers to clock_config.o(i.CLOCK_CONFIG_SetFllExtRefDiv) for CLOCK_CONFIG_SetFllExtRefDiv
    clock_config.o(i.BOARD_BootClockRUN) refers to fsl_clock.o(i.CLOCK_BootToPeeMode) for CLOCK_BootToPeeMode
    clock_config.o(i.BOARD_BootClockRUN) refers to fsl_clock.o(i.CLOCK_SetInternalRefClkConfig) for CLOCK_SetInternalRefClkConfig
    clock_config.o(i.BOARD_BootClockRUN) refers to fsl_clock.o(i.CLOCK_SetSimConfig) for CLOCK_SetSimConfig
    clock_config.o(i.BOARD_BootClockRUN) refers to clock_config.o(.constdata) for oscConfig_BOARD_BootClockRUN
[...]
    ../clib/libinit.s                        0x00000000   Number         0  libinit.o ABSOLUTE
    ../clib/memcpset.c                       0x00000000   Number         0  rt_memclr.o ABSOLUTE
    ../clib/memcpset.c                       0x00000000   Number         0  rt_memcpy.o ABSOLUTE
    ../clib/memcpset.c                       0x00000000   Number         0  rt_memcpy.o ABSOLUTE
    ../clib/misc.s                           0x00000000   Number         0  printf_stubs.o ABSOLUTE
    ../clib/printf.c                         0x00000000   Number         0  __printf.o ABSOLUTE
    ../clib/printf.c                         0x00000000   Number         0  __printf_flags_wp.o ABSOLUTE
    ../clib/printf.c                         0x00000000   Number         0  _snputc.o ABSOLUTE
    ../clib/printf.c                         0x00000000   Number         0  __2snprintf.o ABSOLUTE
    ../clib/printf.c                         0x00000000   Number         0  __printf_ss_wp.o ABSOLUTE
    ../clib/printf.c                         0x00000000   Number         0  __printf_flags_ss_wp.o ABSOLUTE
    ../clib/printf.c                         0x00000000   Number         0  _printf_char_common.o ABSOLUTE
    ../clib/printf.c                         0x00000000   Number         0  _printf_intcommon.o ABSOLUTE
    ../clib/printf.c                         0x00000000   Number         0  __printf_ss.o ABSOLUTE
    ../clib/printf.c                         0x00000000   Number         0  __printf_nopercent.o ABSOLUTE
    ../clib/printf.c                         0x00000000   Number         0  __printf_flags.o ABSOLUTE
    ../clib/printf.c                         0x00000000   Number         0  _sputc.o ABSOLUTE
    ../clib/printf.c                         0x00000000   Number         0  __printf_flags_ss.o ABSOLUTE
    ../clib/printf.c                         0x00000000   Number         0  _printf_dec.o ABSOLUTE
    ../clib/printf.c                         0x00000000   Number         0  __printf_wp.o ABSOLUTE
    ../clib/printf.c                         0x00000000   Number         0  noretval__2snprintf.o ABSOLUTE
    ../clib/printf.c                         0x00000000   Number         0  _printf_pad.o ABSOLUTE
    ../clib/printf_percent.s                 0x00000000   Number         0  _printf_percent_end.o ABSOLUTE
    ../clib/printf_percent.s                 0x00000000   Number         0  _printf_d.o ABSOLUTE
    ../clib/printf_percent.s                 0x00000000   Number         0  _printf_percent.o ABSOLUTE
    ../clib/signal.c                         0x00000000   Number         0  defsig_rtmem_formal.o ABSOLUTE
    ../clib/signal.c                         0x00000000   Number         0  defsig_rtred_inner.o ABSOLUTE
    ../clib/signal.c                         0x00000000   Number         0  defsig_abrt_inner.o ABSOLUTE
    ../clib/signal.c                         0x00000000   Number         0  defsig_fpe_inner.o ABSOLUTE
    ../clib/signal.c                         0x00000000   Number         0  defsig_general.o ABSOLUTE
    ../clib/signal.c                         0x00000000   Number         0  __raise.o ABSOLUTE
    ../clib/signal.c                         0x00000000   Number         0  defsig_rtmem_inner.o ABSOLUTE
    ../clib/signal.c                         0x00000000   Number         0  defsig_stak_inner.o ABSOLUTE
    ../clib/signal.c                         0x00000000   Number         0  defsig_fpe_formal.o ABSOLUTE
    ../clib/signal.c                         0x00000000   Number         0  defsig_fpe_outer.o ABSOLUTE
    ../clib/signal.c                         0x00000000   Number         0  defsig_exit.o ABSOLUTE
    ../clib/signal.c                         0x00000000   Number         0  defsig_other.o ABSOLUTE
    ../clib/signal.c                         0x00000000   Number         0  defsig_segv_inner.o ABSOLUTE
    ../clib/signal.c                         0x00000000   Number         0  defsig_cppl_inner.o ABSOLUTE
    ../clib/signal.c                         0x00000000   Number         0  defsig_pvfn_inner.o ABSOLUTE
    ../clib/signal.c                         0x00000000   Number         0  defsig_rtmem_outer.o ABSOLUTE
    ../clib/signal.s                         0x00000000   Number         0  defsig.o ABSOLUTE
    ../clib/stdlib.c                         0x00000000   Number         0  exit.o ABSOLUTE
    ../clib/string.c                         0x00000000   Number         0  strlen.o ABSOLUTE
    ../fplib/cfplib/daddsub.c                0x00000000   Number         0  daddsub.o ABSOLUTE
    ../fplib/cfplib/ddiv.c                   0x00000000   Number         0  ddiv.o ABSOLUTE
    ../fplib/cfplib/dmul.c                   0x00000000   Number         0  dmul.o ABSOLUTE
    ../fplib/cfplib/ffix.c                   0x00000000   Number         0  dfixi.o ABSOLUTE
    ../fplib/cfplib/fflt.c                   0x00000000   Number         0  dflti.o ABSOLUTE
    ../fplib/cfplib/fpinit.c                 0x00000000   Number         0  fpinit.o ABSOLUTE
    ../fplib/cfplib/scalbn.c                 0x00000000   Number         0  dscalbn.o ABSOLUTE
    ../fplib/usenofp.s                       0x00000000   Number         0  usenofp.o ABSOLUTE
    ../mathlib/atan.c                        0x00000000   Number         0  atan_x.o ABSOLUTE
    ../mathlib/atan.c                        0x00000000   Number         0  atan.o ABSOLUTE
    ../mathlib/dunder.c                      0x00000000   Number         0  dunder.o ABSOLUTE
    ../mathlib/fpclassify.c                  0x00000000   Number         0  fpclassify.o ABSOLUTE
    ../mathlib/poly.c                        0x00000000   Number         0  poly.o ABSOLUTE
    C:/Users/PHUOC/AppData/Local/Arm/Packs/NXP/MKL46Z4_DFP/10.0.3/drivers/fsl_clock.c 0x00000000   Number         0  fsl_clock.o ABSOLUTE
    C:/Users/PHUOC/AppData/Local/Arm/Packs/NXP/MKL46Z4_DFP/10.0.3/drivers/fsl_common.c 0x00000000   Number         0  fsl_common.o ABSOLUTE
    C:/Users/PHUOC/AppData/Local/Arm/Packs/NXP/MKL46Z4_DFP/10.0.3/drivers/fsl_ftfx_cache.c 0x00000000   Number         0  fsl_ftfx_cache.o ABSOLUTE
    C:/Users/PHUOC/AppData/Local/Arm/Packs/NXP/MKL46Z4_DFP/10.0.3/drivers/fsl_ftfx_controller.c 0x00000000   Number         0  fsl_ftfx_controller.o ABSOLUTE
    C:/Users/PHUOC/AppData/Local/Arm/Packs/NXP/MKL46Z4_DFP/10.0.3/drivers/fsl_ftfx_flash.c 0x00000000   Number         0  fsl_ftfx_flash.o ABSOLUTE
    C:/Users/PHUOC/AppData/Local/Arm/Packs/NXP/MKL46Z4_DFP/10.0.3/drivers/fsl_ftfx_flexnvm.c 0x00000000   Number         0  fsl_ftfx_flexnvm.o ABSOLUTE
    C:/Users/PHUOC/AppData/Local/Arm/Packs/NXP/MKL46Z4_DFP/10.0.3/drivers/fsl_gpio.c 0x00000000   Number         0  fsl_gpio.o ABSOLUTE
    C:/Users/PHUOC/AppData/Local/Arm/Packs/NXP/MKL46Z4_DFP/10.0.3/drivers/fsl_i2c.c 0x00000000   Number         0  fsl_i2c.o ABSOLUTE
    C:/Users/PHUOC/AppData/Local/Arm/Packs/NXP/MKL46Z4_DFP/10.0.3/drivers/fsl_lpsci.c 0x00000000   Number         0  fsl_lpsci.o ABSOLUTE
    C:/Users/PHUOC/AppData/Local/Arm/Packs/NXP/MKL46Z4_DFP/10.0.3/drivers/fsl_smc.c 0x00000000   Number         0  fsl_smc.o ABSOLUTE
    C:/Users/PHUOC/AppData/Local/Arm/Packs/NXP/MKL46Z4_DFP/10.0.3/drivers/fsl_uart.c 0x00000000   Number         0  fsl_uart.o ABSOLUTE
    C:/Users/PHUOC/AppData/Local/Arm/Packs/NXP/MKL46Z4_DFP/10.0.3/utilities/fsl_assert.c 0x00000000   Number         0  fsl_assert.o ABSOLUTE
    C:/Users/PHUOC/AppData/Local/Arm/Packs/NXP/MKL46Z4_DFP/10.0.3/utilities/fsl_debug_console.c 0x00000000   Number         0  fsl_debug_console.o ABSOLUTE
    C:/Users/PHUOC/AppData/Local/Arm/Packs/NXP/MKL46Z4_DFP/10.0.3/utilities/io/fsl_io.c 0x00000000   Number         0  fsl_io.o ABSOLUTE
    C:/Users/PHUOC/AppData/Local/Arm/Packs/NXP/MKL46Z4_DFP/10.0.3/utilities/log/fsl_log.c 0x00000000   Number         0  fsl_log.o ABSOLUTE
    C:/Users/PHUOC/AppData/Local/Arm/Packs/NXP/MKL46Z4_DFP/10.0.3/utilities/str/fsl_str.c 0x00000000   Number         0  fsl_str.o ABSOLUTE
    C:\Users\PHUOC\AppData\Local\Arm\Packs\NXP\MKL46Z4_DFP\10.0.3\drivers\fsl_clock.c 0x00000000   Number         0  fsl_clock.o ABSOLUTE
    C:\Users\PHUOC\AppData\Local\Arm\Packs\NXP\MKL46Z4_DFP\10.0.3\drivers\fsl_common.c 0x00000000   Number         0  fsl_common.o ABSOLUTE
    C:\Users\PHUOC\AppData\Local\Arm\Packs\NXP\MKL46Z4_DFP\10.0.3\drivers\fsl_ftfx_cache.c 0x00000000   Number         0  fsl_ftfx_cache.o ABSOLUTE
    C:\Users\PHUOC\AppData\Local\Arm\Packs\NXP\MKL46Z4_DFP\10.0.3\drivers\fsl_ftfx_controller.c 0x00000000   Number         0  fsl_ftfx_controller.o ABSOLUTE
    C:\Users\PHUOC\AppData\Local\Arm\Packs\NXP\MKL46Z4_DFP\10.0.3\drivers\fsl_ftfx_flash.c 0x00000000   Number         0  fsl_ftfx_flash.o ABSOLUTE
    C:\Users\PHUOC\AppData\Local\Arm\Packs\NXP\MKL46Z4_DFP\10.0.3\drivers\fsl_ftfx_flexnvm.c 0x00000000   Number         0  fsl_ftfx_flexnvm.o ABSOLUTE
    C:\Users\PHUOC\AppData\Local\Arm\Packs\NXP\MKL46Z4_DFP\10.0.3\drivers\fsl_gpio.c 0x00000000   Number         0  fsl_gpio.o ABSOLUTE
    C:\Users\PHUOC\AppData\Local\Arm\Packs\NXP\MKL46Z4_DFP\10.0.3\drivers\fsl_i2c.c 0x00000000   Number         0  fsl_i2c.o ABSOLUTE
    C:\Users\PHUOC\AppData\Local\Arm\Packs\NXP\MKL46Z4_DFP\10.0.3\drivers\fsl_lpsci.c 0x00000000   Number         0  fsl_lpsci.o ABSOLUTE
    C:\Users\PHUOC\AppData\Local\Arm\Packs\NXP\MKL46Z4_DFP\10.0.3\drivers\fsl_smc.c 0x00000000   Number         0  fsl_smc.o ABSOLUTE
    C:\Users\PHUOC\AppData\Local\Arm\Packs\NXP\MKL46Z4_DFP\10.0.3\drivers\fsl_uart.c 0x00000000   Number         0  fsl_uart.o ABSOLUTE
    C:\Users\PHUOC\AppData\Local\Arm\Packs\NXP\MKL46Z4_DFP\10.0.3\utilities\fsl_assert.c 0x00000000   Number         0  fsl_assert.o ABSOLUTE
    C:\Users\PHUOC\AppData\Local\Arm\Packs\NXP\MKL46Z4_DFP\10.0.3\utilities\fsl_debug_console.c 0x00000000   Number         0  fsl_debug_console.o ABSOLUTE
    C:\Users\PHUOC\AppData\Local\Arm\Packs\NXP\MKL46Z4_DFP\10.0.3\utilities\io\fsl_io.c 0x00000000   Number         0  fsl_io.o ABSOLUTE
    C:\Users\PHUOC\AppData\Local\Arm\Packs\NXP\MKL46Z4_DFP\10.0.3\utilities\log\fsl_log.c 0x00000000   Number         0  fsl_log.o ABSOLUTE
    C:\Users\PHUOC\AppData\Local\Arm\Packs\NXP\MKL46Z4_DFP\10.0.3\utilities\str\fsl_str.c 0x00000000   Number         0  fsl_str.o ABSOLUTE
    RTE/Board_Support/MKL46Z256VLL4/board.c  0x00000000   Number         0  board.o ABSOLUTE
    RTE/Board_Support/MKL46Z256VLL4/clock_config.c 0x00000000   Number         0  clock_config.o ABSOLUTE
    RTE/Board_Support/MKL46Z256VLL4/peripherals.c 0x00000000   Number         0  peripherals.o ABSOLUTE
    RTE/Board_Support/MKL46Z256VLL4/pin_mux.c 0x00000000   Number         0  pin_mux.o ABSOLUTE
    RTE/Device/MKL46Z256VLL4/startup_MKL46Z4.s 0x00000000   Number         0  startup_mkl46z4.o ABSOLUTE
    RTE/Device/MKL46Z256VLL4/system_MKL46Z4.c 0x00000000   Number         0  system_mkl46z4.o ABSOLUTE
    RTE\Board_Support\MKL46Z256VLL4\board.c  0x00000000   Number         0  board.o ABSOLUTE
    RTE\Board_Support\MKL46Z256VLL4\clock_config.c 0x00000000   Number         0  clock_config.o ABSOLUTE
    RTE\Board_Support\MKL46Z256VLL4\pin_mux.c 0x00000000   Number         0  pin_mux.o ABSOLUTE
    RTE\Device\MKL46Z256VLL4\system_MKL46Z4.c 0x00000000   Number         0  system_mkl46z4.o ABSOLUTE
    dc.s                                     0x00000000   Number         0  dc.o ABSOLUTE
    i2c.c                                    0x00000000   Number         0  i2c.o ABSOLUTE
    i2c.c                                    0x00000000   Number         0  i2c.o ABSOLUTE
    mag.c                                    0x00000000   Number         0  mag.o ABSOLUTE
    mag.c                                    0x00000000   Number         0  mag.o ABSOLUTE
    main.c                                   0x00000000   Number         0  main.o ABSOLUTE
    main.c                                   0x00000000   Number         0  main.o ABSOLUTE
    slcd.c                                   0x00000000   Number         0  slcd.o ABSOLUTE
    slcd.c                                   0x00000000   Number         0  slcd.o ABSOLUTE
    FlashConfig                              0x00000400   Section       16  startup_mkl46z4.o(FlashConfig)
    !!!main                                  0x00000410   Section        8  __main.o(!!!main)
    !!!scatter                               0x00000418   Section       60  __scatter.o(!!!scatter)
    !!handler_copy                           0x00000454   Section       26  __scatter_copy.o(!!handler_copy)
    !!handler_zi                             0x00000470   Section       28  __scatter_zi.o(!!handler_zi)
    .ARM.Collect$$_printf_percent$$00000000  0x0000048c   Section        2  _printf_percent.o(.ARM.Collect$$_printf_percent$$00000000)
    .ARM.Collect$$_printf_percent$$00000009  0x0000048e   Section       10  _printf_d.o(.ARM.Collect$$_printf_percent$$00000009)
    .ARM.Collect$$_printf_percent$$00000017  0x00000498   Section        4  _printf_percent_end.o(.ARM.Collect$$_printf_percent$$00000017)
    .ARM.Collect$$libinit$$00000000          0x0000049c   Section        2  libinit.o(.ARM.Collect$$libinit$$00000000)
    .ARM.Collect$$libinit$$00000002          0x0000049e   Section        0  libinit2.o(.ARM.Collect$$libinit$$00000002)
    .ARM.Collect$$libinit$$00000004          0x0000049e   Section        0  libinit2.o(.ARM.Collect$$libinit$$00000004)
    .ARM.Collect$$libinit$$0000000A          0x0000049e   Section        0  libinit2.o(.ARM.Collect$$libinit$$0000000A)
    .ARM.Collect$$libinit$$0000000C          0x0000049e   Section        0  libinit2.o(.ARM.Collect$$libinit$$0000000C)
    .ARM.Collect$$libinit$$0000000E          0x0000049e   Section        0  libinit2.o(.ARM.Collect$$libinit$$0000000E)
    .ARM.Collect$$libinit$$00000011          0x0000049e   Section        0  libinit2.o(.ARM.Collect$$libinit$$00000011)
    .ARM.Collect$$libinit$$00000013          0x0000049e   Section        0  libinit2.o(.ARM.Collect$$libinit$$00000013)
    .ARM.Collect$$libinit$$00000015          0x0000049e   Section        0  libinit2.o(.ARM.Collect$$libinit$$00000015)
    .ARM.Collect$$libinit$$00000017          0x0000049e   Section        0  libinit2.o(.ARM.Collect$$libinit$$00000017)
    .ARM.Collect$$libinit$$00000019          0x0000049e   Section        0  libinit2.o(.ARM.Collect$$libinit$$00000019)
    .ARM.Collect$$libinit$$0000001B          0x0000049e   Section        0  libinit2.o(.ARM.Collect$$libinit$$0000001B)
    .ARM.Collect$$libinit$$0000001D          0x0000049e   Section        0  libinit2.o(.ARM.Collect$$libinit$$0000001D)
    .ARM.Collect$$libinit$$0000001F          0x0000049e   Section        0  libinit2.o(.ARM.Collect$$libinit$$0000001F)
    .ARM.Collect$$libinit$$00000021          0x0000049e   Section        0  libinit2.o(.ARM.Collect$$libinit$$00000021)
    .ARM.Collect$$libinit$$00000023          0x0000049e   Section        0  libinit2.o(.ARM.Collect$$libinit$$00000023)
    .ARM.Collect$$libinit$$00000025          0x0000049e   Section        0  libinit2.o(.ARM.Collect$$libinit$$00000025)
    .ARM.Collect$$libinit$$0000002C          0x0000049e   Section        0  libinit2.o(.ARM.Collect$$libinit$$0000002C)
    .ARM.Collect$$libinit$$0000002E          0x0000049e   Section        0  libinit2.o(.ARM.Collect$$libinit$$0000002E)
    .ARM.Collect$$libinit$$00000030          0x0000049e   Section        0  libinit2.o(.ARM.Collect$$libinit$$00000030)
    .ARM.Collect$$libinit$$00000032          0x0000049e   Section        0  libinit2.o(.ARM.Collect$$libinit$$00000032)
    .ARM.Collect$$libinit$$00000033          0x0000049e   Section        2  libinit2.o(.ARM.Collect$$libinit$$00000033)
    .ARM.Collect$$libshutdown$$00000000      0x000004a0   Section        2  libshutdown.o(.ARM.Collect$$libshutdown$$00000000)
    .ARM.Collect$$libshutdown$$00000002      0x000004a2   Section        0  libshutdown2.o(.ARM.Collect$$libshutdown$$00000002)
    .ARM.Collect$$libshutdown$$00000004      0x000004a2   Section        0  libshutdown2.o(.ARM.Collect$$libshutdown$$00000004)
    .ARM.Collect$$libshutdown$$00000006      0x000004a2   Section        0  libshutdown2.o(.ARM.Collect$$libshutdown$$00000006)
    .ARM.Collect$$libshutdown$$00000009      0x000004a2   Section        0  libshutdown2.o(.ARM.Collect$$libshutdown$$00000009)
    .ARM.Collect$$libshutdown$$0000000C      0x000004a2   Section        0  libshutdown2.o(.ARM.Collect$$libshutdown$$0000000C)
    .ARM.Collect$$libshutdown$$0000000E      0x000004a2   Section        0  libshutdown2.o(.ARM.Collect$$libshutdown$$0000000E)
    .ARM.Collect$$libshutdown$$00000011      0x000004a2   Section        0  libshutdown2.o(.ARM.Collect$$libshutdown$$00000011)
    .ARM.Collect$$libshutdown$$00000012      0x000004a2   Section        2  libshutdown2.o(.ARM.Collect$$libshutdown$$00000012)
    .ARM.Collect$$rtentry$$00000000          0x000004a4   Section        0  __rtentry.o(.ARM.Collect$$rtentry$$00000000)
    .ARM.Collect$$rtentry$$00000002          0x000004a4   Section        0  __rtentry2.o(.ARM.Collect$$rtentry$$00000002)
    .ARM.Collect$$rtentry$$00000007          0x000004a4   Section        4  __rtentry7.o(.ARM.Collect$$rtentry$$00000007)
    .ARM.Collect$$rtentry$$00000009          0x000004a8   Section        0  __rtentry2.o(.ARM.Collect$$rtentry$$00000009)
    .ARM.Collect$$rtentry$$0000000A          0x000004a8   Section        4  __rtentry2.o(.ARM.Collect$$rtentry$$0000000A)
    .ARM.Collect$$rtentry$$0000000C          0x000004ac   Section        0  __rtentry2.o(.ARM.Collect$$rtentry$$0000000C)
    .ARM.Collect$$rtentry$$0000000D          0x000004ac   Section        8  __rtentry2.o(.ARM.Collect$$rtentry$$0000000D)
    .ARM.Collect$$rtentry$$00002718          0x000004b4   Section        4  __rtentry7.o(.ARM.Collect$$rtentry$$00002718)
    __lit__00000000                          0x000004b4   Data           4  __rtentry7.o(.ARM.Collect$$rtentry$$00002718)
    .ARM.Collect$$rtexit$$00000000           0x000004b8   Section        2  rtexit.o(.ARM.Collect$$rtexit$$00000000)
    .ARM.Collect$$rtexit$$00000002           0x000004ba   Section        0  rtexit2.o(.ARM.Collect$$rtexit$$00000002)
    .ARM.Collect$$rtexit$$00000003           0x000004ba   Section        4  rtexit2.o(.ARM.Collect$$rtexit$$00000003)
    .ARM.Collect$$rtexit$$00000004           0x000004be   Section        6  rtexit2.o(.ARM.Collect$$rtexit$$00000004)
    .text                                    0x000004c4   Section      156  startup_mkl46z4.o(.text)
    .text                                    0x00000560   Section        0  noretval__2snprintf.o(.text)
    .text                                    0x00000598   Section        0  _printf_pad.o(.text)
    .text                                    0x000005e8   Section        0  _printf_dec.o(.text)
    .text                                    0x00000654   Section        0  __printf_wp.o(.text)
    .text                                    0x00000764   Section        0  strlen.o(.text)
    .text                                    0x000007a8   Section        0  rt_memclr.o(.text)
    .text                                    0x000007e8   Section      346  aeabi_sdiv.o(.text)
    .text                                    0x00000944   Section        0  daddsub.o(.text)
    _dadd1                                   0x00000945   Thumb Code   290  daddsub.o(.text)
    _dsub1                                   0x00000a67   Thumb Code   470  daddsub.o(.text)
    .text                                    0x00000c9c   Section        0  ddiv.o(.text)
    .text                                    0x000010e4   Section        0  dfixi.o(.text)
    .text                                    0x00001150   Section        0  dflti.o(.text)
    .text                                    0x000011a8   Section        0  dmul.o(.text)
    .text                                    0x000013f0   Section        0  _printf_intcommon.o(.text)
    .text                                    0x000014a0   Section        0  _printf_char_common.o(.text)
    _printf_input_char                       0x000014a1   Thumb Code    10  _printf_char_common.o(.text)
    .text                                    0x000014d0   Section        0  _sputc.o(.text)
    .text                                    0x000014da   Section        0  _snputc.o(.text)
    .text                                    0x000014ea   Section        0  rtudiv10.o(.text)
    .text                                    0x00001514   Section        0  dscalbn.o(.text)
    .text                                    0x00001574   Section        2  use_no_semi.o(.text)
    .text                                    0x00001576   Section        0  exit.o(.text)
    .text                                    0x00001576   Section        0  indicate_semi.o(.text)
    .text                                    0x00001588   Section        0  sys_exit.o(.text)
    i.BOARD_BootClockRUN                     0x00001594   Section        0  clock_config.o(i.BOARD_BootClockRUN)
    i.BOARD_InitDebugConsole                 0x00001600   Section        0  board.o(i.BOARD_InitDebugConsole)
    i.BOARD_InitPins                         0x0000163c   Section        0  pin_mux.o(i.BOARD_InitPins)
    i.CLOCK_BootToPeeMode                    0x00001684   Section        0  fsl_clock.o(i.CLOCK_BootToPeeMode)
    i.CLOCK_CONFIG_SetFllExtRefDiv           0x000016e0   Section        0  clock_config.o(i.CLOCK_CONFIG_SetFllExtRefDiv)
    CLOCK_CONFIG_SetFllExtRefDiv             0x000016e1   Thumb Code    22  clock_config.o(i.CLOCK_CONFIG_SetFllExtRefDiv)
    i.CLOCK_EnablePll0                       0x000016fc   Section        0  fsl_clock.o(i.CLOCK_EnablePll0)
    i.CLOCK_GetFllExtRefClkFreq              0x00001764   Section        0  fsl_clock.o(i.CLOCK_GetFllExtRefClkFreq)
    CLOCK_GetFllExtRefClkFreq                0x00001765   Thumb Code   110  fsl_clock.o(i.CLOCK_GetFllExtRefClkFreq)
    i.CLOCK_GetFllFreq                       0x000017d8   Section        0  fsl_clock.o(i.CLOCK_GetFllFreq)
    i.CLOCK_GetFllRefClkFreq                 0x00001830   Section        0  fsl_clock.o(i.CLOCK_GetFllRefClkFreq)
    CLOCK_GetFllRefClkFreq                   0x00001831   Thumb Code    28  fsl_clock.o(i.CLOCK_GetFllRefClkFreq)
    i.CLOCK_GetMcgExtClkFreq                 0x00001854   Section        0  fsl_clock.o(i.CLOCK_GetMcgExtClkFreq)
    CLOCK_GetMcgExtClkFreq                   0x00001855   Thumb Code    28  fsl_clock.o(i.CLOCK_GetMcgExtClkFreq)
    i.CLOCK_GetOscRangeFromFreq              0x00001884   Section        0  fsl_clock.o(i.CLOCK_GetOscRangeFromFreq)
    CLOCK_GetOscRangeFromFreq                0x00001885   Thumb Code    26  fsl_clock.o(i.CLOCK_GetOscRangeFromFreq)
    i.CLOCK_GetPll0Freq                      0x000018a8   Section        0  fsl_clock.o(i.CLOCK_GetPll0Freq)
    i.CLOCK_GetPll0RefFreq                   0x00001908   Section        0  fsl_clock.o(i.CLOCK_GetPll0RefFreq)
    CLOCK_GetPll0RefFreq                     0x00001909   Thumb Code     8  fsl_clock.o(i.CLOCK_GetPll0RefFreq)
    i.CLOCK_GetPllFllSelClkFreq              0x00001910   Section        0  fsl_clock.o(i.CLOCK_GetPllFllSelClkFreq)
    i.CLOCK_InitOsc0                         0x00001948   Section        0  fsl_clock.o(i.CLOCK_InitOsc0)
    i.CLOCK_SetExternalRefClkConfig          0x000019c0   Section        0  fsl_clock.o(i.CLOCK_SetExternalRefClkConfig)
    i.CLOCK_SetInternalRefClkConfig          0x000019c8   Section        0  fsl_clock.o(i.CLOCK_SetInternalRefClkConfig)
    i.CLOCK_SetPbeMode                       0x00001a74   Section        0  fsl_clock.o(i.CLOCK_SetPbeMode)
    i.CLOCK_SetSimConfig                     0x00001b04   Section        0  fsl_clock.o(i.CLOCK_SetSimConfig)
    i.ConvertRadixNumToString                0x00001b54   Section        0  fsl_str.o(i.ConvertRadixNumToString)
    ConvertRadixNumToString                  0x00001b55   Thumb Code   196  fsl_str.o(i.ConvertRadixNumToString)
    i.DbgConsole_Init                        0x00001c18   Section        0  fsl_debug_console.o(i.DbgConsole_Init)
    i.DbgConsole_Printf                      0x00001c70   Section        0  fsl_debug_console.o(i.DbgConsole_Printf)
    i.DbgConsole_RelocateLog                 0x00001cb4   Section        0  fsl_debug_console.o(i.DbgConsole_RelocateLog)
    DbgConsole_RelocateLog                   0x00001cb5   Thumb Code    58  fsl_debug_console.o(i.DbgConsole_RelocateLog)
    i.I2C0_DriverIRQHandler                  0x00001cf0   Section        0  fsl_i2c.o(i.I2C0_DriverIRQHandler)
    i.I2C0_Init                              0x00001d08   Section        0  i2c.o(i.I2C0_Init)
    i.I2C1_DriverIRQHandler                  0x00001d7c   Section        0  fsl_i2c.o(i.I2C1_DriverIRQHandler)
    i.I2C_MultipleByteRead                   0x00001d94   Section        0  i2c.o(i.I2C_MultipleByteRead)
    i.I2C_MultipleByteWrite                  0x00001f10   Section        0  i2c.o(i.I2C_MultipleByteWrite)
    i.I2C_SingleByteRead                     0x00001fd0   Section        0  i2c.o(i.I2C_SingleByteRead)
    i.I2C_TransferCommonIRQHandler           0x000020f4   Section        0  fsl_i2c.o(i.I2C_TransferCommonIRQHandler)
    I2C_TransferCommonIRQHandler             0x000020f5   Thumb Code    54  fsl_i2c.o(i.I2C_TransferCommonIRQHandler)
    i.IO_Init                                0x00002134   Section        0  fsl_io.o(i.IO_Init)
    i.IO_Transfer                            0x0000222c   Section        0  fsl_io.o(i.IO_Transfer)
    i.LED_Init                               0x0000229c   Section        0  main.o(i.LED_Init)
    i.LOG_Init                               0x0000230c   Section        0  fsl_log.o(i.LOG_Init)
    i.LOG_Pop                                0x0000232a   Section        0  fsl_log.o(i.LOG_Pop)
    i.LOG_Push                               0x00002354   Section        0  fsl_log.o(i.LOG_Push)
    i.LPSCI_ClearStatusFlags                 0x00002388   Section        0  fsl_lpsci.o(i.LPSCI_ClearStatusFlags)
    i.LPSCI_GetDefaultConfig                 0x000023e8   Section        0  fsl_lpsci.o(i.LPSCI_GetDefaultConfig)
    i.LPSCI_GetInstance                      0x00002420   Section        0  fsl_lpsci.o(i.LPSCI_GetInstance)
    i.LPSCI_GetStatusFlags                   0x0000247c   Section        0  fsl_lpsci.o(i.LPSCI_GetStatusFlags)
    i.LPSCI_Init                             0x0000248c   Section        0  fsl_lpsci.o(i.LPSCI_Init)
    i.LPSCI_ReadBlocking                     0x0000263c   Section        0  fsl_lpsci.o(i.LPSCI_ReadBlocking)
    i.LPSCI_WriteBlocking                    0x000026e4   Section        0  fsl_lpsci.o(i.LPSCI_WriteBlocking)
    i.Magnetometer_Acq                       0x0000272c   Section        0  mag.o(i.Magnetometer_Acq)
    i.Magnetometer_Cal                       0x000027e0   Section        0  mag.o(i.Magnetometer_Cal)
    i.Magnetometer_Init                      0x00002818   Section        0  mag.o(i.Magnetometer_Init)
    i.Magnetometer_Run                       0x00002860   Section        0  mag.o(i.Magnetometer_Run)
    i.PORTC_PORTD_IRQHandler                 0x000029c0   Section        0  main.o(i.PORTC_PORTD_IRQHandler)
    i.PORT_SetPinMux                         0x00002a10   Section        0  pin_mux.o(i.PORT_SetPinMux)
    PORT_SetPinMux                           0x00002a11   Thumb Code    28  pin_mux.o(i.PORT_SetPinMux)
    i.SLCD_EnablePins                        0x00002a2c   Section        0  slcd.o(i.SLCD_EnablePins)
    i.SLCD_Init                              0x00002abc   Section        0  slcd.o(i.SLCD_Init)
    i.SLCD_WriteChar                         0x00002b20   Section        0  slcd.o(i.SLCD_WriteChar)
    i.SLCD_WriteMsg                          0x00002ba0   Section        0  slcd.o(i.SLCD_WriteMsg)
    i.SWITCH_Init                            0x00002be0   Section        0  main.o(i.SWITCH_Init)
    i.StrFormatPrintf                        0x00002c28   Section        0  fsl_str.o(i.StrFormatPrintf)
    i.SystemInit                             0x00002e5c   Section        0  system_mkl46z4.o(i.SystemInit)
    i.SystemInitHook                         0x00002e70   Section        0  system_mkl46z4.o(i.SystemInitHook)
    i.TIMER_Init                             0x00002e74   Section        0  main.o(i.TIMER_Init)
    i.TPM0_IRQHandler                        0x00002f50   Section        0  main.o(i.TPM0_IRQHandler)
    i.UART0_DriverIRQHandler                 0x00002f6c   Section        0  fsl_lpsci.o(i.UART0_DriverIRQHandler)
    i.UART1_DriverIRQHandler                 0x00002f88   Section        0  fsl_uart.o(i.UART1_DriverIRQHandler)
    i.UART2_DriverIRQHandler                 0x00002fa4   Section        0  fsl_uart.o(i.UART2_DriverIRQHandler)
    i.UART_GetDefaultConfig                  0x00002fc0   Section        0  fsl_uart.o(i.UART_GetDefaultConfig)
    i.UART_GetInstance                       0x00002ff8   Section        0  fsl_uart.o(i.UART_GetInstance)
    i.UART_GetStatusFlags                    0x00003050   Section        0  fsl_uart.o(i.UART_GetStatusFlags)
    i.UART_Init                              0x00003060   Section        0  fsl_uart.o(i.UART_Init)
    i.UART_ReadBlocking                      0x000031ac   Section        0  fsl_uart.o(i.UART_ReadBlocking)
    i.UART_WriteBlocking                     0x00003238   Section        0  fsl_uart.o(i.UART_WriteBlocking)
    i.__ARM_common_switch8                   0x00003258   Section        0  fsl_clock.o(i.__ARM_common_switch8)
    i.__ARM_fpclassify                       0x00003274   Section        0  fpclassify.o(i.__ARM_fpclassify)
    i.__NVIC_EnableIRQ                       0x000032a0   Section        0  main.o(i.__NVIC_EnableIRQ)
    __NVIC_EnableIRQ                         0x000032a1   Thumb Code    26  main.o(i.__NVIC_EnableIRQ)
    i.__NVIC_SetPriority                     0x000032c0   Section        0  main.o(i.__NVIC_SetPriority)
    __NVIC_SetPriority                       0x000032c1   Thumb Code   110  main.o(i.__NVIC_SetPriority)
    i.__aeabi_assert                         0x00003338   Section        0  fsl_assert.o(i.__aeabi_assert)
    i.__kernel_poly                          0x0000337c   Section        0  poly.o(i.__kernel_poly)
    i.__mathlib_dbl_infnan                   0x00003428   Section        0  dunder.o(i.__mathlib_dbl_infnan)
    i.__mathlib_dbl_underflow                0x00003434   Section        0  dunder.o(i.__mathlib_dbl_underflow)
    i._is_digit                              0x00003448   Section        0  __printf_wp.o(i._is_digit)
    i.atan                                   0x00003458   Section        0  atan.o(i.atan)
    i.delay                                  0x00003674   Section        0  i2c.o(i.delay)
    i.main                                   0x00003684   Section        0  main.o(i.main)
    .constdata                               0x00003930   Section      238  slcd.o(.constdata)
    x$fpl$usenofp                            0x00003930   Section        0  usenofp.o(x$fpl$usenofp)
    .constdata                               0x00003a20   Section       56  clock_config.o(.constdata)
    .constdata                               0x00003a58   Section       96  fsl_clock.o(.constdata)
    mcgModeMatrix                            0x00003a58   Data          64  fsl_clock.o(.constdata)
    fllFactorTable                           0x00003a98   Data          16  fsl_clock.o(.constdata)
    trimRange                                0x00003aa8   Data          16  fsl_clock.o(.constdata)
    .constdata                               0x00003ab8   Section       12  fsl_lpsci.o(.constdata)
    s_lpsciBases                             0x00003ab8   Data           4  fsl_lpsci.o(.constdata)
    s_lpsciIRQ                               0x00003abc   Data           1  fsl_lpsci.o(.constdata)
    s_lpsciClock                             0x00003ac0   Data           4  fsl_lpsci.o(.constdata)
    .constdata                               0x00003ac4   Section       28  fsl_uart.o(.constdata)
    s_uartBases                              0x00003ac4   Data          12  fsl_uart.o(.constdata)
    s_uartIRQ                                0x00003ad0   Data           3  fsl_uart.o(.constdata)
    s_uartClock                              0x00003ad4   Data          12  fsl_uart.o(.constdata)
    .constdata                               0x00003ae0   Section      128  ddiv.o(.constdata)
    ddiv_reciptbl                            0x00003ae0   Data         128  ddiv.o(.constdata)
    .constdata                               0x00003b60   Section      152  atan.o(.constdata)
    atanhi                                   0x00003b60   Data          32  atan.o(.constdata)
    atanlo                                   0x00003b80   Data          32  atan.o(.constdata)
    aTodd                                    0x00003ba0   Data          40  atan.o(.constdata)
    aTeven                                   0x00003bc8   Data          48  atan.o(.constdata)
    .conststring                             0x00003bf8   Section       82  fsl_clock.o(.conststring)
    .conststring                             0x00003c4c   Section       82  fsl_lpsci.o(.conststring)
    .conststring                             0x00003ca0   Section       81  fsl_uart.o(.conststring)
    .conststring                             0x00003cf4   Section       92  fsl_debug_console.o(.conststring)
    .conststring                             0x00003d50   Section       84  fsl_io.o(.conststring)
    .conststring                             0x00003da4   Section       86  fsl_log.o(.conststring)
    .data                                    0x1fffe000   Section        1  slcd.o(.data)
    .data                                    0x1fffe004   Section      108  main.o(.data)
    .data                                    0x1fffe070   Section       16  fsl_clock.o(.data)
    s_slowIrcFreq                            0x1fffe070   Data           4  fsl_clock.o(.data)
    s_fastIrcFreq                            0x1fffe074   Data           4  fsl_clock.o(.data)
    .data                                    0x1fffe080   Section       16  fsl_i2c.o(.data)
    s_i2cHandle                              0x1fffe080   Data           8  fsl_i2c.o(.data)
    s_i2cMasterIsr                           0x1fffe088   Data           4  fsl_i2c.o(.data)
    s_i2cSlaveIsr                            0x1fffe08c   Data           4  fsl_i2c.o(.data)
    .data                                    0x1fffe090   Section        8  fsl_lpsci.o(.data)
    s_lpsciHandle                            0x1fffe090   Data           4  fsl_lpsci.o(.data)
    s_lpsciIsr                               0x1fffe094   Data           4  fsl_lpsci.o(.data)
    .data                                    0x1fffe098   Section        4  fsl_uart.o(.data)
    s_uartIsr                                0x1fffe098   Data           4  fsl_uart.o(.data)
    .data                                    0x1fffe09c   Section        8  fsl_io.o(.data)
    s_debugConsoleIO                         0x1fffe09c   Data           8  fsl_io.o(.data)
    .data                                    0x1fffe0a4   Section        4  system_mkl46z4.o(.data)
    .bss                                     0x1fffe0a8   Section       12  fsl_uart.o(.bss)
    s_uartHandle                             0x1fffe0a8   Data          12  fsl_uart.o(.bss)

    Global Symbols

    Symbol Name                              Value     Ov Type        Size  Object(Section)

    BuildAttributes$$THM_ISAv3M$S$PE$A:L22$X:L11$S22$IEEE1$IW$USESV6$~STKCKD$USESV7$~SHL$OTIME$ROPI$IEEEX$EBA8$UX$STANDARDLIB$REQ8$PRES8$EABIv2 0x00000000   Number         0  anon$$obj.o ABSOLUTE
    __ARM_use_no_argv                        0x00000000   Number         0  main.o ABSOLUTE
    __Vectors                                0x00000000   Data           4  startup_mkl46z4.o(RESET)
    _printf_flags                            0x00000000   Number         0  printf_stubs.o ABSOLUTE
    _printf_return_value                     0x00000000   Number         0  printf_stubs.o ABSOLUTE
    _printf_sizespec                         0x00000000   Number         0  printf_stubs.o ABSOLUTE
    _printf_widthprec                        0x00000000   Number         0  printf_stubs.o ABSOLUTE
    Image$$ZI$$Limit                          - Undefined Weak Reference
    __ARM_exceptions_init                     - Undefined Weak Reference
    __alloca_initialize                       - Undefined Weak Reference
    __arm_fini_                               - Undefined Weak Reference
    __arm_preinit_                            - Undefined Weak Reference
    __cpp_initialize__aeabi_                  - Undefined Weak Reference
    __cxa_finalize                            - Undefined Weak Reference
    __rt_locale                               - Undefined Weak Reference
    __sigvec_lookup                           - Undefined Weak Reference
    __user_heap_extent                        - Undefined Weak Reference
    _atexit_init                              - Undefined Weak Reference
    _call_atexit_fns                          - Undefined Weak Reference
    _clock_init                               - Undefined Weak Reference
    _fp_trap_init                             - Undefined Weak Reference
    _fp_trap_shutdown                         - Undefined Weak Reference
    _get_lc_collate                           - Undefined Weak Reference
    _get_lc_ctype                             - Undefined Weak Reference
    _get_lc_monetary                          - Undefined Weak Reference
    _get_lc_numeric                           - Undefined Weak Reference
    _get_lc_time                              - Undefined Weak Reference
    _getenv_init                              - Undefined Weak Reference
    _handle_redirection                       - Undefined Weak Reference
    _initio                                   - Undefined Weak Reference
    _mutex_acquire                            - Undefined Weak Reference
    _mutex_free                               - Undefined Weak Reference
    _mutex_release                            - Undefined Weak Reference
    _printf_truncate_signed                   - Undefined Weak Reference
    _printf_truncate_unsigned                 - Undefined Weak Reference
    _rand_init                                - Undefined Weak Reference
    _signal_finish                            - Undefined Weak Reference
    _signal_init                              - Undefined Weak Reference
    _terminateio                              - Undefined Weak Reference
    __Vectors_End                            0x000000c0   Data           0  startup_mkl46z4.o(RESET)
    __Vectors_Size                           0x000000c0   Number         0  startup_mkl46z4.o ABSOLUTE
    __main                                   0x00000411   Thumb Code     8  __main.o(!!!main)
    __scatterload                            0x00000419   Thumb Code     0  __scatter.o(!!!scatter)
    __scatterload_rt2                        0x00000419   Thumb Code    52  __scatter.o(!!!scatter)
    __scatterload_rt2_thumb_only             0x00000419   Thumb Code     0  __scatter.o(!!!scatter)
    __scatterload_null                       0x00000429   Thumb Code     0  __scatter.o(!!!scatter)
    __scatterload_copy                       0x00000455   Thumb Code    26  __scatter_copy.o(!!handler_copy)
    __scatterload_zeroinit                   0x00000471   Thumb Code    28  __scatter_zi.o(!!handler_zi)
    _printf_percent                          0x0000048d   Thumb Code     0  _printf_percent.o(.ARM.Collect$$_printf_percent$$00000000)
    _printf_d                                0x0000048f   Thumb Code     0  _printf_d.o(.ARM.Collect$$_printf_percent$$00000009)
    _printf_percent_end                      0x00000499   Thumb Code     0  _printf_percent_end.o(.ARM.Collect$$_printf_percent$$00000017)
    __rt_lib_init                            0x0000049d   Thumb Code     0  libinit.o(.ARM.Collect$$libinit$$00000000)
    __rt_lib_init_alloca_1                   0x0000049f   Thumb Code     0  libinit2.o(.ARM.Collect$$libinit$$0000002E)
    __rt_lib_init_argv_1                     0x0000049f   Thumb Code     0  libinit2.o(.ARM.Collect$$libinit$$0000002C)
    __rt_lib_init_atexit_1                   0x0000049f   Thumb Code     0  libinit2.o(.ARM.Collect$$libinit$$0000001B)
    __rt_lib_init_clock_1                    0x0000049f   Thumb Code     0  libinit2.o(.ARM.Collect$$libinit$$00000021)
    __rt_lib_init_cpp_1                      0x0000049f   Thumb Code     0  libinit2.o(.ARM.Collect$$libinit$$00000032)
    __rt_lib_init_exceptions_1               0x0000049f   Thumb Code     0  libinit2.o(.ARM.Collect$$libinit$$00000030)
    __rt_lib_init_fp_1                       0x0000049f   Thumb Code     0  libinit2.o(.ARM.Collect$$libinit$$00000002)
    __rt_lib_init_fp_trap_1                  0x0000049f   Thumb Code     0  libinit2.o(.ARM.Collect$$libinit$$0000001F)
    __rt_lib_init_getenv_1                   0x0000049f   Thumb Code     0  libinit2.o(.ARM.Collect$$libinit$$00000023)
    __rt_lib_init_heap_1                     0x0000049f   Thumb Code     0  libinit2.o(.ARM.Collect$$libinit$$0000000A)
    __rt_lib_init_lc_collate_1               0x0000049f   Thumb Code     0  libinit2.o(.ARM.Collect$$libinit$$00000011)
    __rt_lib_init_lc_ctype_1                 0x0000049f   Thumb Code     0  libinit2.o(.ARM.Collect$$libinit$$00000013)
    __rt_lib_init_lc_monetary_1              0x0000049f   Thumb Code     0  libinit2.o(.ARM.Collect$$libinit$$00000015)
    __rt_lib_init_lc_numeric_1               0x0000049f   Thumb Code     0  libinit2.o(.ARM.Collect$$libinit$$00000017)
    __rt_lib_init_lc_time_1                  0x0000049f   Thumb Code     0  libinit2.o(.ARM.Collect$$libinit$$00000019)
    __rt_lib_init_preinit_1                  0x0000049f   Thumb Code     0  libinit2.o(.ARM.Collect$$libinit$$00000004)
    __rt_lib_init_rand_1                     0x0000049f   Thumb Code     0  libinit2.o(.ARM.Collect$$libinit$$0000000E)
    __rt_lib_init_return                     0x0000049f   Thumb Code     0  libinit2.o(.ARM.Collect$$libinit$$00000033)
    __rt_lib_init_signal_1                   0x0000049f   Thumb Code     0  libinit2.o(.ARM.Collect$$libinit$$0000001D)
    __rt_lib_init_stdio_1                    0x0000049f   Thumb Code     0  libinit2.o(.ARM.Collect$$libinit$$00000025)
    __rt_lib_init_user_alloc_1               0x0000049f   Thumb Code     0  libinit2.o(.ARM.Collect$$libinit$$0000000C)
    __rt_lib_shutdown                        0x000004a1   Thumb Code     0  libshutdown.o(.ARM.Collect$$libshutdown$$00000000)
    __rt_lib_shutdown_cpp_1                  0x000004a3   Thumb Code     0  libshutdown2.o(.ARM.Collect$$libshutdown$$00000004)
    __rt_lib_shutdown_fini_1                 0x000004a3   Thumb Code     0  libshutdown2.o(.ARM.Collect$$libshutdown$$00000002)
    __rt_lib_shutdown_fp_trap_1              0x000004a3   Thumb Code     0  libshutdown2.o(.ARM.Collect$$libshutdown$$00000009)
    __rt_lib_shutdown_heap_1                 0x000004a3   Thumb Code     0  libshutdown2.o(.ARM.Collect$$libshutdown$$00000011)
    __rt_lib_shutdown_return                 0x000004a3   Thumb Code     0  libshutdown2.o(.ARM.Collect$$libshutdown$$00000012)
    __rt_lib_shutdown_signal_1               0x000004a3   Thumb Code     0  libshutdown2.o(.ARM.Collect$$libshutdown$$0000000C)
    __rt_lib_shutdown_stdio_1                0x000004a3   Thumb Code     0  libshutdown2.o(.ARM.Collect$$libshutdown$$00000006)
    __rt_lib_shutdown_user_alloc_1           0x000004a3   Thumb Code     0  libshutdown2.o(.ARM.Collect$$libshutdown$$0000000E)
    __rt_entry                               0x000004a5   Thumb Code     0  __rtentry.o(.ARM.Collect$$rtentry$$00000000)
    __rt_entry_presh_1                       0x000004a5   Thumb Code     0  __rtentry2.o(.ARM.Collect$$rtentry$$00000002)
    __rt_entry_sh                            0x000004a5   Thumb Code     0  __rtentry7.o(.ARM.Collect$$rtentry$$00000007)
    __rt_entry_li                            0x000004a9   Thumb Code     0  __rtentry2.o(.ARM.Collect$$rtentry$$0000000A)
    __rt_entry_postsh_1                      0x000004a9   Thumb Code     0  __rtentry2.o(.ARM.Collect$$rtentry$$00000009)
    __rt_entry_main                          0x000004ad   Thumb Code     0  __rtentry2.o(.ARM.Collect$$rtentry$$0000000D)
    __rt_entry_postli_1                      0x000004ad   Thumb Code     0  __rtentry2.o(.ARM.Collect$$rtentry$$0000000C)
    __rt_exit                                0x000004b9   Thumb Code     0  rtexit.o(.ARM.Collect$$rtexit$$00000000)
    __rt_exit_ls                             0x000004bb   Thumb Code     0  rtexit2.o(.ARM.Collect$$rtexit$$00000003)
    __rt_exit_prels_1                        0x000004bb   Thumb Code     0  rtexit2.o(.ARM.Collect$$rtexit$$00000002)
    __rt_exit_exit                           0x000004bf   Thumb Code     0  rtexit2.o(.ARM.Collect$$rtexit$$00000004)
    Reset_Handler                            0x000004c5   Thumb Code    24  startup_mkl46z4.o(.text)
    NMI_Handler                              0x000004dd   Thumb Code     2  startup_mkl46z4.o(.text)
    HardFault_Handler                        0x000004df   Thumb Code     2  startup_mkl46z4.o(.text)
    SVC_Handler                              0x000004e1   Thumb Code     2  startup_mkl46z4.o(.text)
    PendSV_Handler                           0x000004e3   Thumb Code     2  startup_mkl46z4.o(.text)
    SysTick_Handler                          0x000004e5   Thumb Code     2  startup_mkl46z4.o(.text)
    DMA0_IRQHandler                          0x000004e7   Thumb Code     4  startup_mkl46z4.o(.text)
    DMA1_IRQHandler                          0x000004eb   Thumb Code     4  startup_mkl46z4.o(.text)
    DMA2_IRQHandler                          0x000004ef   Thumb Code     4  startup_mkl46z4.o(.text)
    DMA3_IRQHandler                          0x000004f3   Thumb Code     4  startup_mkl46z4.o(.text)
    I2C0_IRQHandler                          0x000004f7   Thumb Code     4  startup_mkl46z4.o(.text)
    I2C1_IRQHandler                          0x000004fb   Thumb Code     4  startup_mkl46z4.o(.text)
    SPI0_IRQHandler                          0x000004ff   Thumb Code     4  startup_mkl46z4.o(.text)
    SPI1_IRQHandler                          0x00000503   Thumb Code     4  startup_mkl46z4.o(.text)
    UART0_IRQHandler                         0x00000507   Thumb Code     4  startup_mkl46z4.o(.text)
    UART1_IRQHandler                         0x0000050b   Thumb Code     4  startup_mkl46z4.o(.text)
    UART2_IRQHandler                         0x0000050f   Thumb Code     4  startup_mkl46z4.o(.text)
    I2S0_IRQHandler                          0x00000513   Thumb Code     4  startup_mkl46z4.o(.text)
    ADC0_IRQHandler                          0x00000517   Thumb Code     0  startup_mkl46z4.o(.text)
    CMP0_IRQHandler                          0x00000517   Thumb Code     0  startup_mkl46z4.o(.text)
    DAC0_IRQHandler                          0x00000517   Thumb Code     0  startup_mkl46z4.o(.text)
    DMA0_DriverIRQHandler                    0x00000517   Thumb Code     0  startup_mkl46z4.o(.text)
    DMA1_DriverIRQHandler                    0x00000517   Thumb Code     0  startup_mkl46z4.o(.text)
    DMA2_DriverIRQHandler                    0x00000517   Thumb Code     0  startup_mkl46z4.o(.text)
    DMA3_DriverIRQHandler                    0x00000517   Thumb Code     0  startup_mkl46z4.o(.text)
    DefaultISR                               0x00000517   Thumb Code     0  startup_mkl46z4.o(.text)
    FTFA_IRQHandler                          0x00000517   Thumb Code     0  startup_mkl46z4.o(.text)
    I2S0_DriverIRQHandler                    0x00000517   Thumb Code     0  startup_mkl46z4.o(.text)
    LCD_IRQHandler                           0x00000517   Thumb Code     0  startup_mkl46z4.o(.text)
    LLWU_IRQHandler                          0x00000517   Thumb Code     0  startup_mkl46z4.o(.text)
    LPTMR0_IRQHandler                        0x00000517   Thumb Code     0  startup_mkl46z4.o(.text)
    LVD_LVW_IRQHandler                       0x00000517   Thumb Code     0  startup_mkl46z4.o(.text)
    MCG_IRQHandler                           0x00000517   Thumb Code     0  startup_mkl46z4.o(.text)
    PIT_IRQHandler                           0x00000517   Thumb Code     0  startup_mkl46z4.o(.text)
    PORTA_IRQHandler                         0x00000517   Thumb Code     0  startup_mkl46z4.o(.text)
    RTC_IRQHandler                           0x00000517   Thumb Code     0  startup_mkl46z4.o(.text)
    RTC_Seconds_IRQHandler                   0x00000517   Thumb Code     0  startup_mkl46z4.o(.text)
    Reserved20_IRQHandler                    0x00000517   Thumb Code     0  startup_mkl46z4.o(.text)
    SPI0_DriverIRQHandler                    0x00000517   Thumb Code     0  startup_mkl46z4.o(.text)
    SPI1_DriverIRQHandler                    0x00000517   Thumb Code     0  startup_mkl46z4.o(.text)
    TPM1_IRQHandler                          0x00000517   Thumb Code     0  startup_mkl46z4.o(.text)
    TPM2_IRQHandler                          0x00000517   Thumb Code     0  startup_mkl46z4.o(.text)
    TSI0_IRQHandler                          0x00000517   Thumb Code     0  startup_mkl46z4.o(.text)
    USB0_IRQHandler                          0x00000517   Thumb Code     0  startup_mkl46z4.o(.text)
    __2snprintf                              0x00000561   Thumb Code    50  noretval__2snprintf.o(.text)
    _printf_pre_padding                      0x00000599   Thumb Code    44  _printf_pad.o(.text)
    _printf_post_padding                     0x000005c5   Thumb Code    34  _printf_pad.o(.text)
    _printf_int_dec                          0x000005e9   Thumb Code    90  _printf_dec.o(.text)
    __printf                                 0x00000655   Thumb Code   270  __printf_wp.o(.text)
    strlen                                   0x00000765   Thumb Code    62  strlen.o(.text)
    _memset_w                                0x000007a9   Thumb Code    26  rt_memclr.o(.text)
    _memset                                  0x000007c3   Thumb Code    30  rt_memclr.o(.text)
    __aeabi_memclr                           0x000007e1   Thumb Code     4  rt_memclr.o(.text)
    __rt_memclr                              0x000007e1   Thumb Code     0  rt_memclr.o(.text)
    __aeabi_memclr4                          0x000007e5   Thumb Code     0  rt_memclr.o(.text)
    __aeabi_memclr8                          0x000007e5   Thumb Code     0  rt_memclr.o(.text)
    __rt_memclr_w                            0x000007e5   Thumb Code     4  rt_memclr.o(.text)
    __aeabi_uidiv                            0x000007e9   Thumb Code     0  aeabi_sdiv.o(.text)
    __aeabi_uidivmod                         0x000007e9   Thumb Code    20  aeabi_sdiv.o(.text)
    __aeabi_idiv                             0x000007fd   Thumb Code     0  aeabi_sdiv.o(.text)
    __aeabi_idivmod                          0x000007fd   Thumb Code   326  aeabi_sdiv.o(.text)
    __aeabi_dadd                             0x00000c3d   Thumb Code     0  daddsub.o(.text)
    _dadd                                    0x00000c3d   Thumb Code    26  daddsub.o(.text)
    __aeabi_dsub                             0x00000c57   Thumb Code     0  daddsub.o(.text)
    _dsub                                    0x00000c57   Thumb Code    22  daddsub.o(.text)
    __aeabi_drsub                            0x00000c6d   Thumb Code     0  daddsub.o(.text)
    _drsb                                    0x00000c6d   Thumb Code    28  daddsub.o(.text)
    __aeabi_ddiv                             0x00000c9d   Thumb Code     0  ddiv.o(.text)
    _ddiv                                    0x00000c9d   Thumb Code  1072  ddiv.o(.text)
    _drdiv                                   0x000010cd   Thumb Code    20  ddiv.o(.text)
    __aeabi_d2iz                             0x000010e5   Thumb Code     0  dfixi.o(.text)
    _dfix                                    0x000010e5   Thumb Code    98  dfixi.o(.text)
    __aeabi_i2d_normalise                    0x00001151   Thumb Code    66  dflti.o(.text)
    __aeabi_i2d                              0x00001193   Thumb Code    16  dflti.o(.text)
    _dflt                                    0x00001193   Thumb Code     0  dflti.o(.text)
    __aeabi_ui2d                             0x000011a3   Thumb Code     6  dflti.o(.text)
    _dfltu                                   0x000011a3   Thumb Code     0  dflti.o(.text)
    __aeabi_dmul                             0x000011a9   Thumb Code     0  dmul.o(.text)
    _dmul                                    0x000011a9   Thumb Code   558  dmul.o(.text)
    _printf_int_common                       0x000013f1   Thumb Code   176  _printf_intcommon.o(.text)
    _printf_char_common                      0x000014ab   Thumb Code    32  _printf_char_common.o(.text)
    _sputc                                   0x000014d1   Thumb Code    10  _sputc.o(.text)
    _snputc                                  0x000014db   Thumb Code    16  _snputc.o(.text)
    __rt_udiv10                              0x000014eb   Thumb Code    40  rtudiv10.o(.text)
    __ARM_scalbn                             0x00001515   Thumb Code    84  dscalbn.o(.text)
    __I$use$semihosting                      0x00001575   Thumb Code     0  use_no_semi.o(.text)
    __use_no_semihosting_swi                 0x00001575   Thumb Code     2  use_no_semi.o(.text)
    __semihosting_library_function           0x00001577   Thumb Code     0  indicate_semi.o(.text)
    exit                                     0x00001577   Thumb Code    16  exit.o(.text)
    _sys_exit                                0x00001589   Thumb Code     8  sys_exit.o(.text)
    BOARD_BootClockRUN                       0x00001595   Thumb Code    74  clock_config.o(i.BOARD_BootClockRUN)
    BOARD_InitDebugConsole                   0x00001601   Thumb Code    52  board.o(i.BOARD_InitDebugConsole)
    BOARD_InitPins                           0x0000163d   Thumb Code    56  pin_mux.o(i.BOARD_InitPins)
    CLOCK_BootToPeeMode                      0x00001685   Thumb Code    70  fsl_clock.o(i.CLOCK_BootToPeeMode)
    CLOCK_EnablePll0                         0x000016fd   Thumb Code    86  fsl_clock.o(i.CLOCK_EnablePll0)
    CLOCK_GetFllFreq                         0x000017d9   Thumb Code    78  fsl_clock.o(i.CLOCK_GetFllFreq)
    CLOCK_GetPll0Freq                        0x000018a9   Thumb Code    72  fsl_clock.o(i.CLOCK_GetPll0Freq)
    CLOCK_GetPllFllSelClkFreq                0x00001911   Thumb Code    52  fsl_clock.o(i.CLOCK_GetPllFllSelClkFreq)
    CLOCK_InitOsc0                           0x00001949   Thumb Code   110  fsl_clock.o(i.CLOCK_InitOsc0)
    CLOCK_SetExternalRefClkConfig            0x000019c1   Thumb Code     6  fsl_clock.o(i.CLOCK_SetExternalRefClkConfig)
    CLOCK_SetInternalRefClkConfig            0x000019c9   Thumb Code   166  fsl_clock.o(i.CLOCK_SetInternalRefClkConfig)
    CLOCK_SetPbeMode                         0x00001a75   Thumb Code   126  fsl_clock.o(i.CLOCK_SetPbeMode)
    CLOCK_SetSimConfig                       0x00001b05   Thumb Code    70  fsl_clock.o(i.CLOCK_SetSimConfig)
    DbgConsole_Init                          0x00001c19   Thumb Code    40  fsl_debug_console.o(i.DbgConsole_Init)
    DbgConsole_Printf                        0x00001c71   Thumb Code    62  fsl_debug_console.o(i.DbgConsole_Printf)
    I2C0_DriverIRQHandler                    0x00001cf1   Thumb Code    14  fsl_i2c.o(i.I2C0_DriverIRQHandler)
    I2C0_Init                                0x00001d09   Thumb Code   104  i2c.o(i.I2C0_Init)
    I2C1_DriverIRQHandler                    0x00001d7d   Thumb Code    14  fsl_i2c.o(i.I2C1_DriverIRQHandler)
    I2C_MultipleByteRead                     0x00001d95   Thumb Code   372  i2c.o(i.I2C_MultipleByteRead)
    I2C_MultipleByteWrite                    0x00001f11   Thumb Code   188  i2c.o(i.I2C_MultipleByteWrite)
    I2C_SingleByteRead                       0x00001fd1   Thumb Code   288  i2c.o(i.I2C_SingleByteRead)
    IO_Init                                  0x00002135   Thumb Code   226  fsl_io.o(i.IO_Init)
    IO_Transfer                              0x0000222d   Thumb Code   108  fsl_io.o(i.IO_Transfer)
    LED_Init                                 0x0000229d   Thumb Code    96  main.o(i.LED_Init)
    LOG_Init                                 0x0000230d   Thumb Code    30  fsl_log.o(i.LOG_Init)
    LOG_Pop                                  0x0000232b   Thumb Code    42  fsl_log.o(i.LOG_Pop)
    LOG_Push                                 0x00002355   Thumb Code    34  fsl_log.o(i.LOG_Push)
    LPSCI_ClearStatusFlags                   0x00002389   Thumb Code    92  fsl_lpsci.o(i.LPSCI_ClearStatusFlags)
    LPSCI_GetDefaultConfig                   0x000023e9   Thumb Code    42  fsl_lpsci.o(i.LPSCI_GetDefaultConfig)
    LPSCI_GetInstance                        0x00002421   Thumb Code    48  fsl_lpsci.o(i.LPSCI_GetInstance)
    LPSCI_GetStatusFlags                     0x0000247d   Thumb Code    14  fsl_lpsci.o(i.LPSCI_GetStatusFlags)
    LPSCI_Init                               0x0000248d   Thumb Code   384  fsl_lpsci.o(i.LPSCI_Init)
    LPSCI_ReadBlocking                       0x0000263d   Thumb Code   152  fsl_lpsci.o(i.LPSCI_ReadBlocking)
    LPSCI_WriteBlocking                      0x000026e5   Thumb Code    54  fsl_lpsci.o(i.LPSCI_WriteBlocking)
    Magnetometer_Acq                         0x0000272d   Thumb Code   162  mag.o(i.Magnetometer_Acq)
    Magnetometer_Cal                         0x000027e1   Thumb Code    42  mag.o(i.Magnetometer_Cal)
    Magnetometer_Init                        0x00002819   Thumb Code    62  mag.o(i.Magnetometer_Init)
    Magnetometer_Run                         0x00002861   Thumb Code   314  mag.o(i.Magnetometer_Run)
    PORTC_PORTD_IRQHandler                   0x000029c1   Thumb Code    68  main.o(i.PORTC_PORTD_IRQHandler)
    SLCD_EnablePins                          0x00002a2d   Thumb Code   132  slcd.o(i.SLCD_EnablePins)
    SLCD_Init                                0x00002abd   Thumb Code    76  slcd.o(i.SLCD_Init)
    SLCD_WriteChar                           0x00002b21   Thumb Code   112  slcd.o(i.SLCD_WriteChar)
    SLCD_WriteMsg                            0x00002ba1   Thumb Code    60  slcd.o(i.SLCD_WriteMsg)
    SWITCH_Init                              0x00002be1   Thumb Code    52  main.o(i.SWITCH_Init)
    StrFormatPrintf                          0x00002c29   Thumb Code   562  fsl_str.o(i.StrFormatPrintf)
    SystemInit                               0x00002e5d   Thumb Code    14  system_mkl46z4.o(i.SystemInit)
    SystemInitHook                           0x00002e71   Thumb Code     2  system_mkl46z4.o(i.SystemInitHook)
    TIMER_Init                               0x00002e75   Thumb Code   182  main.o(i.TIMER_Init)
    TPM0_IRQHandler                          0x00002f51   Thumb Code    20  main.o(i.TPM0_IRQHandler)
    UART0_DriverIRQHandler                   0x00002f6d   Thumb Code    16  fsl_lpsci.o(i.UART0_DriverIRQHandler)
    UART1_DriverIRQHandler                   0x00002f89   Thumb Code    16  fsl_uart.o(i.UART1_DriverIRQHandler)
    UART2_DriverIRQHandler                   0x00002fa5   Thumb Code    16  fsl_uart.o(i.UART2_DriverIRQHandler)
    UART_GetDefaultConfig                    0x00002fc1   Thumb Code    42  fsl_uart.o(i.UART_GetDefaultConfig)
    UART_GetInstance                         0x00002ff9   Thumb Code    50  fsl_uart.o(i.UART_GetInstance)
    UART_GetStatusFlags                      0x00003051   Thumb Code    14  fsl_uart.o(i.UART_GetStatusFlags)
    UART_Init                                0x00003061   Thumb Code   284  fsl_uart.o(i.UART_Init)
    UART_ReadBlocking                        0x000031ad   Thumb Code   118  fsl_uart.o(i.UART_ReadBlocking)
    UART_WriteBlocking                       0x00003239   Thumb Code    32  fsl_uart.o(i.UART_WriteBlocking)
    __ARM_common_switch8                     0x00003259   Thumb Code    28  fsl_clock.o(i.__ARM_common_switch8)
    __ARM_fpclassify                         0x00003275   Thumb Code    40  fpclassify.o(i.__ARM_fpclassify)
    __aeabi_assert                           0x00003339   Thumb Code    24  fsl_assert.o(i.__aeabi_assert)
    __kernel_poly                            0x0000337d   Thumb Code   172  poly.o(i.__kernel_poly)
    __mathlib_dbl_infnan                     0x00003429   Thumb Code    10  dunder.o(i.__mathlib_dbl_infnan)
    __mathlib_dbl_underflow                  0x00003435   Thumb Code    14  dunder.o(i.__mathlib_dbl_underflow)
    _is_digit                                0x00003449   Thumb Code    14  __printf_wp.o(i._is_digit)
    atan                                     0x00003459   Thumb Code   472  atan.o(i.atan)
    delay                                    0x00003675   Thumb Code    16  i2c.o(i.delay)
    main                                     0x00003685   Thumb Code   592  main.o(i.main)
    MASK_BIT                                 0x00003930   Data         128  slcd.o(.constdata)
    __I$use$fp                               0x00003930   Number         0  usenofp.o(x$fpl$usenofp)
    WF_ORDERING_TABLE                        0x000039b0   Data          12  slcd.o(.constdata)
    ASCII_TO_WF_CODIFICATION_TABLE           0x000039bc   Data          98  slcd.o(.constdata)
    mcgConfig_BOARD_BootClockRUN             0x00003a20   Data          10  clock_config.o(.constdata)
    simConfig_BOARD_BootClockRUN             0x00003a2c   Data           8  clock_config.o(.constdata)
    oscConfig_BOARD_BootClockRUN             0x00003a34   Data           8  clock_config.o(.constdata)
    mcgConfig_BOARD_BootClockVLPR            0x00003a3c   Data          10  clock_config.o(.constdata)
    simConfig_BOARD_BootClockVLPR            0x00003a48   Data           8  clock_config.o(.constdata)
    oscConfig_BOARD_BootClockVLPR            0x00003a50   Data           8  clock_config.o(.constdata)
    Region$$Table$$Base                      0x00003dfc   Number         0  anon$$obj.o(Region$$Table)
    Region$$Table$$Limit                     0x00003e1c   Number         0  anon$$obj.o(Region$$Table)
    bLCD_CharPosition                        0x1fffe000   Data           1  slcd.o(.data)
    DATA_READ                                0x1fffe004   Data           6  main.o(.data)
    MAG_DATA_READ_AXIS                       0x1fffe00a   Data           6  main.o(.data)
    MAG_DATA_MAX_AXIS                        0x1fffe010   Data           6  main.o(.data)
    MAG_DATA_MIN_AXIS                        0x1fffe016   Data           6  main.o(.data)
    MAG_DATA_AVERAGE_AXIS                    0x1fffe01c   Data           6  main.o(.data)
    MAG_DATA_HI_CALIBRATED                   0x1fffe022   Data           6  main.o(.data)
    DR_STATUS_DATA                           0x1fffe028   Data           1  main.o(.data)
    ANGLE                                    0x1fffe02a   Data           2  main.o(.data)
    enumECompassState                        0x1fffe02c   Data           1  main.o(.data)
    bSW3Pressed                              0x1fffe02d   Data           1  main.o(.data)
    bSW1Pressed                              0x1fffe02e   Data           1  main.o(.data)
    bIsTimerExpired                          0x1fffe02f   Data           1  main.o(.data)
    ucSecond                                 0x1fffe030   Data           1  main.o(.data)
    ucHundredsMilliSecond                    0x1fffe031   Data           1  main.o(.data)
    ucMinute                                 0x1fffe032   Data           1  main.o(.data)
    usTimeElapsed                            0x1fffe034   Data           2  main.o(.data)
    ucaryLCDMsg                              0x1fffe036   Data           5  main.o(.data)
    prescalar                                0x1fffe03c   Data           4  main.o(.data)
    prescalar_factor                         0x1fffe040   Data           4  main.o(.data)
    resolution                               0x1fffe044   Data           4  main.o(.data)
    original_clock_frequency                 0x1fffe048   Data           4  main.o(.data)
    new_clock_frequency                      0x1fffe04c   Data           4  main.o(.data)
    timer_overflow_count                     0x1fffe050   Data           4  main.o(.data)
    reset_count                              0x1fffe054   Data           4  main.o(.data)
    DR_STATUS_DATA_ACC                       0x1fffe058   Data           1  main.o(.data)
    flag_first_data                          0x1fffe05c   Data           4  main.o(.data)
    flag_initialisation                      0x1fffe060   Data           4  main.o(.data)
    flag_first_data_acquire                  0x1fffe064   Data           4  main.o(.data)
    flag_first_data_run                      0x1fffe068   Data           4  main.o(.data)
    flag_first_data1                         0x1fffe06c   Data           4  main.o(.data)
    g_xtal0Freq                              0x1fffe078   Data           4  fsl_clock.o(.data)
    g_xtal32Freq                             0x1fffe07c   Data           4  fsl_clock.o(.data)
    SystemCoreClock                          0x1fffe0a4   Data           4  system_mkl46z4.o(.data)
    Image$$ARM_LIB_HEAP$$ZI$$Base            0x1fffe0b4   Number         0  anon$$obj.o ABSOLUTE
    Image$$ARM_LIB_HEAP$$ZI$$Limit           0x1fffe4b4   Number         0  anon$$obj.o ABSOLUTE
    Image$$ARM_LIB_STACK$$ZI$$Limit          0x20006000   Number         0  anon$$obj.o ABSOLUTE



==============================================================================

Memory Map of the image

  Image Entry point : 0x000004c5

  Load Region LR_m_text (Base: 0x00000000, Size: 0x00003ec4, Max: 0x00040000, ABSOLUTE)

    Execution Region VECTOR_ROM (Exec base: 0x00000000, Load base: 0x00000000, Size: 0x000000c0, Max: 0x00000200, ABSOLUTE)

    Exec Addr    Load Addr    Size         Type   Attr      Idx    E Section Name        Object

    0x00000000   0x00000000   0x000000c0   Data   RO         2266    RESET               startup_mkl46z4.o


    Execution Region ER_m_flash_config (Exec base: 0x00000400, Load base: 0x00000400, Size: 0x00000010, Max: 0x00000010, ABSOLUTE, FIXED)

    Exec Addr    Load Addr    Size         Type   Attr      Idx    E Section Name        Object

    0x00000400   0x00000400   0x00000010   Data   RO         2267    FlashConfig         startup_mkl46z4.o


    Execution Region ER_m_text (Exec base: 0x00000410, Load base: 0x00000410, Size: 0x00003a0c, Max: 0x0003fbf0, ABSOLUTE)

    Exec Addr    Load Addr    Size         Type   Attr      Idx    E Section Name        Object

    0x00000410   0x00000410   0x00000008   Code   RO         2430  * !!!main             c_p.l(__main.o)
    0x00000418   0x00000418   0x0000003c   Code   RO         2713    !!!scatter          c_p.l(__scatter.o)
    0x00000454   0x00000454   0x0000001a   Code   RO         2715    !!handler_copy      c_p.l(__scatter_copy.o)
    0x0000046e   0x0000046e   0x00000002   PAD
    0x00000470   0x00000470   0x0000001c   Code   RO         2717    !!handler_zi        c_p.l(__scatter_zi.o)
    0x0000048c   0x0000048c   0x00000002   Code   RO         2417    .ARM.Collect$$_printf_percent$$00000000  c_p.l(_printf_percent.o)
    0x0000048e   0x0000048e   0x0000000a   Code   RO         2416    .ARM.Collect$$_printf_percent$$00000009  c_p.l(_printf_d.o)
    0x00000498   0x00000498   0x00000004   Code   RO         2493    .ARM.Collect$$_printf_percent$$00000017  c_p.l(_printf_percent_end.o)
    0x0000049c   0x0000049c   0x00000002   Code   RO         2643    .ARM.Collect$$libinit$$00000000  c_p.l(libinit.o)
    0x0000049e   0x0000049e   0x00000000   Code   RO         2499    .ARM.Collect$$libinit$$00000002  c_p.l(libinit2.o)
    0x0000049e   0x0000049e   0x00000000   Code   RO         2501    .ARM.Collect$$libinit$$00000004  c_p.l(libinit2.o)
    0x0000049e   0x0000049e   0x00000000   Code   RO         2504    .ARM.Collect$$libinit$$0000000A  c_p.l(libinit2.o)
    0x0000049e   0x0000049e   0x00000000   Code   RO         2506    .ARM.Collect$$libinit$$0000000C  c_p.l(libinit2.o)
    0x0000049e   0x0000049e   0x00000000   Code   RO         2508    .ARM.Collect$$libinit$$0000000E  c_p.l(libinit2.o)
    0x0000049e   0x0000049e   0x00000000   Code   RO         2511    .ARM.Collect$$libinit$$00000011  c_p.l(libinit2.o)
    0x0000049e   0x0000049e   0x00000000   Code   RO         2513    .ARM.Collect$$libinit$$00000013  c_p.l(libinit2.o)
    0x0000049e   0x0000049e   0x00000000   Code   RO         2515    .ARM.Collect$$libinit$$00000015  c_p.l(libinit2.o)
    0x0000049e   0x0000049e   0x00000000   Code   RO         2517    .ARM.Collect$$libinit$$00000017  c_p.l(libinit2.o)
    0x0000049e   0x0000049e   0x00000000   Code   RO         2519    .ARM.Collect$$libinit$$00000019  c_p.l(libinit2.o)
    0x0000049e   0x0000049e   0x00000000   Code   RO         2521    .ARM.Collect$$libinit$$0000001B  c_p.l(libinit2.o)
    0x0000049e   0x0000049e   0x00000000   Code   RO         2523    .ARM.Collect$$libinit$$0000001D  c_p.l(libinit2.o)
    0x0000049e   0x0000049e   0x00000000   Code   RO         2525    .ARM.Collect$$libinit$$0000001F  c_p.l(libinit2.o)
    0x0000049e   0x0000049e   0x00000000   Code   RO         2527    .ARM.Collect$$libinit$$00000021  c_p.l(libinit2.o)
    0x0000049e   0x0000049e   0x00000000   Code   RO         2529    .ARM.Collect$$libinit$$00000023  c_p.l(libinit2.o)
    0x0000049e   0x0000049e   0x00000000   Code   RO         2531    .ARM.Collect$$libinit$$00000025  c_p.l(libinit2.o)
    0x0000049e   0x0000049e   0x00000000   Code   RO         2535    .ARM.Collect$$libinit$$0000002C  c_p.l(libinit2.o)
    0x0000049e   0x0000049e   0x00000000   Code   RO         2537    .ARM.Collect$$libinit$$0000002E  c_p.l(libinit2.o)
    0x0000049e   0x0000049e   0x00000000   Code   RO         2539    .ARM.Collect$$libinit$$00000030  c_p.l(libinit2.o)
    0x0000049e   0x0000049e   0x00000000   Code   RO         2541    .ARM.Collect$$libinit$$00000032  c_p.l(libinit2.o)
    0x0000049e   0x0000049e   0x00000002   Code   RO         2542    .ARM.Collect$$libinit$$00000033  c_p.l(libinit2.o)
    0x000004a0   0x000004a0   0x00000002   Code   RO         2710    .ARM.Collect$$libshutdown$$00000000  c_p.l(libshutdown.o)
    0x000004a2   0x000004a2   0x00000000   Code   RO         2666    .ARM.Collect$$libshutdown$$00000002  c_p.l(libshutdown2.o)
    0x000004a2   0x000004a2   0x00000000   Code   RO         2668    .ARM.Collect$$libshutdown$$00000004  c_p.l(libshutdown2.o)
    0x000004a2   0x000004a2   0x00000000   Code   RO         2670    .ARM.Collect$$libshutdown$$00000006  c_p.l(libshutdown2.o)
    0x000004a2   0x000004a2   0x00000000   Code   RO         2673    .ARM.Collect$$libshutdown$$00000009  c_p.l(libshutdown2.o)
    0x000004a2   0x000004a2   0x00000000   Code   RO         2676    .ARM.Collect$$libshutdown$$0000000C  c_p.l(libshutdown2.o)
    0x000004a2   0x000004a2   0x00000000   Code   RO         2678    .ARM.Collect$$libshutdown$$0000000E  c_p.l(libshutdown2.o)
    0x000004a2   0x000004a2   0x00000000   Code   RO         2681    .ARM.Collect$$libshutdown$$00000011  c_p.l(libshutdown2.o)
    0x000004a2   0x000004a2   0x00000002   Code   RO         2682    .ARM.Collect$$libshutdown$$00000012  c_p.l(libshutdown2.o)
    0x000004a4   0x000004a4   0x00000000   Code   RO         2455    .ARM.Collect$$rtentry$$00000000  c_p.l(__rtentry.o)
    0x000004a4   0x000004a4   0x00000000   Code   RO         2570    .ARM.Collect$$rtentry$$00000002  c_p.l(__rtentry2.o)
    0x000004a4   0x000004a4   0x00000004   Code   RO         2584    .ARM.Collect$$rtentry$$00000007  c_p.l(__rtentry7.o)
    0x000004a8   0x000004a8   0x00000000   Code   RO         2572    .ARM.Collect$$rtentry$$00000009  c_p.l(__rtentry2.o)
    0x000004a8   0x000004a8   0x00000004   Code   RO         2573    .ARM.Collect$$rtentry$$0000000A  c_p.l(__rtentry2.o)
    0x000004ac   0x000004ac   0x00000000   Code   RO         2575    .ARM.Collect$$rtentry$$0000000C  c_p.l(__rtentry2.o)
    0x000004ac   0x000004ac   0x00000008   Code   RO         2576    .ARM.Collect$$rtentry$$0000000D  c_p.l(__rtentry2.o)
    0x000004b4   0x000004b4   0x00000004   Code   RO         2585    .ARM.Collect$$rtentry$$00002718  c_p.l(__rtentry7.o)
    0x000004b8   0x000004b8   0x00000002   Code   RO         2649    .ARM.Collect$$rtexit$$00000000  c_p.l(rtexit.o)
    0x000004ba   0x000004ba   0x00000000   Code   RO         2686    .ARM.Collect$$rtexit$$00000002  c_p.l(rtexit2.o)
    0x000004ba   0x000004ba   0x00000004   Code   RO         2687    .ARM.Collect$$rtexit$$00000003  c_p.l(rtexit2.o)
    0x000004be   0x000004be   0x00000006   Code   RO         2688    .ARM.Collect$$rtexit$$00000004  c_p.l(rtexit2.o)
    0x000004c4   0x000004c4   0x0000009c   Code   RO         2268  * .text               startup_mkl46z4.o
    0x00000560   0x00000560   0x00000038   Code   RO         2388    .text               c_p.l(noretval__2snprintf.o)
    0x00000598   0x00000598   0x0000004e   Code   RO         2392    .text               c_p.l(_printf_pad.o)
    0x000005e6   0x000005e6   0x00000002   PAD
    0x000005e8   0x000005e8   0x0000006c   Code   RO         2394    .text               c_p.l(_printf_dec.o)
    0x00000654   0x00000654   0x0000010e   Code   RO         2404    .text               c_p.l(__printf_wp.o)
    0x00000762   0x00000762   0x00000002   PAD
    0x00000764   0x00000764   0x00000044   Code   RO         2418    .text               c_p.l(strlen.o)
    0x000007a8   0x000007a8   0x00000040   Code   RO         2424    .text               c_p.l(rt_memclr.o)
    0x000007e8   0x000007e8   0x0000015a   Code   RO         2426    .text               c_p.l(aeabi_sdiv.o)
    0x00000942   0x00000942   0x00000002   PAD
    0x00000944   0x00000944   0x00000358   Code   RO         2432    .text               fz_ps.l(daddsub.o)
    0x00000c9c   0x00000c9c   0x00000448   Code   RO         2434    .text               fz_ps.l(ddiv.o)
    0x000010e4   0x000010e4   0x0000006c   Code   RO         2437    .text               fz_ps.l(dfixi.o)
    0x00001150   0x00001150   0x00000058   Code   RO         2439    .text               fz_ps.l(dflti.o)
    0x000011a8   0x000011a8   0x00000248   Code   RO         2441    .text               fz_ps.l(dmul.o)
    0x000013f0   0x000013f0   0x000000b0   Code   RO         2485    .text               c_p.l(_printf_intcommon.o)
    0x000014a0   0x000014a0   0x00000030   Code   RO         2487    .text               c_p.l(_printf_char_common.o)
    0x000014d0   0x000014d0   0x0000000a   Code   RO         2489    .text               c_p.l(_sputc.o)
    0x000014da   0x000014da   0x00000010   Code   RO         2491    .text               c_p.l(_snputc.o)
    0x000014ea   0x000014ea   0x00000028   Code   RO         2494    .text               c_p.l(rtudiv10.o)
    0x00001512   0x00001512   0x00000002   PAD
    0x00001514   0x00001514   0x00000060   Code   RO         2543    .text               fz_ps.l(dscalbn.o)
    0x00001574   0x00001574   0x00000002   Code   RO         2614    .text               c_p.l(use_no_semi.o)
    0x00001576   0x00001576   0x00000000   Code   RO         2616    .text               c_p.l(indicate_semi.o)
    0x00001576   0x00001576   0x00000010   Code   RO         2624    .text               c_p.l(exit.o)
    0x00001586   0x00001586   0x00000002   PAD
    0x00001588   0x00001588   0x0000000c   Code   RO         2644    .text               c_p.l(sys_exit.o)
    0x00001594   0x00001594   0x0000006c   Code   RO          335    i.BOARD_BootClockRUN  clock_config.o
    0x00001600   0x00001600   0x0000003c   Code   RO          295    i.BOARD_InitDebugConsole  board.o
    0x0000163c   0x0000163c   0x00000048   Code   RO          401    i.BOARD_InitPins    pin_mux.o
    0x00001684   0x00001684   0x0000005c   Code   RO          445    i.CLOCK_BootToPeeMode  fsl_clock.o
    0x000016e0   0x000016e0   0x0000001c   Code   RO          338    i.CLOCK_CONFIG_SetFllExtRefDiv  clock_config.o
    0x000016fc   0x000016fc   0x00000068   Code   RO          449    i.CLOCK_EnablePll0  fsl_clock.o
    0x00001764   0x00001764   0x00000074   Code   RO          458    i.CLOCK_GetFllExtRefClkFreq  fsl_clock.o
    0x000017d8   0x000017d8   0x00000058   Code   RO          459    i.CLOCK_GetFllFreq  fsl_clock.o
    0x00001830   0x00001830   0x00000024   Code   RO          460    i.CLOCK_GetFllRefClkFreq  fsl_clock.o
    0x00001854   0x00001854   0x00000030   Code   RO          464    i.CLOCK_GetMcgExtClkFreq  fsl_clock.o
    0x00001884   0x00001884   0x00000024   Code   RO          467    i.CLOCK_GetOscRangeFromFreq  fsl_clock.o
    0x000018a8   0x000018a8   0x00000060   Code   RO          470    i.CLOCK_GetPll0Freq  fsl_clock.o
    0x00001908   0x00001908   0x00000008   Code   RO          471    i.CLOCK_GetPll0RefFreq  fsl_clock.o
    0x00001910   0x00001910   0x00000038   Code   RO          472    i.CLOCK_GetPllFllSelClkFreq  fsl_clock.o
    0x00001948   0x00001948   0x00000078   Code   RO          474    i.CLOCK_InitOsc0    fsl_clock.o
    0x000019c0   0x000019c0   0x00000006   Code   RO          478    i.CLOCK_SetExternalRefClkConfig  fsl_clock.o
    0x000019c6   0x000019c6   0x00000002   PAD
    0x000019c8   0x000019c8   0x000000ac   Code   RO          483    i.CLOCK_SetInternalRefClkConfig  fsl_clock.o
    0x00001a74   0x00001a74   0x00000090   Code   RO          486    i.CLOCK_SetPbeMode  fsl_clock.o
    0x00001b04   0x00001b04   0x00000050   Code   RO          489    i.CLOCK_SetSimConfig  fsl_clock.o
    0x00001b54   0x00001b54   0x000000c4   Code   RO         2229    i.ConvertRadixNumToString  fsl_str.o
    0x00001c18   0x00001c18   0x00000058   Code   RO         2015    i.DbgConsole_Init   fsl_debug_console.o
    0x00001c70   0x00001c70   0x00000044   Code   RO         2016    i.DbgConsole_Printf  fsl_debug_console.o
    0x00001cb4   0x00001cb4   0x0000003a   Code   RO         2018    i.DbgConsole_RelocateLog  fsl_debug_console.o
    0x00001cee   0x00001cee   0x00000002   PAD
    0x00001cf0   0x00001cf0   0x00000018   Code   RO         1219    i.I2C0_DriverIRQHandler  fsl_i2c.o
    0x00001d08   0x00001d08   0x00000074   Code   RO          196    i.I2C0_Init         i2c.o
    0x00001d7c   0x00001d7c   0x00000018   Code   RO         1220    i.I2C1_DriverIRQHandler  fsl_i2c.o
    0x00001d94   0x00001d94   0x0000017c   Code   RO          197    i.I2C_MultipleByteRead  i2c.o
    0x00001f10   0x00001f10   0x000000c0   Code   RO          198    i.I2C_MultipleByteWrite  i2c.o
    0x00001fd0   0x00001fd0   0x00000124   Code   RO          199    i.I2C_SingleByteRead  i2c.o
    0x000020f4   0x000020f4   0x00000040   Code   RO         1256    i.I2C_TransferCommonIRQHandler  fsl_i2c.o
    0x00002134   0x00002134   0x000000f8   Code   RO         2109    i.IO_Init           fsl_io.o
    0x0000222c   0x0000222c   0x00000070   Code   RO         2110    i.IO_Transfer       fsl_io.o
    0x0000229c   0x0000229c   0x00000070   Code   RO           75    i.LED_Init          main.o
    0x0000230c   0x0000230c   0x0000001e   Code   RO         2162    i.LOG_Init          fsl_log.o
    0x0000232a   0x0000232a   0x0000002a   Code   RO         2163    i.LOG_Pop           fsl_log.o
    0x00002354   0x00002354   0x00000034   Code   RO         2164    i.LOG_Push          fsl_log.o
    0x00002388   0x00002388   0x00000060   Code   RO         1484    i.LPSCI_ClearStatusFlags  fsl_lpsci.o
    0x000023e8   0x000023e8   0x00000038   Code   RO         1488    i.LPSCI_GetDefaultConfig  fsl_lpsci.o
    0x00002420   0x00002420   0x0000005c   Code   RO         1490    i.LPSCI_GetInstance  fsl_lpsci.o
    0x0000247c   0x0000247c   0x0000000e   Code   RO         1491    i.LPSCI_GetStatusFlags  fsl_lpsci.o
    0x0000248a   0x0000248a   0x00000002   PAD
    0x0000248c   0x0000248c   0x000001b0   Code   RO         1492    i.LPSCI_Init        fsl_lpsci.o
    0x0000263c   0x0000263c   0x000000a8   Code   RO         1493    i.LPSCI_ReadBlocking  fsl_lpsci.o
    0x000026e4   0x000026e4   0x00000048   Code   RO         1509    i.LPSCI_WriteBlocking  fsl_lpsci.o
    0x0000272c   0x0000272c   0x000000b4   Code   RO          253    i.Magnetometer_Acq  mag.o
    0x000027e0   0x000027e0   0x00000038   Code   RO          254    i.Magnetometer_Cal  mag.o
    0x00002818   0x00002818   0x00000048   Code   RO          255    i.Magnetometer_Init  mag.o
    0x00002860   0x00002860   0x00000160   Code   RO          256    i.Magnetometer_Run  mag.o
    0x000029c0   0x000029c0   0x00000050   Code   RO           76    i.PORTC_PORTD_IRQHandler  main.o
    0x00002a10   0x00002a10   0x0000001c   Code   RO          402    i.PORT_SetPinMux    pin_mux.o
    0x00002a2c   0x00002a2c   0x00000090   Code   RO            5    i.SLCD_EnablePins   slcd.o
    0x00002abc   0x00002abc   0x00000064   Code   RO            6    i.SLCD_Init         slcd.o
    0x00002b20   0x00002b20   0x00000080   Code   RO            7    i.SLCD_WriteChar    slcd.o
    0x00002ba0   0x00002ba0   0x00000040   Code   RO            8    i.SLCD_WriteMsg     slcd.o
    0x00002be0   0x00002be0   0x00000048   Code   RO           77    i.SWITCH_Init       main.o
    0x00002c28   0x00002c28   0x00000232   Code   RO         2231    i.StrFormatPrintf   fsl_str.o
    0x00002e5a   0x00002e5a   0x00000002   PAD
    0x00002e5c   0x00002e5c   0x00000014   Code   RO         2275    i.SystemInit        system_mkl46z4.o
    0x00002e70   0x00002e70   0x00000002   Code   RO         2276    i.SystemInitHook    system_mkl46z4.o
    0x00002e72   0x00002e72   0x00000002   PAD
    0x00002e74   0x00002e74   0x000000dc   Code   RO           78    i.TIMER_Init        main.o
    0x00002f50   0x00002f50   0x0000001c   Code   RO           79    i.TPM0_IRQHandler   main.o
    0x00002f6c   0x00002f6c   0x0000001c   Code   RO         1511    i.UART0_DriverIRQHandler  fsl_lpsci.o
    0x00002f88   0x00002f88   0x0000001c   Code   RO         1784    i.UART1_DriverIRQHandler  fsl_uart.o
    0x00002fa4   0x00002fa4   0x0000001c   Code   RO         1786    i.UART2_DriverIRQHandler  fsl_uart.o
    0x00002fc0   0x00002fc0   0x00000038   Code   RO         1792    i.UART_GetDefaultConfig  fsl_uart.o
    0x00002ff8   0x00002ff8   0x00000058   Code   RO         1794    i.UART_GetInstance  fsl_uart.o
    0x00003050   0x00003050   0x0000000e   Code   RO         1795    i.UART_GetStatusFlags  fsl_uart.o
    0x0000305e   0x0000305e   0x00000002   PAD
    0x00003060   0x00003060   0x0000014c   Code   RO         1796    i.UART_Init         fsl_uart.o
    0x000031ac   0x000031ac   0x0000008c   Code   RO         1797    i.UART_ReadBlocking  fsl_uart.o
    0x00003238   0x00003238   0x00000020   Code   RO         1813    i.UART_WriteBlocking  fsl_uart.o
    0x00003258   0x00003258   0x0000001c   Code   RO          748    i.__ARM_common_switch8  fsl_clock.o
    0x00003274   0x00003274   0x0000002c   Code   RO         2560    i.__ARM_fpclassify  m_ps.l(fpclassify.o)
    0x000032a0   0x000032a0   0x00000020   Code   RO           80    i.__NVIC_EnableIRQ  main.o
    0x000032c0   0x000032c0   0x00000078   Code   RO           81    i.__NVIC_SetPriority  main.o
    0x00003338   0x00003338   0x00000044   Code   RO         1989    i.__aeabi_assert    fsl_assert.o
    0x0000337c   0x0000337c   0x000000ac   Code   RO         2562    i.__kernel_poly     m_ps.l(poly.o)
    0x00003428   0x00003428   0x0000000a   Code   RO         2547    i.__mathlib_dbl_infnan  m_ps.l(dunder.o)
    0x00003432   0x00003432   0x00000002   PAD
    0x00003434   0x00003434   0x00000014   Code   RO         2552    i.__mathlib_dbl_underflow  m_ps.l(dunder.o)
    0x00003448   0x00003448   0x0000000e   Code   RO         2406    i._is_digit         c_p.l(__printf_wp.o)
    0x00003456   0x00003456   0x00000002   PAD
    0x00003458   0x00003458   0x0000021c   Code   RO         2444    i.atan              m_ps.l(atan.o)
    0x00003674   0x00003674   0x00000010   Code   RO          201    i.delay             i2c.o
    0x00003684   0x00003684   0x000002ac   Code   RO           82    i.main              main.o
    0x00003930   0x00003930   0x00000000   Code   RO         2545    x$fpl$usenofp       fz_ps.l(usenofp.o)
    0x00003930   0x00003930   0x000000ee   Data   RO            9    .constdata          slcd.o
    0x00003a1e   0x00003a1e   0x00000002   PAD
    0x00003a20   0x00003a20   0x00000038   Data   RO          339    .constdata          clock_config.o
    0x00003a58   0x00003a58   0x00000060   Data   RO          491    .constdata          fsl_clock.o
    0x00003ab8   0x00003ab8   0x0000000c   Data   RO         1512    .constdata          fsl_lpsci.o
    0x00003ac4   0x00003ac4   0x0000001c   Data   RO         1816    .constdata          fsl_uart.o
    0x00003ae0   0x00003ae0   0x00000080   Data   RO         2435    .constdata          fz_ps.l(ddiv.o)
    0x00003b60   0x00003b60   0x00000098   Data   RO         2445    .constdata          m_ps.l(atan.o)
    0x00003bf8   0x00003bf8   0x00000052   Data   RO          492    .conststring        fsl_clock.o
    0x00003c4a   0x00003c4a   0x00000002   PAD
    0x00003c4c   0x00003c4c   0x00000052   Data   RO         1513    .conststring        fsl_lpsci.o
    0x00003c9e   0x00003c9e   0x00000002   PAD
    0x00003ca0   0x00003ca0   0x00000051   Data   RO         1817    .conststring        fsl_uart.o
    0x00003cf1   0x00003cf1   0x00000003   PAD
    0x00003cf4   0x00003cf4   0x0000005c   Data   RO         2022    .conststring        fsl_debug_console.o
    0x00003d50   0x00003d50   0x00000054   Data   RO         2112    .conststring        fsl_io.o
    0x00003da4   0x00003da4   0x00000056   Data   RO         2169    .conststring        fsl_log.o
    0x00003dfa   0x00003dfa   0x00000002   PAD
    0x00003dfc   0x00003dfc   0x00000020   Data   RO         2711    Region$$Table       anon$$obj.o


    Execution Region RW_m_data (Exec base: 0x1fffe000, Load base: 0x00003e1c, Size: 0x000000b4, Max: 0x00007800, ABSOLUTE)

    Exec Addr    Load Addr    Size         Type   Attr      Idx    E Section Name        Object

    0x1fffe000   0x00003e1c   0x00000001   Data   RW           10    .data               slcd.o
    0x1fffe001   0x00003e1d   0x00000003   PAD
    0x1fffe004   0x00003e20   0x0000006c   Data   RW           83    .data               main.o
    0x1fffe070   0x00003e8c   0x00000010   Data   RW          493    .data               fsl_clock.o
    0x1fffe080   0x00003e9c   0x00000010   Data   RW         1259    .data               fsl_i2c.o
    0x1fffe090   0x00003eac   0x00000008   Data   RW         1514    .data               fsl_lpsci.o
    0x1fffe098   0x00003eb4   0x00000004   Data   RW         1818    .data               fsl_uart.o
    0x1fffe09c   0x00003eb8   0x00000008   Data   RW         2113    .data               fsl_io.o
    0x1fffe0a4   0x00003ec0   0x00000004   Data   RW         2277    .data               system_mkl46z4.o
    0x1fffe0a8        -       0x0000000c   Zero   RW         1815    .bss                fsl_uart.o


    Execution Region ARM_LIB_HEAP (Exec base: 0x1fffe0b4, Load base: 0x00003ec4, Size: 0x00000400, Max: 0x00000400, ABSOLUTE)

    Exec Addr    Load Addr    Size         Type   Attr      Idx    E Section Name        Object

    0x1fffe0b4        -       0x00000400   Zero   RW            1    ARM_LIB_HEAP.bss    anon$$obj.o


    Execution Region ARM_LIB_STACK (Exec base: 0x20005c00, Load base: 0x00003ec4, Size: 0x00000400, Max: 0x00000400, ABSOLUTE)

    Exec Addr    Load Addr    Size         Type   Attr      Idx    E Section Name        Object

    0x20005c00        -       0x00000400   Zero   RW            2    ARM_LIB_STACK.bss   anon$$obj.o


==============================================================================

Image component sizes


      Code (inc. data)   RO Data    RW Data    ZI Data      Debug   Object Name

        60          8          0          0          0       7220   board.o
       136         40         56          0          0       8687   clock_config.o
        68         44          0          0          0        653   fsl_assert.o
      1230        176        178         16          0      24375   fsl_clock.o
       214         54         92          0          0       3838   fsl_debug_console.o
       112         30          0         16          0      16096   fsl_i2c.o
       360         26         84          8          0       9492   fsl_io.o
       124         18         86          0          0       3664   fsl_log.o
       958        156         94          8          0      14246   fsl_lpsci.o
       758          0          0          0          0       3294   fsl_str.o
       718        146        109          4         12       9528   fsl_uart.o
       996         28          0          0          0       3068   i2c.o
       660         80          0          0          0       2253   mag.o
      1348        202          0        108          0      18873   main.o
       100         16          0          0          0       9392   pin_mux.o
       436         56        238          1          0     282905   slcd.o
       156         70        208          0          0       1168   startup_mkl46z4.o
        22          6          0          4          0       1128   system_mkl46z4.o

    ----------------------------------------------------------------------
      8468       1156       1188        168       2060     419880   Object Totals
         0          0         32          0       2048          0   (incl. Generated)
        12          0         11          3          0          0   (incl. Padding)

    ----------------------------------------------------------------------

      Code (inc. data)   RO Data    RW Data    ZI Data      Debug   Library Member Name

         8          0          0          0          0         68   __main.o
       284          0          0          0          0        136   __printf_wp.o
         0          0          0          0          0          0   __rtentry.o
        12          0          0          0          0          0   __rtentry2.o
         8          4          0          0          0          0   __rtentry7.o
        60          8          0          0          0          0   __scatter.o
        26          0          0          0          0          0   __scatter_copy.o
        28          0          0          0          0          0   __scatter_zi.o
        48          6          0          0          0         88   _printf_char_common.o
        10          0          0          0          0          0   _printf_d.o
       108         18          0          0          0         76   _printf_dec.o
       176          0          0          0          0         84   _printf_intcommon.o
        78          0          0          0          0        100   _printf_pad.o
         2          0          0          0          0          0   _printf_percent.o
         4          0          0          0          0          0   _printf_percent_end.o
        16          0          0          0          0         60   _snputc.o
        10          0          0          0          0         60   _sputc.o
       346          0          0          0          0         92   aeabi_sdiv.o
        16          0          0          0          0         68   exit.o
         0          0          0          0          0          0   indicate_semi.o
         2          0          0          0          0          0   libinit.o
         2          0          0          0          0          0   libinit2.o
         2          0          0          0          0          0   libshutdown.o
         2          0          0          0          0          0   libshutdown2.o
        56          6          0          0          0         84   noretval__2snprintf.o
        64          0          0          0          0        108   rt_memclr.o
         2          0          0          0          0          0   rtexit.o
        10          0          0          0          0          0   rtexit2.o
        40          0          0          0          0         60   rtudiv10.o
        68          6          0          0          0         72   strlen.o
        12          4          0          0          0         60   sys_exit.o
         2          0          0          0          0         68   use_no_semi.o
       856         20          0          0          0        208   daddsub.o
      1096         26        128          0          0        112   ddiv.o
       108         10          0          0          0         72   dfixi.o
        88          0          0          0          0         92   dflti.o
       584         26          0          0          0         84   dmul.o
        96         12          0          0          0         72   dscalbn.o
         0          0          0          0          0          0   usenofp.o
       540         68        152          0          0        112   atan.o
        30          6          0          0          0        136   dunder.o
        44          4          0          0          0         60   fpclassify.o
       172          0          0          0          0         76   poly.o

    ----------------------------------------------------------------------
      5132        224        280          0          0       2308   Library Totals
        16          0          0          0          0          0   (incl. Padding)

    ----------------------------------------------------------------------

      Code (inc. data)   RO Data    RW Data    ZI Data      Debug   Library Name

      1502         52          0          0          0       1284   c_p.l
      2828         94        128          0          0        640   fz_ps.l
       786         78        152          0          0        384   m_ps.l

    ----------------------------------------------------------------------
      5132        224        280          0          0       2308   Library Totals

    ----------------------------------------------------------------------

==============================================================================


      Code (inc. data)   RO Data    RW Data    ZI Data      Debug   

     13600       1380       1468        168       2060     417968   Grand Totals
     13600       1380       1468        168       2060     417968   ELF Image Totals
     13600       1380       1468        168          0          0   ROM Totals

==============================================================================

    Total RO  Size (Code + RO Data)                15068 (  14.71kB)
    Total RW  Size (RW Data + ZI Data)              2228 (   2.18kB)
    Total ROM Size (Code + RO Data + RW Data)      15236 (  14.88kB)

==============================================================================

